10-03 10:25:27.660   537   537 D CompatibilityChangeReporter: Compat change id reported: 135549675; UID 10128; state: DISABLED
10-03 10:25:27.666   537   537 D CompatibilityChangeReporter: Compat change id reported: 135549675; UID 10134; state: DISABLED
10-03 10:25:27.668   537   537 D CompatibilityChangeReporter: Compat change id reported: 135549675; UID 10131; state: ENABLED
10-03 10:25:27.670   537   537 D CompatibilityChangeReporter: Compat change id reported: 135549675; UID 10135; state: DISABLED
10-03 10:25:27.672   537   537 D CompatibilityChangeReporter: Compat change id reported: 135549675; UID 10136; state: DISABLED
10-03 10:25:27.675   537   537 D CompatibilityChangeReporter: Compat change id reported: 135549675; UID 10139; state: ENABLED
10-03 10:25:27.677   537   537 D CompatibilityChangeReporter: Compat change id reported: 135549675; UID 10133; state: ENABLED
10-03 10:25:27.681   537   537 D CompatibilityChangeReporter: Compat change id reported: 135549675; UID 10138; state: DISABLED
10-03 10:25:27.684   537   537 D CompatibilityChangeReporter: Compat change id reported: 135549675; UID 10137; state: DISABLED
10-03 10:25:27.686   537   537 D CompatibilityChangeReporter: Compat change id reported: 135549675; UID 10146; state: DISABLED
10-03 10:25:27.688   537   537 D CompatibilityChangeReporter: Compat change id reported: 135549675; UID 10140; state: DISABLED
10-03 10:25:27.690   537   537 D CompatibilityChangeReporter: Compat change id reported: 135549675; UID 10143; state: DISABLED
10-03 10:25:27.692   537   537 D CompatibilityChangeReporter: Compat change id reported: 135549675; UID 10144; state: ENABLED
10-03 10:25:27.695   537   537 D CompatibilityChangeReporter: Compat change id reported: 135549675; UID 10145; state: DISABLED
10-03 10:25:27.700   537   537 D CompatibilityChangeReporter: Compat change id reported: 135549675; UID 10142; state: ENABLED
10-03 10:25:27.702   537   537 D CompatibilityChangeReporter: Compat change id reported: 135549675; UID 10141; state: ENABLED
10-03 10:25:27.704   537   537 D CompatibilityChangeReporter: Compat change id reported: 135549675; UID 10147; state: DISABLED
10-03 10:25:27.707   537   537 D CompatibilityChangeReporter: Compat change id reported: 135549675; UID 10148; state: ENABLED
10-03 10:25:27.713   537   537 D CompatibilityChangeReporter: Compat change id reported: 135549675; UID 10151; state: ENABLED
10-03 10:25:27.716   537   537 D CompatibilityChangeReporter: Compat change id reported: 135549675; UID 10149; state: ENABLED
10-03 10:25:27.717   537   537 W PackageManager: Skipping provider name com.android.car.ui.CarUiInstaller (in package com.google.android.gsf): name already used by com.android.managedprovisioning
10-03 10:25:27.719   537   537 D CompatibilityChangeReporter: Compat change id reported: 135549675; UID 10152; state: ENABLED
10-03 10:25:27.723   537   537 D CompatibilityChangeReporter: Compat change id reported: 135549675; UID 10150; state: DISABLED
10-03 10:25:27.725   537   537 D CompatibilityChangeReporter: Compat change id reported: 135549675; UID 10154; state: ENABLED
10-03 10:25:27.727   537   537 D CompatibilityChangeReporter: Compat change id reported: 135549675; UID 10153; state: ENABLED
10-03 10:25:27.733   537   537 D CompatibilityChangeReporter: Compat change id reported: 135549675; UID 10155; state: ENABLED
10-03 10:25:27.736   537   537 D CompatibilityChangeReporter: Compat change id reported: 135549675; UID 10157; state: DISABLED
10-03 10:25:27.738   537   537 D CompatibilityChangeReporter: Compat change id reported: 135549675; UID 10156; state: ENABLED
10-03 10:25:27.740   537   537 D CompatibilityChangeReporter: Compat change id reported: 135549675; UID 10158; state: ENABLED
10-03 10:25:27.743   537   537 D CompatibilityChangeReporter: Compat change id reported: 135549675; UID 10159; state: ENABLED
10-03 10:25:27.747   537   537 D CompatibilityChangeReporter: Compat change id reported: 135549675; UID 1073; state: DISABLED
10-03 10:25:27.752   537   537 D CompatibilityChangeReporter: Compat change id reported: 135549675; UID 10165; state: DISABLED
10-03 10:25:27.756   537   537 D CompatibilityChangeReporter: Compat change id reported: 135549675; UID 10160; state: ENABLED
10-03 10:25:27.765   537   537 D CompatibilityChangeReporter: Compat change id reported: 135549675; UID 10163; state: DISABLED
10-03 10:25:27.769   537   537 D CompatibilityChangeReporter: Compat change id reported: 135549675; UID 10164; state: DISABLED
10-03 10:25:27.773   537   537 D CompatibilityChangeReporter: Compat change id reported: 135549675; UID 10161; state: ENABLED
10-03 10:25:27.779   537   537 D CompatibilityChangeReporter: Compat change id reported: 135549675; UID 10162; state: ENABLED
10-03 10:25:27.786   537   537 D CompatibilityChangeReporter: Compat change id reported: 135549675; UID 10167; state: ENABLED
10-03 10:25:27.791   537   537 D CompatibilityChangeReporter: Compat change id reported: 135549675; UID 10166; state: ENABLED
10-03 10:25:27.802   537   537 I PackageManager: Finished scanning system apps. Time: 411 ms, packageCount: 202 , timePerPackage: 2 , cached: 224
10-03 10:25:27.807   537   537 W android.permission.PermissionManager: Missing ActivityManager; assuming 1000 holds android.permission.READ_COMPAT_CHANGE_CONFIG
10-03 10:25:27.807   537   537 W android.permission.PermissionManager: Missing ActivityManager; assuming 1000 holds android.permission.LOG_COMPAT_CHANGE
10-03 10:25:27.808   537   537 D CompatibilityChangeReporter: Compat change id reported: 133396946; UID -1; state: ENABLED
10-03 10:25:27.810   537   537 D CompatibilityChangeReporter: Compat change id reported: 135549675; UID 10171; state: ENABLED
10-03 10:25:27.812   537   537 W android.permission.PermissionManager: Missing ActivityManager; assuming 1000 holds android.permission.READ_COMPAT_CHANGE_CONFIG
10-03 10:25:27.812   537   537 W android.permission.PermissionManager: Missing ActivityManager; assuming 1000 holds android.permission.LOG_COMPAT_CHANGE
10-03 10:25:27.812   537   537 D CompatibilityChangeReporter: Compat change id reported: 133396946; UID -1; state: DISABLED
10-03 10:25:27.814   537   537 D CompatibilityChangeReporter: Compat change id reported: 135549675; UID 10173; state: DISABLED
10-03 10:25:27.816   537   537 W android.permission.PermissionManager: Missing ActivityManager; assuming 1000 holds android.permission.READ_COMPAT_CHANGE_CONFIG
10-03 10:25:27.816   537   537 W android.permission.PermissionManager: Missing ActivityManager; assuming 1000 holds android.permission.LOG_COMPAT_CHANGE
10-03 10:25:27.818   537   537 D CompatibilityChangeReporter: Compat change id reported: 135549675; UID 10172; state: ENABLED
10-03 10:25:27.819   537   537 W android.permission.PermissionManager: Missing ActivityManager; assuming 1000 holds android.permission.READ_COMPAT_CHANGE_CONFIG
10-03 10:25:27.820   537   537 W android.permission.PermissionManager: Missing ActivityManager; assuming 1000 holds android.permission.LOG_COMPAT_CHANGE
10-03 10:25:27.821   537   537 D CompatibilityChangeReporter: Compat change id reported: 135549675; UID 10179; state: ENABLED
10-03 10:25:27.825   537   537 W android.permission.PermissionManager: Missing ActivityManager; assuming 1000 holds android.permission.READ_COMPAT_CHANGE_CONFIG
10-03 10:25:27.826   537   537 W android.permission.PermissionManager: Missing ActivityManager; assuming 1000 holds android.permission.LOG_COMPAT_CHANGE
10-03 10:25:27.827   537   537 D CompatibilityChangeReporter: Compat change id reported: 135549675; UID 10175; state: ENABLED
10-03 10:25:27.828   537   537 W android.permission.PermissionManager: Missing ActivityManager; assuming 1000 holds android.permission.READ_COMPAT_CHANGE_CONFIG
10-03 10:25:27.828   537   537 W android.permission.PermissionManager: Missing ActivityManager; assuming 1000 holds android.permission.LOG_COMPAT_CHANGE
10-03 10:25:27.829   537   537 D CompatibilityChangeReporter: Compat change id reported: 135549675; UID 10176; state: ENABLED
10-03 10:25:27.831   537   537 W android.permission.PermissionManager: Missing ActivityManager; assuming 1000 holds android.permission.READ_COMPAT_CHANGE_CONFIG
10-03 10:25:27.831   537   537 W android.permission.PermissionManager: Missing ActivityManager; assuming 1000 holds android.permission.LOG_COMPAT_CHANGE
10-03 10:25:27.832   537   537 D CompatibilityChangeReporter: Compat change id reported: 135549675; UID 10174; state: ENABLED
10-03 10:25:27.833   537   537 W android.permission.PermissionManager: Missing ActivityManager; assuming 1000 holds android.permission.READ_COMPAT_CHANGE_CONFIG
10-03 10:25:27.833   537   537 W android.permission.PermissionManager: Missing ActivityManager; assuming 1000 holds android.permission.LOG_COMPAT_CHANGE
10-03 10:25:27.834   537   537 D CompatibilityChangeReporter: Compat change id reported: 135549675; UID 10170; state: ENABLED
10-03 10:25:27.839   537   537 W android.permission.PermissionManager: Missing ActivityManager; assuming 1000 holds android.permission.READ_COMPAT_CHANGE_CONFIG
10-03 10:25:27.839   537   537 W android.permission.PermissionManager: Missing ActivityManager; assuming 1000 holds android.permission.LOG_COMPAT_CHANGE
10-03 10:25:27.840   537   537 D CompatibilityChangeReporter: Compat change id reported: 135549675; UID 10178; state: DISABLED
10-03 10:25:27.841   537   537 W android.permission.PermissionManager: Missing ActivityManager; assuming 1000 holds android.permission.READ_COMPAT_CHANGE_CONFIG
10-03 10:25:27.841   537   537 W android.permission.PermissionManager: Missing ActivityManager; assuming 1000 holds android.permission.LOG_COMPAT_CHANGE
10-03 10:25:27.842   537   537 D CompatibilityChangeReporter: Compat change id reported: 135549675; UID 10168; state: ENABLED
10-03 10:25:27.842   537   537 I PackageManager: Finished scanning non-system apps. Time: 40 ms, packageCount: 10 , timePerPackage: 4 , cached: 8
10-03 10:25:27.845   537   537 E PackageManager: Shared lib without setting: SharedLibraryInfo{name:com.google.android.trichromelibrary, type:static, version:410410681}
10-03 10:25:27.848   537   537 E PackageManager: Shared lib without setting: SharedLibraryInfo{name:com.google.android.trichromelibrary, type:static, version:410410681}
10-03 10:25:27.850   537   537 I PackageManager: Time to scan packages: 0.459 seconds
10-03 10:25:27.850   537   537 I PackageManager: Permission ownership changed. Updating all permissions.
10-03 10:25:27.859   537   537 V PackageManager: reconcileAppsData for null u0 0x1 migrateAppData=true
10-03 10:25:27.899   537   537 V PackageManager: reconcileAppsData finished 22 packages
10-03 10:25:27.899   537   537 I PackageManagerTiming: write settings
10-03 10:25:27.899   537   590 I SystemServerTimingAsync: InitThreadPoolExec:prepareAppData
10-03 10:25:27.899   537   590 D SystemServerInitThreadPool: Started executing prepareAppData
10-03 10:25:27.927   537   537 D PackageManagerTiming: write settings took to complete: 28ms
10-03 10:25:27.930   537   537 V PackageManager: Ephemeral resolver found; pkg: com.google.android.gms, info:ResolveInfo{2f58ca5 com.google.android.gms/.chimera.PersistentBoundBrokerService m=0x108000}
10-03 10:25:27.930   537   537 D PackageManager: Set ephemeral resolver: Pair{ComponentInfo{com.google.android.gms/com.google.android.gms.chimera.PersistentBoundBrokerService} android.intent.action.RESOLVE_INSTANT_APP_PACKAGE}
10-03 10:25:27.930   537   537 D PackageManager: Instant App installer not found with android.intent.action.INSTALL_INSTANT_APP_PACKAGE
10-03 10:25:27.930   537   537 D PackageManager: Clear ephemeral installer activity
10-03 10:25:27.942   537   537 I PackageManagerTiming: GC
10-03 10:25:27.993   537   537 D PackageManagerTiming: GC took to complete: 51ms
10-03 10:25:27.993   537   537 D PackageManagerTiming: create package manager took to complete: 806ms
10-03 10:25:27.993   537   537 V UserManagerService: Checking that all system packages are whitelisted.
10-03 10:25:27.994   537   537 W UserManagerService: checkWhitelistedSystemPackages(mode=ENFORCE|IMPLICIT_WHITELIST|IMPLICIT_WHITELIST_SYSTEM) has 2 warnings:
10-03 10:25:27.994   537   537 W UserManagerService: com.android.wallpapercropper is whitelisted but not present.
10-03 10:25:27.994   537   537 W UserManagerService: com.android.wallpaperpicker is whitelisted but not present.
10-03 10:25:27.994   537   537 I Watchdog: Resuming HandlerChecker: main thread for reason: packagemanagermain. Pause count: 0
10-03 10:25:27.995   537   537 I SystemServerDexLoadReporter: Configuring system server dex reporter
10-03 10:25:27.996   537   537 D SystemServerTiming: StartPackageManagerService took to complete: 835ms
10-03 10:25:27.996   537   537 I SystemServerTiming: StartOtaDexOptService
10-03 10:25:27.996   537   537 I Watchdog: Pausing HandlerChecker: main thread for reason: moveab. Pause count: 1
10-03 10:25:27.997   537   537 D OTADexopt: No upgrade, skipping A/B artifacts check.
10-03 10:25:27.997   537   537 I Watchdog: Resuming HandlerChecker: main thread for reason: moveab. Pause count: 0
10-03 10:25:27.997   537   537 D SystemServerTiming: StartOtaDexOptService took to complete: 0ms
10-03 10:25:27.997   537   537 I SystemServerTiming: StartUserManagerService
10-03 10:25:27.997   537   537 I SystemServiceManager: Starting com.android.server.pm.UserManagerService$LifeCycle
10-03 10:25:27.997   537   537 D SystemServerTiming: StartUserManagerService took to complete: 1ms
10-03 10:25:27.997   537   537 I SystemServerTiming: InitAttributerCache
10-03 10:25:27.999   537   537 D SystemServerTiming: InitAttributerCache took to complete: 1ms
10-03 10:25:27.999   537   537 I SystemServerTiming: SetSystemProcess
10-03 10:25:28.005   537   568 I ActivityManager: Connection with lmkd established
10-03 10:25:28.008   537   552 E HistoricalRegistry: Interaction before persistence initialized
10-03 10:25:28.008   537   537 D SystemServerTiming: SetSystemProcess took to complete: 10ms
10-03 10:25:28.009   537   537 I SystemServerTiming: InitWatchdog
10-03 10:25:28.009   537   537 D SystemServerTiming: InitWatchdog took to complete: 1ms
10-03 10:25:28.015   537   552 E HistoricalRegistry: Interaction before persistence initialized
10-03 10:25:28.024   537   537 I SystemServerTiming: StartOverlayManagerService
10-03 10:25:28.025   426   595 I storaged: storaged: Start
10-03 10:25:28.302     0     0 I init    : Control message: Processed ctl.start for 'idmap2d' from pid: 537 (system_server)
10-03 10:25:28.131   537   590 D SystemServerTimingAsync: AppDataFixup took to complete: 232ms
10-03 10:25:28.242   537   590 D SystemServerTimingAsync: AppDataPrepare took to complete: 111ms
10-03 10:25:28.243   537   590 I PackageManager: Deferred reconcileAppsData finished 190 packages
10-03 10:25:28.243   537   590 D SystemServerInitThreadPool: Finished executing prepareAppData
10-03 10:25:28.243   537   590 D SystemServerTimingAsync: InitThreadPoolExec:prepareAppData took to complete: 343ms
10-03 10:25:28.245   537   537 D SystemServerTiming: StartOverlayManagerService took to complete: 221ms
10-03 10:25:28.245   537   537 I SystemServerTiming: StartSensorPrivacyService
10-03 10:25:28.246   537   537 D SystemServerTiming: StartSensorPrivacyService took to complete: 0ms
10-03 10:25:28.248   537   537 D SystemServerTiming: startBootstrapServices took to complete: 1538ms
10-03 10:25:28.248   537   537 I SystemServerTiming: startCoreServices
10-03 10:25:28.248   537   537 I SystemServerTiming: StartSystemConfigService
10-03 10:25:28.248   537   537 I SystemServiceManager: Starting com.android.server.SystemConfigService
10-03 10:25:28.249   537   600 I SystemServerTimingAsync: InitThreadPoolExec:StartSensorService
10-03 10:25:28.249   537   600 D SystemServerInitThreadPool: Started executing StartSensorService
10-03 10:25:28.249   537   600 I SystemServerTimingAsync: StartSensorService
10-03 10:25:28.249   537   537 D SystemServerTiming: StartSystemConfigService took to complete: 1ms
10-03 10:25:28.249   537   537 I SystemServerTiming: StartBatteryService
10-03 10:25:28.249   537   537 I SystemServiceManager: Starting com.android.server.BatteryService
10-03 10:25:28.523     0     0 W healthd : battery l=100 v=5000 t=25.0 h=2 st=4 c=900000 fc=300000 cc=10 chg=
10-03 10:25:28.259   537   600 E HistoricalRegistry: Interaction before persistence initialized
10-03 10:25:28.262   537   600 D SystemServerTimingAsync: StartSensorService took to complete: 12ms
10-03 10:25:28.262   537   600 D SystemServerInitThreadPool: Finished executing StartSensorService
10-03 10:25:28.262   537   600 D SystemServerTimingAsync: InitThreadPoolExec:StartSensorService took to complete: 12ms
10-03 10:25:28.262   537   572 I BatteryStatsImpl: Resetting battery stats: level=100 status=4 dischargeLevel=100 lowAmount=0 highAmount=0
10-03 10:25:28.268   537   537 I HealthServiceWrapper: health: HealthServiceWrapper listening to instance default
10-03 10:25:28.268   537   537 I BatteryService: health: Waited 0ms and received the update.
10-03 10:25:28.268   537   537 D SystemServerTiming: StartBatteryService took to complete: 19ms
10-03 10:25:28.268   537   537 I SystemServerTiming: StartUsageService
10-03 10:25:28.268   537   537 I SystemServiceManager: Starting com.android.server.usage.UsageStatsService
10-03 10:25:28.293   537   537 D SystemServerTiming: StartUsageService took to complete: 25ms
10-03 10:25:28.293   537   537 I SystemServerTiming: StartWebViewUpdateService
10-03 10:25:28.293   537   537 I SystemServiceManager: Starting com.android.server.webkit.WebViewUpdateService
10-03 10:25:28.298   537   537 D SystemServerTiming: StartWebViewUpdateService took to complete: 4ms
10-03 10:25:28.298   537   537 I SystemServerTiming: StartCachedDeviceStateService
10-03 10:25:28.298   537   537 I SystemServiceManager: Starting com.android.server.CachedDeviceStateService
10-03 10:25:28.298   537   537 D SystemServerTiming: StartCachedDeviceStateService took to complete: 0ms
10-03 10:25:28.298   537   537 I SystemServerTiming: StartBinderCallsStatsService
10-03 10:25:28.298   537   537 I SystemServiceManager: Starting com.android.server.BinderCallsStatsService$LifeCycle
10-03 10:25:28.298   537   537 D SystemServerTiming: StartBinderCallsStatsService took to complete: 0ms
10-03 10:25:28.298   537   537 I SystemServerTiming: StartLooperStatsService
10-03 10:25:28.298   537   537 I SystemServiceManager: Starting com.android.server.LooperStatsService$Lifecycle
10-03 10:25:28.300   537   537 D SystemServerTiming: StartLooperStatsService took to complete: 2ms
10-03 10:25:28.300   537   537 I SystemServerTiming: StartRollbackManagerService
10-03 10:25:28.300   537   537 I SystemServiceManager: Starting com.android.server.rollback.RollbackManagerService
10-03 10:25:28.302   537   537 I PackageWatchdog: Syncing state, reason: added new observer
10-03 10:25:28.302   537   537 I PackageWatchdog: Not pruning observers, elapsed time: 0ms
10-03 10:25:28.302   537   537 I PackageWatchdog: Cancelling state sync, nothing to sync
10-03 10:25:28.302   537   565 I PackageWatchdog: Saving observer state to file
10-03 10:25:28.304   537   537 D SystemServerTiming: StartRollbackManagerService took to complete: 4ms
10-03 10:25:28.304   537   537 I SystemServerTiming: StartBugreportManagerService
10-03 10:25:28.304   537   537 I SystemServiceManager: Starting com.android.server.os.BugreportManagerService
10-03 10:25:28.305   537   537 D SystemServerTiming: StartBugreportManagerService took to complete: 0ms
10-03 10:25:28.305   537   537 I SystemServerTiming: GpuService
10-03 10:25:28.305   537   537 I SystemServiceManager: Starting com.android.server.gpu.GpuService
10-03 10:25:28.305   537   537 D SystemServerTiming: GpuService took to complete: 0ms
10-03 10:25:28.305   537   537 D SystemServerTiming: startCoreServices took to complete: 56ms
10-03 10:25:28.305   537   537 I SystemServerTiming: startOtherServices
10-03 10:25:28.305   537   537 I SystemServerTiming: StartKeyAttestationApplicationIdProviderService
10-03 10:25:28.305   537   537 D SystemServerTiming: StartKeyAttestationApplicationIdProviderService took to complete: 0ms
10-03 10:25:28.305   537   537 I SystemServerTiming: StartKeyChainSystemService
10-03 10:25:28.305   537   609 I SystemServerTimingAsync: InitThreadPoolExec:SecondaryZygotePreload
10-03 10:25:28.305   537   609 D SystemServerInitThreadPool: Started executing SecondaryZygotePreload
10-03 10:25:28.305   537   537 I SystemServiceManager: Starting com.android.server.security.KeyChainSystemService
10-03 10:25:28.305   537   609 I SystemServer: SecondaryZygotePreload
10-03 10:25:28.305   537   609 I SystemServerTimingAsync: SecondaryZygotePreload
10-03 10:25:28.305   537   537 D SystemServerTiming: StartKeyChainSystemService took to complete: 0ms
10-03 10:25:28.305   537   537 I SystemServerTiming: StartSchedulingPolicyService
10-03 10:25:28.305   537   564 I SystemServerTimingAsync: InitThreadPoolExec:SchedulingPolicyService.<init>
10-03 10:25:28.305   537   564 D SystemServerInitThreadPool: Started executing SchedulingPolicyService.<init>
10-03 10:25:28.306   537   537 D SystemServerTiming: StartSchedulingPolicyService took to complete: 0ms
10-03 10:25:28.306   537   537 I SystemServerTiming: StartTelecomLoaderService
10-03 10:25:28.306   537   537 I SystemServiceManager: Starting com.android.server.telecom.TelecomLoaderService
10-03 10:25:28.306   537   537 D SystemServerTiming: StartTelecomLoaderService took to complete: 1ms
10-03 10:25:28.306   537   537 I SystemServerTiming: StartTelephonyRegistry
10-03 10:25:28.306   537   609 E SystemServer: Unable to preload default resources
10-03 10:25:28.306   537   609 D SystemServerTimingAsync: SecondaryZygotePreload took to complete: 1ms
10-03 10:25:28.306   537   609 D SystemServerInitThreadPool: Finished executing SecondaryZygotePreload
10-03 10:25:28.306   537   609 D SystemServerTimingAsync: InitThreadPoolExec:SecondaryZygotePreload took to complete: 1ms
10-03 10:25:28.307   537   537 D SystemServerTiming: StartTelephonyRegistry took to complete: 1ms
10-03 10:25:28.307   537   537 I SystemServerTiming: StartEntropyMixer
10-03 10:25:28.309   537   564 D SystemServerInitThreadPool: Finished executing SchedulingPolicyService.<init>
10-03 10:25:28.309   537   564 D SystemServerTimingAsync: InitThreadPoolExec:SchedulingPolicyService.<init> took to complete: 4ms
10-03 10:25:28.320   537   537 I EntropyMixer: Added HW RNG output to entropy pool
10-03 10:25:28.320   537   537 I EntropyMixer: Writing entropy...
10-03 10:25:28.323   537   537 D SystemServerTiming: StartEntropyMixer took to complete: 16ms
10-03 10:25:28.323   537   537 I SystemServerTiming: StartAccountManagerService
10-03 10:25:28.323   537   537 I SystemServiceManager: Starting com.android.server.accounts.AccountManagerService$Lifecycle
10-03 10:25:28.328   537   537 D SystemServerTiming: StartAccountManagerService took to complete: 5ms
10-03 10:25:28.328   537   537 I SystemServerTiming: StartContentService
10-03 10:25:28.328   537   537 I SystemServiceManager: Starting com.android.server.content.ContentService$Lifecycle
10-03 10:25:28.332   537   537 D SystemServerTiming: StartContentService took to complete: 4ms
10-03 10:25:28.332   537   537 I SystemServerTiming: InstallSystemProviders
10-03 10:25:28.387   537   537 W SettingsState: No settings state /data/system/users/0/settings_config.xml
10-03 10:25:28.390   537   537 I SettingsState: directory info for directory/file /data/system/users/0/settings_config.xml with stacktrace 
10-03 10:25:28.390   537   537 I SettingsState: java.lang.Exception
10-03 10:25:28.390   537   537 I SettingsState: 	at com.android.providers.settings.SettingsState.logSettingsDirectoryInformation(SettingsState.java:892)
10-03 10:25:28.390   537   537 I SettingsState: 	at com.android.providers.settings.SettingsState.readStateSyncLocked(SettingsState.java:1011)
10-03 10:25:28.390   537   537 I SettingsState: 	at com.android.providers.settings.SettingsState.<init>(SettingsState.java:292)
10-03 10:25:28.390   537   537 I SettingsState: 	at com.android.providers.settings.SettingsProvider$SettingsRegistry.ensureSettingsStateLocked(SettingsProvider.java:2783)
10-03 10:25:28.390   537   537 I SettingsState: 	at com.android.providers.settings.SettingsProvider$SettingsRegistry.ensureSettingsForUserLocked(SettingsProvider.java:2748)
10-03 10:25:28.390   537   537 I SettingsState: 	at com.android.providers.settings.SettingsProvider$SettingsRegistry.peekSettingsStateLocked(SettingsProvider.java:3091)
10-03 10:25:28.390   537   537 I SettingsState: 	at com.android.providers.settings.SettingsProvider$SettingsRegistry.getSettingsNamesLocked(SettingsProvider.java:2713)
10-03 10:25:28.390   537   537 I SettingsState: 	at com.android.providers.settings.SettingsProvider$SettingsRegistry.syncSsaidTableOnStart(SettingsProvider.java:2695)
10-03 10:25:28.390   537   537 I SettingsState: 	at com.android.providers.settings.SettingsProvider$SettingsRegistry.<init>(SettingsProvider.java:2588)
10-03 10:25:28.390   537   537 I SettingsState: 	at com.android.providers.settings.SettingsProvider.onCreate(SettingsProvider.java:347)
10-03 10:25:28.390   537   537 I SettingsState: 	at android.content.ContentProvider.attachInfo(ContentProvider.java:2388)
10-03 10:25:28.390   537   537 I SettingsState: 	at android.content.ContentProvider.attachInfo(ContentProvider.java:2358)
10-03 10:25:28.390   537   537 I SettingsState: 	at android.app.ActivityThread.installProvider(ActivityThread.java:7239)
10-03 10:25:28.390   537   537 I SettingsState: 	at android.app.ActivityThread.installContentProviders(ActivityThread.java:6780)
10-03 10:25:28.390   537   537 I SettingsState: 	at android.app.ActivityThread.installSystemProviders(ActivityThread.java:7431)
10-03 10:25:28.390   537   537 I SettingsState: 	at com.android.server.am.ActivityManagerService.installSystemProviders(ActivityManagerService.java:7917)
10-03 10:25:28.390   537   537 I SettingsState: 	at com.android.server.SystemServer.startOtherServices(SystemServer.java:1116)
10-03 10:25:28.390   537   537 I SettingsState: 	at com.android.server.SystemServer.run(SystemServer.java:592)
10-03 10:25:28.390   537   537 I SettingsState: 	at com.android.server.SystemServer.main(SystemServer.java:408)
10-03 10:25:28.390   537   537 I SettingsState: 	at java.lang.reflect.Method.invoke(Native Method)
10-03 10:25:28.390   537   537 I SettingsState: 	at com.android.internal.os.RuntimeInit$MethodAndArgsCaller.run(RuntimeInit.java:592)
10-03 10:25:28.390   537   537 I SettingsState: 	at com.android.internal.os.ZygoteInit.main(ZygoteInit.java:925)
10-03 10:25:28.390   537   537 I SettingsState: ancestor directory /data/system/users/0 exists
10-03 10:25:28.390   537   537 I SettingsState: ancestor directory /data/system/users/0 permissions: r: true w: true x: true
10-03 10:25:28.390   537   537 I SettingsState: ancestor's parent directory /data/system/users permissions: r: true w: true x: true
10-03 10:25:28.410   537   537 D SystemServerTiming: InstallSystemProviders took to complete: 78ms
10-03 10:25:28.410   537   537 I SystemServerTiming: StartDropBoxManager
10-03 10:25:28.410   537   537 I SystemServiceManager: Starting com.android.server.DropBoxManagerService
10-03 10:25:28.411   537   537 D SystemServerTiming: StartDropBoxManager took to complete: 1ms
10-03 10:25:28.411   537   537 I SystemServerTiming: StartVibratorService
10-03 10:25:28.417   537   537 D SystemServerTiming: StartVibratorService took to complete: 6ms
10-03 10:25:28.417   537   537 I SystemServerTiming: StartDynamicSystemService
10-03 10:25:28.417   537   537 D SystemServerTiming: StartDynamicSystemService took to complete: 0ms
10-03 10:25:28.417   537   537 I SystemServerTiming: StartConsumerIrService
10-03 10:25:28.418   537   537 D SystemServerTiming: StartConsumerIrService took to complete: 1ms
10-03 10:25:28.418   537   537 I SystemServerTiming: StartAlarmManagerService
10-03 10:25:28.422   537   537 E HistoricalRegistry: Interaction before persistence initialized
10-03 10:25:28.422   537   537 D SystemServerTiming: StartAlarmManagerService took to complete: 4ms
10-03 10:25:28.422   537   537 I SystemServerTiming: StartInputManagerService
10-03 10:25:28.424   537   537 I InputManager: Initializing input manager, mUseDevInputEventForAudioJack=true
10-03 10:25:28.427   537   537 D SystemServerTiming: StartInputManagerService took to complete: 5ms
10-03 10:25:28.427   537   537 I SystemServerTiming: StartWindowManagerService
10-03 10:25:28.434   537   560 I WindowManager: No existing display settings, starting empty
10-03 10:25:28.448   537   537 D SystemServerTiming: StartWindowManagerService took to complete: 21ms
10-03 10:25:28.448   537   537 I SystemServerTiming: SetWindowManagerService
10-03 10:25:28.452   537   559 I DropBoxManagerService: add tag=system_server_strictmode isTagEnabled=true flags=0x2
10-03 10:25:28.459   537   559 I chatty  : uid=1000(system) android.io identical 3 lines
10-03 10:25:28.461   537   559 I DropBoxManagerService: add tag=system_server_strictmode isTagEnabled=true flags=0x2
10-03 10:25:28.479   537   537 I ActivityTaskManager: Loaded persisted task ids for user 0
10-03 10:25:28.485   537   537 D SystemServerTiming: SetWindowManagerService took to complete: 37ms
10-03 10:25:28.485   537   537 I SystemServerTiming: WindowManagerServiceOnInitReady
10-03 10:25:28.574   537   537 D SystemServerTiming: WindowManagerServiceOnInitReady took to complete: 89ms
10-03 10:25:28.574   537   537 I SystemServerTiming: StartInputManager
10-03 10:25:28.574   537   537 I InputManager: Starting input manager
10-03 10:25:28.574   537   590 I SystemServerTimingAsync: InitThreadPoolExec:StartHidlServices
10-03 10:25:28.574   537   590 D SystemServerInitThreadPool: Started executing StartHidlServices
10-03 10:25:28.574   537   590 I SystemServerTimingAsync: StartHidlServices
10-03 10:25:28.576   537   537 D SystemServerTiming: StartInputManager took to complete: 2ms
10-03 10:25:28.576   537   537 I SystemServerTiming: DisplayManagerWindowManagerAndInputReady
10-03 10:25:28.576   537   537 D SystemServerTiming: DisplayManagerWindowManagerAndInputReady took to complete: 0ms
10-03 10:25:28.576   537   537 I SystemServerTiming: StartBluetoothService
10-03 10:25:28.576   537   537 I SystemServiceManager: Starting com.android.server.BluetoothService
10-03 10:25:28.578   537   590 D SystemServerTimingAsync: StartHidlServices took to complete: 4ms
10-03 10:25:28.578   537   590 D SystemServerInitThreadPool: Finished executing StartHidlServices
10-03 10:25:28.578   537   590 D SystemServerTimingAsync: InitThreadPoolExec:StartHidlServices took to complete: 4ms
10-03 10:25:28.582   537   537 D BluetoothManagerService: Loading stored name and address
10-03 10:25:28.582   537   537 D BluetoothManagerService: Stored bluetooth Name=sdk_gphone_x86,Address=3C:5A:B4:01:02:03
10-03 10:25:28.582   537   537 D BluetoothManagerService: Bluetooth persisted state: 1
10-03 10:25:28.582   537   537 D BluetoothManagerService: Startup: Bluetooth persisted state is ON.
10-03 10:25:28.582   537   537 D BluetoothManagerService: Detected SystemUiUid: 10158
10-03 10:25:28.583   537   537 D SystemServerTiming: StartBluetoothService took to complete: 6ms
10-03 10:25:28.583   537   537 I SystemServerTiming: IpConnectivityMetrics
10-03 10:25:28.583   537   537 I SystemServiceManager: Starting com.android.server.connectivity.IpConnectivityMetrics
10-03 10:25:28.847     0     0 I init    : starting service 'vendor.input.classifier-1-0'...
10-03 10:25:28.591   537   537 D SystemServerTiming: IpConnectivityMetrics took to complete: 8ms
10-03 10:25:28.591   537   537 I SystemServerTiming: NetworkWatchlistService
10-03 10:25:28.591   537   537 I SystemServiceManager: Starting com.android.server.net.watchlist.NetworkWatchlistService$Lifecycle
10-03 10:25:28.594   537   537 I WatchlistSettings: Reload watchlist settings done
10-03 10:25:28.594   537   619 I WatchlistLoggingHandler: Start aggregating watchlist records.
10-03 10:25:28.594   537   537 D SystemServerTiming: NetworkWatchlistService took to complete: 4ms
10-03 10:25:28.594   537   537 I SystemServerTiming: PinnerService
10-03 10:25:28.594   537   537 I SystemServiceManager: Starting com.android.server.PinnerService
10-03 10:25:28.853     0     0 I init    : Control message: Processed ctl.interface_start for 'android.hardware.input.classifier@1.0::IInputClassifier/default' from pid: 178 (/system/bin/hwservicemanager)
10-03 10:25:28.599   537   537 E HistoricalRegistry: Interaction before persistence initialized
10-03 10:25:28.600   537   537 D SystemServerTiming: PinnerService took to complete: 6ms
10-03 10:25:28.600   537   537 I SystemServerTiming: IorapForwardingService
10-03 10:25:28.600   537   537 I SystemServiceManager: Starting com.google.android.startop.iorap.IorapForwardingService
10-03 10:25:28.602   537   537 D SystemServerTiming: IorapForwardingService took to complete: 2ms
10-03 10:25:28.602   537   537 I SystemServerTiming: SignedConfigService
10-03 10:25:28.603   537   537 D SystemServerTiming: SignedConfigService took to complete: 0ms
10-03 10:25:28.603   537   537 I SystemServerTiming: AppIntegrityService
10-03 10:25:28.603   537   537 I SystemServiceManager: Starting com.android.server.integrity.AppIntegrityManagerService
10-03 10:25:28.603   537   566 I DropBoxManagerService: add tag=system_server_wtf isTagEnabled=true flags=0x2
10-03 10:25:28.607   537   537 E IntegrityFileManager: Error creating staging and rules directory
10-03 10:25:28.616   537   537 D SystemServerTiming: AppIntegrityService took to complete: 14ms
10-03 10:25:28.617   537   537 I WindowManager: SAFE MODE not enabled
10-03 10:25:28.617   537   537 I SystemServerTiming: StartInputMethodManagerLifecycle
10-03 10:25:28.618   537   537 I SystemServiceManager: Starting com.android.server.inputmethod.InputMethodManagerService$Lifecycle
10-03 10:25:28.622   537   537 D SystemServerTiming: StartInputMethodManagerLifecycle took to complete: 5ms
10-03 10:25:28.622   537   537 I SystemServerTiming: StartAccessibilityManagerService
10-03 10:25:28.622   537   537 I SystemServiceManager: Starting com.android.server.accessibility.AccessibilityManagerService$Lifecycle
10-03 10:25:28.626   537   537 D SystemServerTiming: StartAccessibilityManagerService took to complete: 4ms
10-03 10:25:28.626   537   537 I SystemServerTiming: MakeDisplayReady
10-03 10:25:28.636   537   537 I ActivityTaskManager: Config changes=20005df8 {1.0 ?mcc?mnc [en_US] ldltr sw392dp w392dp h713dp 440dpi nrml long port ?uimode ?night -touch qwerty/v/v dpad/v winConfig={ mBounds=Rect(0, 0 - 1080, 2160) mAppBounds=Rect(0, 0 - 1080, 2028) mWindowingMode=fullscreen mDisplayWindowingMode=fullscreen mActivityType=undefined mAlwaysOnTop=undefined mRotation=ROTATION_0} s.2}
10-03 10:25:28.721   537   537 I WindowManager: Override config changes=60007dfc {1.0 ?mcc?mnc [en_US] ldltr sw392dp w392dp h713dp 440dpi nrml long port ?uimode ?night -touch qwerty/v/v dpad/v winConfig={ mBounds=Rect(0, 0 - 1080, 2160) mAppBounds=Rect(0, 0 - 1080, 2028) mWindowingMode=fullscreen mDisplayWindowingMode=fullscreen mActivityType=undefined mAlwaysOnTop=undefined mRotation=ROTATION_0} s.2} for displayId=0
10-03 10:25:28.732   537   537 I ActivityTaskManager: Config changes=8 {1.0 ?mcc?mnc [en_US] ldltr sw392dp w392dp h713dp 440dpi nrml long port ?uimode ?night finger qwerty/v/v dpad/v winConfig={ mBounds=Rect(0, 0 - 1080, 2160) mAppBounds=Rect(0, 0 - 1080, 2028) mWindowingMode=fullscreen mDisplayWindowingMode=fullscreen mActivityType=undefined mAlwaysOnTop=undefined mRotation=ROTATION_0} s.4}
10-03 10:25:28.735   537   537 I WindowManager: Override config changes=8 {1.0 ?mcc?mnc [en_US] ldltr sw392dp w392dp h713dp 440dpi nrml long port ?uimode ?night finger qwerty/v/v dpad/v winConfig={ mBounds=Rect(0, 0 - 1080, 2160) mAppBounds=Rect(0, 0 - 1080, 2028) mWindowingMode=fullscreen mDisplayWindowingMode=fullscreen mActivityType=undefined mAlwaysOnTop=undefined mRotation=ROTATION_0} s.4} for displayId=0
10-03 10:25:28.736   537   537 D SystemServerTiming: MakeDisplayReady took to complete: 110ms
10-03 10:25:28.736   537   537 I SystemServerTiming: StartStorageManagerService
10-03 10:25:28.736   537   537 I SystemServiceManager: Starting com.android.server.StorageManagerService$Lifecycle
10-03 10:25:28.857     0     0 I init    : Control message: Processed ctl.interface_start for 'android.hardware.input.classifier@1.0::IInputClassifier/default' from pid: 178 (/system/bin/hwservicemanager)
10-03 10:25:29.005     0     0 I init    : processing action (sys.sysctl.extra_free_kbytes=*) from (/system/etc/init/hw/init.rc:1002)
10-03 10:25:28.748   537   623 D StorageManagerService: Thinking about init, mBootCompleted=false, mDaemonConnected=true
10-03 10:25:28.748   537   623 D StorageManagerService: Thinking about reset, mBootCompleted=false, mDaemonConnected=true
10-03 10:25:28.749   537   623 D StorageManagerService: Thinking about init, mBootCompleted=false, mDaemonConnected=true
10-03 10:25:28.749   537   623 D StorageManagerService: Thinking about reset, mBootCompleted=false, mDaemonConnected=true
10-03 10:25:28.749   537   537 D SystemServerTiming: StartStorageManagerService took to complete: 13ms
10-03 10:25:28.749   537   537 I SystemServerTiming: StartStorageStatsService
10-03 10:25:28.749   537   537 I SystemServiceManager: Starting com.android.server.usage.StorageStatsService$Lifecycle
10-03 10:25:28.752   537   537 D SystemServerTiming: StartStorageStatsService took to complete: 3ms
10-03 10:25:28.752   537   537 I SystemServerTiming: StartUiModeManager
10-03 10:25:28.752   537   537 I SystemServiceManager: Starting com.android.server.UiModeManagerService
10-03 10:25:28.753   537   600 I SystemServerTimingAsync: InitThreadPoolExec:UiModeManager.onStart
10-03 10:25:28.753   537   600 D SystemServerInitThreadPool: Started executing UiModeManager.onStart
10-03 10:25:28.754   537   537 D SystemServerTiming: StartUiModeManager took to complete: 2ms
10-03 10:25:28.754   537   537 I SystemServerTiming: UpdatePackagesIfNeeded
10-03 10:25:28.754   537   537 I Watchdog: Pausing HandlerChecker: main thread for reason: dexopt. Pause count: 1
10-03 10:25:28.754   537   537 I Watchdog: Resuming HandlerChecker: main thread for reason: dexopt. Pause count: 0
10-03 10:25:28.754   537   537 D SystemServerTiming: UpdatePackagesIfNeeded took to complete: 0ms
10-03 10:25:28.754   537   537 I SystemServerTiming: PerformFstrimIfNeeded
10-03 10:25:28.755   537   537 W PackageManager: No disk maintenance in 2422645755; running immediately
10-03 10:25:28.755   537   537 D SystemServerTiming: PerformFstrimIfNeeded took to complete: 1ms
10-03 10:25:28.755   537   537 I SystemServerTiming: StartLockSettingsService
10-03 10:25:28.755   537   623 I StorageManagerService: Running fstrim idle maintenance
10-03 10:25:28.755   537   537 I SystemServiceManager: Starting com.android.server.locksettings.LockSettingsService$Lifecycle
10-03 10:25:28.757   537   600 D SystemServerInitThreadPool: Finished executing UiModeManager.onStart
10-03 10:25:28.757   537   600 D SystemServerTimingAsync: InitThreadPoolExec:UiModeManager.onStart took to complete: 5ms
10-03 10:25:28.759   188   624 D vold    : Starting trim of /data
10-03 10:25:28.759   188   624 W vold    : Trim failed on /data: Operation not supported on transport endpoint
10-03 10:25:28.759   188   624 D vold    : Starting trim of /metadata
10-03 10:25:28.759   188   624 W vold    : Trim failed on /metadata: Operation not supported on transport endpoint
10-03 10:25:28.759   188   624 D vold    : Starting trim of none
10-03 10:25:28.760   188   624 W vold    : Failed to open none: No such file or directory
10-03 10:25:28.779   537   537 D SystemServerTiming: StartLockSettingsService took to complete: 24ms
10-03 10:25:28.779   537   537 I SystemServerTiming: StartTestHarnessMode
10-03 10:25:28.779   537   537 I SystemServiceManager: Starting com.android.server.testharness.TestHarnessModeService
10-03 10:25:28.779   537   537 D SystemServerTiming: StartTestHarnessMode took to complete: 0ms
10-03 10:25:28.786   537   537 I OemLock : OemLock HAL not present on device
10-03 10:25:28.786   537   537 I SystemServerTiming: StartDeviceIdleController
10-03 10:25:28.787   537   537 I SystemServiceManager: Starting com.android.server.DeviceIdleController
10-03 10:25:28.791   537   537 D SystemServerTiming: StartDeviceIdleController took to complete: 5ms
10-03 10:25:28.791   537   537 I SystemServerTiming: StartDevicePolicyManager
10-03 10:25:28.791   537   537 I SystemServiceManager: Starting com.android.server.devicepolicy.DevicePolicyManagerService$Lifecycle
10-03 10:25:28.845   537   537 I DevicePolicyManager: Set ro.organization_owned property to false
10-03 10:25:28.851   537   537 D SystemServerTiming: StartDevicePolicyManager took to complete: 60ms
10-03 10:25:28.851   537   537 I SystemServerTiming: StartStatusBarManagerService
10-03 10:25:28.852   537   537 D SystemServerTiming: StartStatusBarManagerService took to complete: 1ms
10-03 10:25:28.852   537   537 I SystemServerTiming: StartContentCaptureService
10-03 10:25:28.854   537   537 I SystemServiceManager: Starting com.android.server.contentcapture.ContentCaptureManagerService
10-03 10:25:28.855   537   537 D ContentCaptureManagerService: log history size: 20
10-03 10:25:28.856   537   537 D SystemServerTiming: StartContentCaptureService took to complete: 4ms
10-03 10:25:28.856   537   537 D SystemServer: AttentionService is not configured on this device
10-03 10:25:28.857   537   537 I SystemServerTiming: StartSystemCaptionsManagerService
10-03 10:25:28.857   537   537 I SystemServiceManager: Starting com.android.server.systemcaptions.SystemCaptionsManagerService
10-03 10:25:28.857   537   537 D SystemServerTiming: StartSystemCaptionsManagerService took to complete: 0ms
10-03 10:25:28.858   537   537 I SystemServerTiming: StartAppPredictionService
10-03 10:25:28.858   537   537 I SystemServiceManager: Starting com.android.server.appprediction.AppPredictionManagerService
10-03 10:25:28.865   537   537 D SystemServerTiming: StartAppPredictionService took to complete: 8ms
10-03 10:25:28.865   537   537 I SystemServerTiming: StartContentSuggestionsService
10-03 10:25:28.866   537   537 I SystemServiceManager: Starting com.android.server.contentsuggestions.ContentSuggestionsManagerService
10-03 10:25:28.866   537   537 D SystemServerTiming: StartContentSuggestionsService took to complete: 1ms
10-03 10:25:28.866   537   537 I SystemServerTiming: InitConnectivityModuleConnector
10-03 10:25:28.866   537   537 D ConnectivityModuleConnector: Network stack init
10-03 10:25:28.870   537   537 D SystemServerTiming: InitConnectivityModuleConnector took to complete: 4ms
10-03 10:25:28.870   537   537 I SystemServerTiming: InitNetworkStackClient
10-03 10:25:28.876   537   537 D SystemServerTiming: InitNetworkStackClient took to complete: 6ms
10-03 10:25:28.877   537   537 I SystemServerTiming: StartNetworkManagementService
10-03 10:25:28.886   537   537 D SystemServerTiming: StartNetworkManagementService took to complete: 10ms
10-03 10:25:28.886   537   537 I SystemServerTiming: StartIpSecService
10-03 10:25:28.887   537   537 D SystemServerTiming: StartIpSecService took to complete: 1ms
10-03 10:25:28.887   537   537 I SystemServerTiming: StartTextServicesManager
10-03 10:25:28.887   537   537 I SystemServiceManager: Starting com.android.server.textservices.TextServicesManagerService$Lifecycle
10-03 10:25:28.888   537   537 D SystemServerTiming: StartTextServicesManager took to complete: 1ms
10-03 10:25:28.888   537   537 I SystemServerTiming: StartTextClassificationManagerService
10-03 10:25:28.888   537   537 I SystemServiceManager: Starting com.android.server.textclassifier.TextClassificationManagerService$Lifecycle
10-03 10:25:28.890   537   537 D SystemServerTiming: StartTextClassificationManagerService took to complete: 2ms
10-03 10:25:28.890   537   537 I SystemServerTiming: StartNetworkScoreService
10-03 10:25:28.890   537   537 I SystemServiceManager: Starting com.android.server.NetworkScoreService$Lifecycle
10-03 10:25:28.892   537   537 D SystemServerTiming: StartNetworkScoreService took to complete: 1ms
10-03 10:25:28.892   537   537 I SystemServerTiming: StartNetworkStatsService
10-03 10:25:28.897   537   537 D SystemServerTiming: StartNetworkStatsService took to complete: 6ms
10-03 10:25:28.897   537   537 I SystemServerTiming: StartNetworkPolicyManagerService
10-03 10:25:28.903   537   537 D SystemServerTiming: StartNetworkPolicyManagerService took to complete: 6ms
10-03 10:25:28.904   537   537 I SystemServerTiming: StartWifi
10-03 10:25:28.944   537   537 I SystemServiceManager: Starting com.android.server.wifi.WifiService
10-03 10:25:29.058   418   418 W iorapd  : Reconnect to package manager service: 1 times
10-03 10:25:29.075   638   638 D iorap.prefetcherd: Installing minijail
10-03 10:25:29.075   638   638 W iorap.prefetcherd: No seccomp filter defined for this architecture.
10-03 10:25:29.093   537   537 E HistoricalRegistry: Interaction before persistence initialized
10-03 10:25:29.102   537   537 D SystemServerTiming: StartWifi took to complete: 199ms
10-03 10:25:29.102   537   537 I SystemServerTiming: StartWifiScanning
10-03 10:25:29.102   537   537 I SystemServiceManager: Starting com.android.server.wifi.scanner.WifiScanningService
10-03 10:25:29.106   537   537 D SystemServerTiming: StartWifiScanning took to complete: 3ms
10-03 10:25:29.106   537   537 I SystemServerTiming: StartWifiP2P
10-03 10:25:29.106   537   537 I SystemServiceManager: Starting com.android.server.wifi.p2p.WifiP2pService
10-03 10:25:29.116   537   537 D SystemServerTiming: StartWifiP2P took to complete: 10ms
10-03 10:25:29.116   537   537 I SystemServerTiming: StartConnectivityService
10-03 10:25:29.131   537   537 D ConnectivityService: ConnectivityService starting up
10-03 10:25:29.134   537   537 D ConnectivityService: wifiOnly=false
10-03 10:25:29.149   537   537 D SystemServerTiming: StartConnectivityService took to complete: 33ms
10-03 10:25:29.149   537   537 I SystemServerTiming: StartNsdService
10-03 10:25:29.151   537   537 D NsdService: Network service discovery is enabled
10-03 10:25:29.154   537   537 D SystemServerTiming: StartNsdService took to complete: 5ms
10-03 10:25:29.154   537   537 I SystemServerTiming: StartSystemUpdateManagerService
10-03 10:25:29.154   537   537 I SystemUpdateManagerService: No existing info file /data/system/system-update-info.xml
10-03 10:25:29.155   537   537 D SystemServerTiming: StartSystemUpdateManagerService took to complete: 1ms
10-03 10:25:29.155   537   537 I SystemServerTiming: StartUpdateLockService
10-03 10:25:29.155   537   537 D SystemServerTiming: StartUpdateLockService took to complete: 0ms
10-03 10:25:29.156   537   537 I SystemServerTiming: StartNotificationManager
10-03 10:25:29.156   537   537 I SystemServiceManager: Starting com.android.server.notification.NotificationManagerService
10-03 10:25:29.183   537   537 D ConditionProviders.SCP: new ScheduleConditionProvider()
10-03 10:25:29.197   537   537 I NotificationListeners: Read notification listener permissions from xml
10-03 10:25:29.197   537   537 I NotificationAssistants: Read notification assistant permissions from xml
10-03 10:25:29.198   537   537 I ConditionProviders: Read condition provider permissions from xml
10-03 10:25:29.198   537   537 I ConditionProviders: Read condition provider permissions from xml
10-03 10:25:29.198   537   537 D NotificationAssistants: Approving default notification assistant for user 0
10-03 10:25:29.198   537   537 I ConditionProviders:  Allowing condition provider com.google.android.ext.services/android.ext.services.notification.Assistant
10-03 10:25:29.198   537   537 V ConditionProviders: enabling condition provider for 0: ComponentInfo{com.google.android.apps.wellbeing/com.google.android.apps.wellbeing.dnd.impl.DndConditionProviderService}
10-03 10:25:29.199   537   537 V ConditionProviders: binding: Intent { act=android.service.notification.ConditionProviderService cmp=com.google.android.apps.wellbeing/.dnd.impl.DndConditionProviderService (has extras) }
10-03 10:25:29.214   537   537 D SystemServerTiming: StartNotificationManager took to complete: 59ms
10-03 10:25:29.214   537   537 I SystemServerTiming: StartDeviceMonitor
10-03 10:25:29.214   537   537 I SystemServiceManager: Starting com.android.server.storage.DeviceStorageMonitorService
10-03 10:25:29.215   537   537 D SystemServerTiming: StartDeviceMonitor took to complete: 1ms
10-03 10:25:29.215   537   537 I SystemServerTiming: StartLocationManagerService
10-03 10:25:29.215   537   537 I SystemServiceManager: Starting com.android.server.location.LocationManagerService$Lifecycle
10-03 10:25:29.218   537   537 D SystemServerTiming: StartLocationManagerService took to complete: 3ms
10-03 10:25:29.218   537   537 I SystemServerTiming: StartCountryDetectorService
10-03 10:25:29.219   537   537 D SystemServerTiming: StartCountryDetectorService took to complete: 1ms
10-03 10:25:29.219   537   537 I SystemServerTiming: StartTimeDetectorService
10-03 10:25:29.219   537   537 I SystemServiceManager: Starting com.android.server.timedetector.TimeDetectorService$Lifecycle
10-03 10:25:29.220   537   537 D SystemServerTiming: StartTimeDetectorService took to complete: 1ms
10-03 10:25:29.220   537   537 I SystemServerTiming: StartTimeZoneDetectorService
10-03 10:25:29.220   537   537 I SystemServiceManager: Starting com.android.server.timezonedetector.TimeZoneDetectorService$Lifecycle
10-03 10:25:29.221   537   537 D SystemServerTiming: StartTimeZoneDetectorService took to complete: 1ms
10-03 10:25:29.221   537   537 I SystemServerTiming: StartSearchManagerService
