10-03 10:25:29.767   537   559 D BluetoothManagerService: binding Bluetooth service
10-03 10:25:29.769   537   559 D CompatibilityChangeReporter: Compat change id reported: 135634846; UID 1002; state: DISABLED
10-03 10:25:29.770   537   537 D SystemServerTiming: OnBootPhase_550_com.android.server.BluetoothService took to complete: 5ms
10-03 10:25:29.770   537   537 I SystemServerTiming: OnBootPhase_550_com.android.server.connectivity.IpConnectivityMetrics
10-03 10:25:29.770   537   537 D SystemServerTiming: OnBootPhase_550_com.android.server.connectivity.IpConnectivityMetrics took to complete: 0ms
10-03 10:25:29.770   537   537 I SystemServerTiming: OnBootPhase_550_com.android.server.net.watchlist.NetworkWatchlistService$Lifecycle
10-03 10:25:29.771   537   537 D SystemServerTiming: OnBootPhase_550_com.android.server.net.watchlist.NetworkWatchlistService$Lifecycle took to complete: 0ms
10-03 10:25:29.771   537   537 I SystemServerTiming: OnBootPhase_550_com.android.server.PinnerService
10-03 10:25:29.771   537   537 D SystemServerTiming: OnBootPhase_550_com.android.server.PinnerService took to complete: 0ms
10-03 10:25:29.771   537   537 I SystemServerTiming: OnBootPhase_550_com.google.android.startop.iorap.IorapForwardingService
10-03 10:25:29.771   537   537 D SystemServerTiming: OnBootPhase_550_com.google.android.startop.iorap.IorapForwardingService took to complete: 0ms
10-03 10:25:29.771   537   537 I SystemServerTiming: OnBootPhase_550_com.android.server.integrity.AppIntegrityManagerService
10-03 10:25:29.771   537   537 D SystemServerTiming: OnBootPhase_550_com.android.server.integrity.AppIntegrityManagerService took to complete: 0ms
10-03 10:25:29.771   537   537 I SystemServerTiming: OnBootPhase_550_com.android.server.inputmethod.InputMethodManagerService$Lifecycle
10-03 10:25:29.777   537   567 I ActivityManager: Start proc 686:com.android.bluetooth/1002 for service {com.android.bluetooth/com.android.bluetooth.btservice.AdapterService}
10-03 10:25:29.778   537   537 D SystemServerTiming: OnBootPhase_550_com.android.server.inputmethod.InputMethodManagerService$Lifecycle took to complete: 8ms
10-03 10:25:29.778   537   537 I SystemServerTiming: OnBootPhase_550_com.android.server.accessibility.AccessibilityManagerService$Lifecycle
10-03 10:25:29.778   537   537 D SystemServerTiming: OnBootPhase_550_com.android.server.accessibility.AccessibilityManagerService$Lifecycle took to complete: 0ms
10-03 10:25:29.778   537   537 I SystemServerTiming: OnBootPhase_550_com.android.server.StorageManagerService$Lifecycle
10-03 10:25:29.779   537   623 D StorageManagerService: Isolated storage local flag 0 and remote flag 0 resolved to true
10-03 10:25:29.779   537   537 D SystemServerTiming: OnBootPhase_550_com.android.server.StorageManagerService$Lifecycle took to complete: 1ms
10-03 10:25:29.780   537   537 I SystemServerTiming: OnBootPhase_550_com.android.server.usage.StorageStatsService$Lifecycle
10-03 10:25:29.780   537   537 D SystemServerTiming: OnBootPhase_550_com.android.server.usage.StorageStatsService$Lifecycle took to complete: 0ms
10-03 10:25:29.780   537   537 I SystemServerTiming: OnBootPhase_550_com.android.server.UiModeManagerService
10-03 10:25:29.780   537   537 D SystemServerTiming: OnBootPhase_550_com.android.server.UiModeManagerService took to complete: 0ms
10-03 10:25:29.780   537   537 I SystemServerTiming: OnBootPhase_550_com.android.server.locksettings.LockSettingsService$Lifecycle
10-03 10:25:29.780   537   537 D SystemServerTiming: OnBootPhase_550_com.android.server.locksettings.LockSettingsService$Lifecycle took to complete: 1ms
10-03 10:25:29.780   537   537 I SystemServerTiming: OnBootPhase_550_com.android.server.testharness.TestHarnessModeService
10-03 10:25:29.780   537   537 D SystemServerTiming: OnBootPhase_550_com.android.server.testharness.TestHarnessModeService took to complete: 0ms
10-03 10:25:29.780   537   537 I SystemServerTiming: OnBootPhase_550_com.android.server.DeviceIdleController
10-03 10:25:29.780   537   537 D SystemServerTiming: OnBootPhase_550_com.android.server.DeviceIdleController took to complete: 0ms
10-03 10:25:29.780   537   537 I SystemServerTiming: OnBootPhase_550_com.android.server.devicepolicy.DevicePolicyManagerService$Lifecycle
10-03 10:25:29.780   537   537 D SystemServerTiming: OnBootPhase_550_com.android.server.devicepolicy.DevicePolicyManagerService$Lifecycle took to complete: 0ms
10-03 10:25:29.780   537   537 I SystemServerTiming: OnBootPhase_550_com.android.server.contentcapture.ContentCaptureManagerService
10-03 10:25:29.780   537   537 D SystemServerTiming: OnBootPhase_550_com.android.server.contentcapture.ContentCaptureManagerService took to complete: 0ms
10-03 10:25:29.780   537   537 I SystemServerTiming: OnBootPhase_550_com.android.server.systemcaptions.SystemCaptionsManagerService
10-03 10:25:29.780   537   537 D SystemServerTiming: OnBootPhase_550_com.android.server.systemcaptions.SystemCaptionsManagerService took to complete: 0ms
10-03 10:25:29.780   537   537 I SystemServerTiming: OnBootPhase_550_com.android.server.appprediction.AppPredictionManagerService
10-03 10:25:29.780   537   537 D SystemServerTiming: OnBootPhase_550_com.android.server.appprediction.AppPredictionManagerService took to complete: 0ms
10-03 10:25:29.780   537   537 I SystemServerTiming: OnBootPhase_550_com.android.server.contentsuggestions.ContentSuggestionsManagerService
10-03 10:25:29.780   537   537 D SystemServerTiming: OnBootPhase_550_com.android.server.contentsuggestions.ContentSuggestionsManagerService took to complete: 0ms
10-03 10:25:29.780   537   537 I SystemServerTiming: OnBootPhase_550_com.android.server.textservices.TextServicesManagerService$Lifecycle
10-03 10:25:29.780   537   537 D SystemServerTiming: OnBootPhase_550_com.android.server.textservices.TextServicesManagerService$Lifecycle took to complete: 0ms
10-03 10:25:29.780   537   537 I SystemServerTiming: OnBootPhase_550_com.android.server.textclassifier.TextClassificationManagerService$Lifecycle
10-03 10:25:29.780   537   537 D SystemServerTiming: OnBootPhase_550_com.android.server.textclassifier.TextClassificationManagerService$Lifecycle took to complete: 0ms
10-03 10:25:29.780   537   537 I SystemServerTiming: OnBootPhase_550_com.android.server.NetworkScoreService$Lifecycle
10-03 10:25:29.780   537   537 D SystemServerTiming: OnBootPhase_550_com.android.server.NetworkScoreService$Lifecycle took to complete: 0ms
10-03 10:25:29.780   537   537 I SystemServerTiming: OnBootPhase_550_com.android.server.wifi.WifiService
10-03 10:25:29.780   537   537 D SystemServerTiming: OnBootPhase_550_com.android.server.wifi.WifiService took to complete: 0ms
10-03 10:25:29.780   537   537 I SystemServerTiming: OnBootPhase_550_com.android.server.wifi.scanner.WifiScanningService
10-03 10:25:29.780   537   537 D SystemServerTiming: OnBootPhase_550_com.android.server.wifi.scanner.WifiScanningService took to complete: 0ms
10-03 10:25:29.780   537   537 I SystemServerTiming: OnBootPhase_550_com.android.server.wifi.p2p.WifiP2pService
10-03 10:25:29.780   537   537 D SystemServerTiming: OnBootPhase_550_com.android.server.wifi.p2p.WifiP2pService took to complete: 0ms
10-03 10:25:29.780   537   537 I SystemServerTiming: OnBootPhase_550_com.android.server.notification.NotificationManagerService
10-03 10:25:29.780   537   537 D SystemServerTiming: OnBootPhase_550_com.android.server.notification.NotificationManagerService took to complete: 0ms
10-03 10:25:29.780   537   537 I SystemServerTiming: OnBootPhase_550_com.android.server.storage.DeviceStorageMonitorService
10-03 10:25:29.780   537   537 D SystemServerTiming: OnBootPhase_550_com.android.server.storage.DeviceStorageMonitorService took to complete: 0ms
10-03 10:25:29.780   537   537 I SystemServerTiming: OnBootPhase_550_com.android.server.location.LocationManagerService$Lifecycle
10-03 10:25:29.780   537   537 D SystemServerTiming: OnBootPhase_550_com.android.server.location.LocationManagerService$Lifecycle took to complete: 0ms
10-03 10:25:29.780   537   537 I SystemServerTiming: OnBootPhase_550_com.android.server.timedetector.TimeDetectorService$Lifecycle
10-03 10:25:29.780   537   537 D SystemServerTiming: OnBootPhase_550_com.android.server.timedetector.TimeDetectorService$Lifecycle took to complete: 0ms
10-03 10:25:29.780   537   537 I SystemServerTiming: OnBootPhase_550_com.android.server.timezonedetector.TimeZoneDetectorService$Lifecycle
10-03 10:25:29.780   537   537 D SystemServerTiming: OnBootPhase_550_com.android.server.timezonedetector.TimeZoneDetectorService$Lifecycle took to complete: 0ms
10-03 10:25:29.780   537   537 I SystemServerTiming: OnBootPhase_550_com.android.server.search.SearchManagerService$Lifecycle
10-03 10:25:29.780   537   537 D SystemServerTiming: OnBootPhase_550_com.android.server.search.SearchManagerService$Lifecycle took to complete: 0ms
10-03 10:25:29.780   537   537 I SystemServerTiming: OnBootPhase_550_com.android.server.wallpaper.WallpaperManagerService$Lifecycle
10-03 10:25:29.781   537   537 I WallpaperManagerService: No static wallpaper imagery; defaults will be shown
10-03 10:25:29.781   537   537 V WallpaperManagerService: bindWallpaperComponentLocked: componentName=ComponentInfo{com.android.systemui/com.android.systemui.ImageWallpaper}
10-03 10:25:29.784   537   537 D CompatibilityChangeReporter: Compat change id reported: 135634846; UID 10158; state: DISABLED
10-03 10:25:29.784   537   567 D CompatibilityChangeReporter: Compat change id reported: 143937733; UID 10158; state: ENABLED
10-03 10:25:29.794   537   537 W WallpaperManagerService: Invalid wallpaper data
10-03 10:25:29.794   537   537 E WallpaperManagerService: Unable to apply new wallpaper
10-03 10:25:29.794   537   537 D SystemServerTiming: OnBootPhase_550_com.android.server.wallpaper.WallpaperManagerService$Lifecycle took to complete: 14ms
10-03 10:25:29.794   537   537 I SystemServerTiming: OnBootPhase_550_com.android.server.audio.AudioService$Lifecycle
10-03 10:25:29.796   537   652 D BluetoothManagerService: Creating new ProfileServiceConnections object for profile: 1
10-03 10:25:29.796   537   652 D BluetoothManagerService: Unable to bindService while Bluetooth is disabled
10-03 10:25:29.798   537   537 D SystemServerTiming: OnBootPhase_550_com.android.server.audio.AudioService$Lifecycle took to complete: 4ms
10-03 10:25:29.798   537   537 I SystemServerTiming: OnBootPhase_550_com.android.server.soundtrigger_middleware.SoundTriggerMiddlewareService$Lifecycle
10-03 10:25:29.798   537   537 D SystemServerTiming: OnBootPhase_550_com.android.server.soundtrigger_middleware.SoundTriggerMiddlewareService$Lifecycle took to complete: 0ms
10-03 10:25:29.798   537   537 I SystemServerTiming: OnBootPhase_550_com.android.server.DockObserver
10-03 10:25:29.798   537   537 D SystemServerTiming: OnBootPhase_550_com.android.server.DockObserver took to complete: 0ms
10-03 10:25:29.798   537   537 I SystemServerTiming: OnBootPhase_550_com.android.server.midi.MidiService$Lifecycle
10-03 10:25:29.798   537   537 D SystemServerTiming: OnBootPhase_550_com.android.server.midi.MidiService$Lifecycle took to complete: 0ms
10-03 10:25:29.798   537   537 I SystemServerTiming: OnBootPhase_550_com.android.server.adb.AdbService$Lifecycle
10-03 10:25:29.798   537   537 D SystemServerTiming: OnBootPhase_550_com.android.server.adb.AdbService$Lifecycle took to complete: 0ms
10-03 10:25:29.798   537   537 I SystemServerTiming: OnBootPhase_550_com.android.server.usb.UsbService$Lifecycle
10-03 10:25:29.798   537   537 D SystemServerTiming: OnBootPhase_550_com.android.server.usb.UsbService$Lifecycle took to complete: 0ms
10-03 10:25:29.798   537   537 I SystemServerTiming: OnBootPhase_550_com.android.server.twilight.TwilightService
10-03 10:25:29.798   537   537 D SystemServerTiming: OnBootPhase_550_com.android.server.twilight.TwilightService took to complete: 0ms
10-03 10:25:29.798   537   537 I SystemServerTiming: OnBootPhase_550_com.android.server.display.color.ColorDisplayService
10-03 10:25:29.798   537   537 D SystemServerTiming: OnBootPhase_550_com.android.server.display.color.ColorDisplayService took to complete: 0ms
10-03 10:25:29.798   537   537 I SystemServerTiming: OnBootPhase_550_com.android.server.job.JobSchedulerService
10-03 10:25:29.798   537   537 D SystemServerTiming: OnBootPhase_550_com.android.server.job.JobSchedulerService took to complete: 0ms
10-03 10:25:29.798   537   590 I SystemServerTimingAsync: InitThreadPoolExec:UsbService$Lifecycle#onBootPhase
10-03 10:25:29.798   537   590 D SystemServerInitThreadPool: Started executing UsbService$Lifecycle#onBootPhase
10-03 10:25:29.798   537   537 I SystemServerTiming: OnBootPhase_550_com.android.server.soundtrigger.SoundTriggerService
10-03 10:25:29.798   537   537 D SoundTriggerService: onBootPhase: 550 : false
10-03 10:25:29.799   537   537 D SystemServerTiming: OnBootPhase_550_com.android.server.soundtrigger.SoundTriggerService took to complete: 0ms
10-03 10:25:29.799   537   537 I SystemServerTiming: OnBootPhase_550_com.android.server.trust.TrustManagerService
10-03 10:25:29.799   537   537 D SystemServerTiming: OnBootPhase_550_com.android.server.trust.TrustManagerService took to complete: 0ms
10-03 10:25:29.799   537   537 I SystemServerTiming: OnBootPhase_550_com.android.server.backup.BackupManagerService$Lifecycle
10-03 10:25:29.799   537   537 D SystemServerTiming: OnBootPhase_550_com.android.server.backup.BackupManagerService$Lifecycle took to complete: 0ms
10-03 10:25:29.799   537   537 I SystemServerTiming: OnBootPhase_550_com.android.server.appwidget.AppWidgetService
10-03 10:25:29.799   537   537 D SystemServerTiming: OnBootPhase_550_com.android.server.appwidget.AppWidgetService took to complete: 0ms
10-03 10:25:29.799   537   537 I SystemServerTiming: OnBootPhase_550_com.android.server.role.RoleManagerService
10-03 10:25:29.799   537   537 D SystemServerTiming: OnBootPhase_550_com.android.server.role.RoleManagerService took to complete: 0ms
10-03 10:25:29.799   537   537 I SystemServerTiming: OnBootPhase_550_com.android.server.voiceinteraction.VoiceInteractionManagerService
10-03 10:25:29.799   537   537 D SystemServerTiming: OnBootPhase_550_com.android.server.voiceinteraction.VoiceInteractionManagerService took to complete: 0ms
10-03 10:25:29.799   537   537 I SystemServerTiming: OnBootPhase_550_com.android.server.GestureLauncherService
10-03 10:25:29.799   537   537 D SystemServerTiming: OnBootPhase_550_com.android.server.GestureLauncherService took to complete: 0ms
10-03 10:25:29.799   537   537 I SystemServerTiming: OnBootPhase_550_com.android.server.SensorNotificationService
10-03 10:25:29.799   537   537 D SystemServerTiming: OnBootPhase_550_com.android.server.SensorNotificationService took to complete: 0ms
10-03 10:25:29.799   537   537 I SystemServerTiming: OnBootPhase_550_com.android.server.emergency.EmergencyAffordanceService
10-03 10:25:29.799   537   537 D SystemServerTiming: OnBootPhase_550_com.android.server.emergency.EmergencyAffordanceService took to complete: 0ms
10-03 10:25:29.799   537   537 I SystemServerTiming: OnBootPhase_550_com.android.server.dreams.DreamManagerService
10-03 10:25:29.799   537   537 D SystemServerTiming: OnBootPhase_550_com.android.server.dreams.DreamManagerService took to complete: 0ms
10-03 10:25:29.799   537   537 I SystemServerTiming: OnBootPhase_550_com.android.server.print.PrintManagerService
10-03 10:25:29.799   537   537 D SystemServerTiming: OnBootPhase_550_com.android.server.print.PrintManagerService took to complete: 0ms
10-03 10:25:29.799   537   537 I SystemServerTiming: OnBootPhase_550_com.android.server.blob.BlobStoreManagerService
10-03 10:25:29.799   537   537 D SystemServerTiming: OnBootPhase_550_com.android.server.blob.BlobStoreManagerService took to complete: 0ms
10-03 10:25:29.799   537   537 I SystemServerTiming: OnBootPhase_550_com.android.server.companion.CompanionDeviceManagerService
10-03 10:25:29.799   537   537 D SystemServerTiming: OnBootPhase_550_com.android.server.companion.CompanionDeviceManagerService took to complete: 0ms
10-03 10:25:29.799   537   537 I SystemServerTiming: OnBootPhase_550_com.android.server.restrictions.RestrictionsManagerService
10-03 10:25:29.799   537   537 D SystemServerTiming: OnBootPhase_550_com.android.server.restrictions.RestrictionsManagerService took to complete: 0ms
10-03 10:25:29.799   537   537 I SystemServerTiming: OnBootPhase_550_com.android.server.media.MediaSessionService
10-03 10:25:29.799   537   537 D SystemServerTiming: OnBootPhase_550_com.android.server.media.MediaSessionService took to complete: 0ms
10-03 10:25:29.799   537   537 I SystemServerTiming: OnBootPhase_550_com.android.server.media.MediaResourceMonitorService
10-03 10:25:29.800   537   537 D SystemServerTiming: OnBootPhase_550_com.android.server.media.MediaResourceMonitorService took to complete: 0ms
10-03 10:25:29.800   537   537 I SystemServerTiming: OnBootPhase_550_com.android.server.biometrics.fingerprint.FingerprintService
10-03 10:25:29.800   537   537 D SystemServerTiming: OnBootPhase_550_com.android.server.biometrics.fingerprint.FingerprintService took to complete: 0ms
10-03 10:25:29.800   537   537 I SystemServerTiming: OnBootPhase_550_com.android.server.biometrics.BiometricService
10-03 10:25:29.800   537   537 D SystemServerTiming: OnBootPhase_550_com.android.server.biometrics.BiometricService took to complete: 0ms
10-03 10:25:29.800   537   537 I SystemServerTiming: OnBootPhase_550_com.android.server.biometrics.AuthService
10-03 10:25:29.800   537   537 D SystemServerTiming: OnBootPhase_550_com.android.server.biometrics.AuthService took to complete: 0ms
10-03 10:25:29.800   537   537 I SystemServerTiming: OnBootPhase_550_com.android.server.pm.ShortcutService$Lifecycle
10-03 10:25:29.800   537   537 D SystemServerTiming: OnBootPhase_550_com.android.server.pm.ShortcutService$Lifecycle took to complete: 0ms
10-03 10:25:29.800   537   537 I SystemServerTiming: OnBootPhase_550_com.android.server.pm.LauncherAppsService
10-03 10:25:29.800   537   537 D SystemServerTiming: OnBootPhase_550_com.android.server.pm.LauncherAppsService took to complete: 0ms
10-03 10:25:29.800   537   537 I SystemServerTiming: OnBootPhase_550_com.android.server.pm.CrossProfileAppsService
10-03 10:25:29.800   537   537 D SystemServerTiming: OnBootPhase_550_com.android.server.pm.CrossProfileAppsService took to complete: 0ms
10-03 10:25:29.800   537   537 I SystemServerTiming: OnBootPhase_550_com.android.server.people.PeopleService
10-03 10:25:29.800   537   537 D SystemServerTiming: OnBootPhase_550_com.android.server.people.PeopleService took to complete: 0ms
10-03 10:25:29.800   537   537 I SystemServerTiming: OnBootPhase_550_com.android.server.media.projection.MediaProjectionManagerService
10-03 10:25:29.800   537   537 D SystemServerTiming: OnBootPhase_550_com.android.server.media.projection.MediaProjectionManagerService took to complete: 0ms
10-03 10:25:29.800   537   537 I SystemServerTiming: OnBootPhase_550_com.android.server.slice.SliceManagerService$Lifecycle
10-03 10:25:29.800   537   537 D SystemServerTiming: OnBootPhase_550_com.android.server.slice.SliceManagerService$Lifecycle took to complete: 0ms
10-03 10:25:29.800   537   537 I SystemServerTiming: OnBootPhase_550_com.android.server.camera.CameraServiceProxy
10-03 10:25:29.800   537   537 D SystemServerTiming: OnBootPhase_550_com.android.server.camera.CameraServiceProxy took to complete: 0ms
10-03 10:25:29.800   537   537 I SystemServerTiming: OnBootPhase_550_com.android.server.stats.StatsCompanion$Lifecycle
10-03 10:25:29.800   537   537 D SystemServerTiming: OnBootPhase_550_com.android.server.stats.StatsCompanion$Lifecycle took to complete: 1ms
10-03 10:25:29.800   537   537 I SystemServerTiming: OnBootPhase_550_com.android.server.stats.pull.StatsPullAtomService
10-03 10:25:29.800   537   537 D SystemServerTiming: OnBootPhase_550_com.android.server.stats.pull.StatsPullAtomService took to complete: 0ms
10-03 10:25:29.800   537   537 I SystemServerTiming: OnBootPhase_550_com.android.server.incident.IncidentCompanionService
10-03 10:25:29.800   537   537 D SystemServerTiming: OnBootPhase_550_com.android.server.incident.IncidentCompanionService took to complete: 0ms
10-03 10:25:29.800   537   537 I SystemServerTiming: OnBootPhase_550_com.android.server.MmsServiceBroker
10-03 10:25:29.800   537   537 D SystemServerTiming: OnBootPhase_550_com.android.server.MmsServiceBroker took to complete: 0ms
10-03 10:25:29.800   537   537 I SystemServerTiming: OnBootPhase_550_com.android.server.autofill.AutofillManagerService
10-03 10:25:29.800   537   537 D SystemServerTiming: OnBootPhase_550_com.android.server.autofill.AutofillManagerService took to complete: 0ms
10-03 10:25:29.800   537   537 I SystemServerTiming: OnBootPhase_550_com.android.server.clipboard.ClipboardService
10-03 10:25:29.800   537   537 D SystemServerTiming: OnBootPhase_550_com.android.server.clipboard.ClipboardService took to complete: 0ms
10-03 10:25:29.800   537   537 I SystemServerTiming: OnBootPhase_550_com.android.server.appbinding.AppBindingService$Lifecycle
10-03 10:25:29.800   537   537 I AppBindingService: Updating constants with: null
10-03 10:25:29.800   537   537 D SystemServerTiming: OnBootPhase_550_com.android.server.appbinding.AppBindingService$Lifecycle took to complete: 0ms
10-03 10:25:29.800   537   537 I SystemServerTiming: OnBootPhase_550_com.android.server.policy.PermissionPolicyService
10-03 10:25:29.800   537   590 D SystemServerInitThreadPool: Finished executing UsbService$Lifecycle#onBootPhase
10-03 10:25:29.800   537   590 D SystemServerTimingAsync: InitThreadPoolExec:UsbService$Lifecycle#onBootPhase took to complete: 2ms
10-03 10:25:29.801   537   658 E UsbPortManager: port status enquiry failed
10-03 10:25:29.847   537   537 I PackageManager: Permission ownership changed. Updating all permissions.
10-03 10:25:29.857   537   537 W SystemServiceManager: Service com.android.server.policy.PermissionPolicyService took 57 ms in onBootPhase
10-03 10:25:29.857   537   537 D SystemServerTiming: OnBootPhase_550_com.android.server.policy.PermissionPolicyService took to complete: 57ms
10-03 10:25:29.857   537   537 I SystemServerTiming: OnBootPhase_550_com.android.server.pm.StagingManager$Lifecycle
10-03 10:25:29.857   537   537 D SystemServerTiming: OnBootPhase_550_com.android.server.pm.StagingManager$Lifecycle took to complete: 0ms
10-03 10:25:29.857   537   537 D SystemServerTiming: OnBootPhase_550 took to complete: 126ms
10-03 10:25:29.857   537   537 D SystemServerTiming: StartActivityManagerReadyPhase took to complete: 126ms
10-03 10:25:29.857   537   537 I SystemServerTiming: StartObservingNativeCrashes
10-03 10:25:29.857   537   537 D SystemServerTiming: StartObservingNativeCrashes took to complete: 0ms
10-03 10:25:29.857   537   537 I SystemServerTiming: StartSystemUI
10-03 10:25:29.858   537   552 W ActivityManager: Slow operation: 52ms so far, now at attachApplicationLocked: after mServices.attachApplicationLocked
10-03 10:25:29.858   537   564 I SystemServerTimingAsync: InitThreadPoolExec:WebViewFactoryPreparation
10-03 10:25:29.858   537   567 W ActivityManager: Slow operation: 76ms so far, now at startProcess: done updating battery stats
10-03 10:25:29.858   537   564 D SystemServerInitThreadPool: Started executing WebViewFactoryPreparation
10-03 10:25:29.858   537   567 W ActivityManager: Slow operation: 76ms so far, now at startProcess: building log message
10-03 10:25:29.858   537   567 I ActivityManager: Start proc 697:com.android.systemui/u0a158 for service {com.android.systemui/com.android.systemui.ImageWallpaper}
10-03 10:25:29.858   537   567 W ActivityManager: Slow operation: 76ms so far, now at startProcess: starting to update pids map
10-03 10:25:29.858   537   564 I SystemServer: WebViewFactoryPreparation
10-03 10:25:29.858   537   564 I SystemServerTimingAsync: WebViewFactoryPreparation
10-03 10:25:29.858   537   567 W ActivityManager: Slow operation: 76ms so far, now at startProcess: done updating pids map
10-03 10:25:29.869   537   564 D SystemServerTimingAsync: WebViewFactoryPreparation took to complete: 11ms
10-03 10:25:29.869   537   564 D SystemServerInitThreadPool: Finished executing WebViewFactoryPreparation
10-03 10:25:29.869   537   564 D SystemServerTimingAsync: InitThreadPoolExec:WebViewFactoryPreparation took to complete: 11ms
10-03 10:25:29.870   537   537 D SystemServerTiming: StartSystemUI took to complete: 13ms
10-03 10:25:29.870   537   537 I SystemServerTiming: MakeNetworkManagementServiceReady
10-03 10:25:29.886   537   537 D SystemServerTiming: MakeNetworkManagementServiceReady took to complete: 5ms
10-03 10:25:29.886   537   537 I SystemServerTiming: MakeIpSecServiceReady
10-03 10:25:29.891   537   537 D IpSecService: IpSecService is ready
10-03 10:25:29.891   537   537 D SystemServerTiming: MakeIpSecServiceReady took to complete: 5ms
10-03 10:25:29.892   537   537 I SystemServerTiming: MakeNetworkStatsServiceReady
10-03 10:25:29.894   537   631 W NetworkPolicy: setRestrictBackgroundUL: already false
10-03 10:25:29.911   537   567 I ActivityManager: Start proc 748:WebViewLoader-x86/1037 [android.webkit.WebViewLibraryLoader$RelroFileCreator] for null
10-03 10:25:29.953   537   642 D ConnectivityService: NetReassign [no changes]
10-03 10:25:29.996   537   537 D SystemServerTiming: MakeNetworkStatsServiceReady took to complete: 104ms
10-03 10:25:29.996   537   537 I SystemServerTiming: MakeConnectivityServiceReady
10-03 10:25:30.010   537   537 D SystemServerTiming: MakeConnectivityServiceReady took to complete: 14ms
10-03 10:25:30.011   537   537 I SystemServerTiming: MakeNetworkPolicyServiceReady
10-03 10:25:30.011   537   642 D ConnectivityService: NetReassign [no changes]
10-03 10:25:30.011   537   537 D SystemServerTiming: MakeNetworkPolicyServiceReady took to complete: 0ms
10-03 10:25:30.011   537   537 I SystemServerTiming: PhaseThirdPartyAppsCanStart
10-03 10:25:30.011   537   537 I SystemServiceManager: Starting phase 600
10-03 10:25:30.011   537   537 I SystemServerTiming: OnBootPhase_600
10-03 10:25:30.011   537   537 I SystemServerTiming: OnBootPhase_600_com.android.server.security.FileIntegrityService
10-03 10:25:30.011   537   537 D SystemServerTiming: OnBootPhase_600_com.android.server.security.FileIntegrityService took to complete: 0ms
10-03 10:25:30.011   537   537 I SystemServerTiming: OnBootPhase_600_com.android.server.pm.Installer
10-03 10:25:30.011   537   537 D SystemServerTiming: OnBootPhase_600_com.android.server.pm.Installer took to complete: 0ms
10-03 10:25:30.011   537   537 I SystemServerTiming: OnBootPhase_600_com.android.server.os.DeviceIdentifiersPolicyService
10-03 10:25:30.011   537   537 D SystemServerTiming: OnBootPhase_600_com.android.server.os.DeviceIdentifiersPolicyService took to complete: 0ms
10-03 10:25:30.011   537   537 I SystemServerTiming: OnBootPhase_600_com.android.server.uri.UriGrantsManagerService$Lifecycle
10-03 10:25:30.011   537   537 D SystemServerTiming: OnBootPhase_600_com.android.server.uri.UriGrantsManagerService$Lifecycle took to complete: 0ms
10-03 10:25:30.011   537   537 I SystemServerTiming: OnBootPhase_600_com.android.server.wm.ActivityTaskManagerService$Lifecycle
10-03 10:25:30.011   537   537 D SystemServerTiming: OnBootPhase_600_com.android.server.wm.ActivityTaskManagerService$Lifecycle took to complete: 0ms
10-03 10:25:30.011   537   537 I SystemServerTiming: OnBootPhase_600_com.android.server.am.ActivityManagerService$Lifecycle
10-03 10:25:30.011   537   537 I ExplicitHealthCheckController: Explicit health checks enabled.
10-03 10:25:30.011   537   537 I PackageWatchdog: Syncing state, reason: health check state enabled
10-03 10:25:30.011   537   537 I PackageWatchdog: Not pruning observers, elapsed time: 0ms
10-03 10:25:30.011   537   537 I PackageWatchdog: Cancelling state sync, nothing to sync
10-03 10:25:30.011   537   565 I PackageWatchdog: Saving observer state to file
10-03 10:25:30.011   537   537 D SystemServerTiming: OnBootPhase_600_com.android.server.am.ActivityManagerService$Lifecycle took to complete: 0ms
10-03 10:25:30.011   537   537 I SystemServerTiming: OnBootPhase_600_com.android.server.pm.DataLoaderManagerService
10-03 10:25:30.011   537   537 D SystemServerTiming: OnBootPhase_600_com.android.server.pm.DataLoaderManagerService took to complete: 0ms
10-03 10:25:30.011   537   537 I SystemServerTiming: OnBootPhase_600_com.android.server.power.PowerManagerService
10-03 10:25:30.012   537   537 D SystemServerTiming: OnBootPhase_600_com.android.server.power.PowerManagerService took to complete: 1ms
10-03 10:25:30.012   537   537 I SystemServerTiming: OnBootPhase_600_com.android.server.power.ThermalManagerService
10-03 10:25:30.012   537   537 D SystemServerTiming: OnBootPhase_600_com.android.server.power.ThermalManagerService took to complete: 0ms
10-03 10:25:30.012   537   537 I SystemServerTiming: OnBootPhase_600_com.android.server.recoverysystem.RecoverySystemService$Lifecycle
10-03 10:25:30.012   537   537 D SystemServerTiming: OnBootPhase_600_com.android.server.recoverysystem.RecoverySystemService$Lifecycle took to complete: 0ms
10-03 10:25:30.012   537   537 I SystemServerTiming: OnBootPhase_600_com.android.server.lights.LightsService
10-03 10:25:30.012   537   537 D SystemServerTiming: OnBootPhase_600_com.android.server.lights.LightsService took to complete: 0ms
10-03 10:25:30.012   537   537 I SystemServerTiming: OnBootPhase_600_com.android.server.display.DisplayManagerService
10-03 10:25:30.012   537   537 D SystemServerTiming: OnBootPhase_600_com.android.server.display.DisplayManagerService took to complete: 0ms
10-03 10:25:30.012   537   537 I SystemServerTiming: OnBootPhase_600_com.android.server.pm.UserManagerService$LifeCycle
10-03 10:25:30.012   537   537 D SystemServerTiming: OnBootPhase_600_com.android.server.pm.UserManagerService$LifeCycle took to complete: 0ms
10-03 10:25:30.012   537   537 I SystemServerTiming: OnBootPhase_600_com.android.server.om.OverlayManagerService
10-03 10:25:30.012   537   537 D SystemServerTiming: OnBootPhase_600_com.android.server.om.OverlayManagerService took to complete: 0ms
10-03 10:25:30.012   537   537 I SystemServerTiming: OnBootPhase_600_com.android.server.SensorPrivacyService
10-03 10:25:30.012   537   537 D SystemServerTiming: OnBootPhase_600_com.android.server.SensorPrivacyService took to complete: 0ms
10-03 10:25:30.012   537   537 I SystemServerTiming: OnBootPhase_600_com.android.server.SystemConfigService
10-03 10:25:30.012   537   537 D SystemServerTiming: OnBootPhase_600_com.android.server.SystemConfigService took to complete: 0ms
10-03 10:25:30.012   537   537 I SystemServerTiming: OnBootPhase_600_com.android.server.BatteryService
10-03 10:25:30.012   537   537 D SystemServerTiming: OnBootPhase_600_com.android.server.BatteryService took to complete: 0ms
10-03 10:25:30.012   537   537 I SystemServerTiming: OnBootPhase_600_com.android.server.usage.UsageStatsService
10-03 10:25:30.012   537   537 D SystemServerTiming: OnBootPhase_600_com.android.server.usage.UsageStatsService took to complete: 0ms
10-03 10:25:30.012   537   537 I SystemServerTiming: OnBootPhase_600_com.android.server.webkit.WebViewUpdateService
10-03 10:25:30.012   537   537 D SystemServerTiming: OnBootPhase_600_com.android.server.webkit.WebViewUpdateService took to complete: 0ms
10-03 10:25:30.012   537   537 I SystemServerTiming: OnBootPhase_600_com.android.server.CachedDeviceStateService
10-03 10:25:30.012   537   537 D SystemServerTiming: OnBootPhase_600_com.android.server.CachedDeviceStateService took to complete: 0ms
10-03 10:25:30.012   537   537 I SystemServerTiming: OnBootPhase_600_com.android.server.BinderCallsStatsService$LifeCycle
10-03 10:25:30.012   537   537 D SystemServerTiming: OnBootPhase_600_com.android.server.BinderCallsStatsService$LifeCycle took to complete: 0ms
10-03 10:25:30.012   537   537 I SystemServerTiming: OnBootPhase_600_com.android.server.LooperStatsService$Lifecycle
10-03 10:25:30.012   537   537 D SystemServerTiming: OnBootPhase_600_com.android.server.LooperStatsService$Lifecycle took to complete: 0ms
10-03 10:25:30.012   537   537 I SystemServerTiming: OnBootPhase_600_com.android.server.rollback.RollbackManagerService
10-03 10:25:30.012   537   537 D SystemServerTiming: OnBootPhase_600_com.android.server.rollback.RollbackManagerService took to complete: 0ms
10-03 10:25:30.012   537   537 I SystemServerTiming: OnBootPhase_600_com.android.server.os.BugreportManagerService
10-03 10:25:30.012   537   537 D SystemServerTiming: OnBootPhase_600_com.android.server.os.BugreportManagerService took to complete: 0ms
10-03 10:25:30.012   537   537 I SystemServerTiming: OnBootPhase_600_com.android.server.gpu.GpuService
10-03 10:25:30.012   537   537 D SystemServerTiming: OnBootPhase_600_com.android.server.gpu.GpuService took to complete: 0ms
10-03 10:25:30.012   537   537 I SystemServerTiming: OnBootPhase_600_com.android.server.security.KeyChainSystemService
10-03 10:25:30.012   537   537 D SystemServerTiming: OnBootPhase_600_com.android.server.security.KeyChainSystemService took to complete: 0ms
10-03 10:25:30.012   537   537 I SystemServerTiming: OnBootPhase_600_com.android.server.telecom.TelecomLoaderService
10-03 10:25:30.012   537   537 D SystemServerTiming: OnBootPhase_600_com.android.server.telecom.TelecomLoaderService took to complete: 0ms
10-03 10:25:30.012   537   537 I SystemServerTiming: OnBootPhase_600_com.android.server.accounts.AccountManagerService$Lifecycle
10-03 10:25:30.012   537   537 D SystemServerTiming: OnBootPhase_600_com.android.server.accounts.AccountManagerService$Lifecycle took to complete: 0ms
10-03 10:25:30.012   537   537 I SystemServerTiming: OnBootPhase_600_com.android.server.content.ContentService$Lifecycle
10-03 10:25:30.012   537   537 D SystemServerTiming: OnBootPhase_600_com.android.server.content.ContentService$Lifecycle took to complete: 0ms
10-03 10:25:30.012   537   537 I SystemServerTiming: OnBootPhase_600_com.android.server.DropBoxManagerService
10-03 10:25:30.012   537   537 D SystemServerTiming: OnBootPhase_600_com.android.server.DropBoxManagerService took to complete: 0ms
10-03 10:25:30.012   537   537 I SystemServerTiming: OnBootPhase_600_com.android.server.AlarmManagerService
10-03 10:25:30.012   537   537 D SystemServerTiming: OnBootPhase_600_com.android.server.AlarmManagerService took to complete: 0ms
10-03 10:25:30.012   537   537 I SystemServerTiming: OnBootPhase_600_com.android.server.BluetoothService
10-03 10:25:30.012   537   537 D SystemServerTiming: OnBootPhase_600_com.android.server.BluetoothService took to complete: 0ms
10-03 10:25:30.012   537   537 I SystemServerTiming: OnBootPhase_600_com.android.server.connectivity.IpConnectivityMetrics
10-03 10:25:30.012   537   537 D SystemServerTiming: OnBootPhase_600_com.android.server.connectivity.IpConnectivityMetrics took to complete: 0ms
10-03 10:25:30.012   537   537 I SystemServerTiming: OnBootPhase_600_com.android.server.net.watchlist.NetworkWatchlistService$Lifecycle
10-03 10:25:30.012   537   537 D SystemServerTiming: OnBootPhase_600_com.android.server.net.watchlist.NetworkWatchlistService$Lifecycle took to complete: 0ms
10-03 10:25:30.012   537   537 I SystemServerTiming: OnBootPhase_600_com.android.server.PinnerService
10-03 10:25:30.012   537   537 D SystemServerTiming: OnBootPhase_600_com.android.server.PinnerService took to complete: 0ms
10-03 10:25:30.012   537   537 I SystemServerTiming: OnBootPhase_600_com.google.android.startop.iorap.IorapForwardingService
10-03 10:25:30.012   537   537 D SystemServerTiming: OnBootPhase_600_com.google.android.startop.iorap.IorapForwardingService took to complete: 0ms
10-03 10:25:30.012   537   537 I SystemServerTiming: OnBootPhase_600_com.android.server.integrity.AppIntegrityManagerService
10-03 10:25:30.012   537   537 D SystemServerTiming: OnBootPhase_600_com.android.server.integrity.AppIntegrityManagerService took to complete: 0ms
10-03 10:25:30.012   537   537 I SystemServerTiming: OnBootPhase_600_com.android.server.inputmethod.InputMethodManagerService$Lifecycle
10-03 10:25:30.012   537   537 D SystemServerTiming: OnBootPhase_600_com.android.server.inputmethod.InputMethodManagerService$Lifecycle took to complete: 0ms
10-03 10:25:30.012   537   537 I SystemServerTiming: OnBootPhase_600_com.android.server.accessibility.AccessibilityManagerService$Lifecycle
10-03 10:25:30.012   537   537 D SystemServerTiming: OnBootPhase_600_com.android.server.accessibility.AccessibilityManagerService$Lifecycle took to complete: 0ms
10-03 10:25:30.012   537   537 I SystemServerTiming: OnBootPhase_600_com.android.server.StorageManagerService$Lifecycle
10-03 10:25:30.012   537   537 D SystemServerTiming: OnBootPhase_600_com.android.server.StorageManagerService$Lifecycle took to complete: 0ms
10-03 10:25:30.012   537   537 I SystemServerTiming: OnBootPhase_600_com.android.server.usage.StorageStatsService$Lifecycle
10-03 10:25:30.012   537   537 D SystemServerTiming: OnBootPhase_600_com.android.server.usage.StorageStatsService$Lifecycle took to complete: 0ms
10-03 10:25:30.012   537   537 I SystemServerTiming: OnBootPhase_600_com.android.server.UiModeManagerService
10-03 10:25:30.012   537   537 D SystemServerTiming: OnBootPhase_600_com.android.server.UiModeManagerService took to complete: 0ms
10-03 10:25:30.012   537   537 I SystemServerTiming: OnBootPhase_600_com.android.server.locksettings.LockSettingsService$Lifecycle
10-03 10:25:30.012   537   537 D SystemServerTiming: OnBootPhase_600_com.android.server.locksettings.LockSettingsService$Lifecycle took to complete: 0ms
10-03 10:25:30.012   537   537 I SystemServerTiming: OnBootPhase_600_com.android.server.testharness.TestHarnessModeService
10-03 10:25:30.012   537   537 D SystemServerTiming: OnBootPhase_600_com.android.server.testharness.TestHarnessModeService took to complete: 0ms
10-03 10:25:30.012   537   537 I SystemServerTiming: OnBootPhase_600_com.android.server.DeviceIdleController
10-03 10:25:30.012   537   537 D SystemServerTiming: OnBootPhase_600_com.android.server.DeviceIdleController took to complete: 0ms
10-03 10:25:30.012   537   537 I SystemServerTiming: OnBootPhase_600_com.android.server.devicepolicy.DevicePolicyManagerService$Lifecycle
10-03 10:25:30.012   537   537 D SystemServerTiming: OnBootPhase_600_com.android.server.devicepolicy.DevicePolicyManagerService$Lifecycle took to complete: 0ms
10-03 10:25:30.012   537   537 I SystemServerTiming: OnBootPhase_600_com.android.server.contentcapture.ContentCaptureManagerService
10-03 10:25:30.013   537   642 D ConnectivityService: NetReassign [no changes]
10-03 10:25:30.013   537   537 D SystemServerTiming: OnBootPhase_600_com.android.server.contentcapture.ContentCaptureManagerService took to complete: 1ms
10-03 10:25:30.013   537   537 I SystemServerTiming: OnBootPhase_600_com.android.server.systemcaptions.SystemCaptionsManagerService
10-03 10:25:30.013   537   537 D SystemServerTiming: OnBootPhase_600_com.android.server.systemcaptions.SystemCaptionsManagerService took to complete: 0ms
10-03 10:25:30.013   537   537 I SystemServerTiming: OnBootPhase_600_com.android.server.appprediction.AppPredictionManagerService
10-03 10:25:30.013   537   537 D SystemServerTiming: OnBootPhase_600_com.android.server.appprediction.AppPredictionManagerService took to complete: 0ms
10-03 10:25:30.013   537   537 I SystemServerTiming: OnBootPhase_600_com.android.server.contentsuggestions.ContentSuggestionsManagerService
10-03 10:25:30.013   537   537 D SystemServerTiming: OnBootPhase_600_com.android.server.contentsuggestions.ContentSuggestionsManagerService took to complete: 0ms
10-03 10:25:30.013   537   537 I SystemServerTiming: OnBootPhase_600_com.android.server.textservices.TextServicesManagerService$Lifecycle
10-03 10:25:30.013   537   537 D SystemServerTiming: OnBootPhase_600_com.android.server.textservices.TextServicesManagerService$Lifecycle took to complete: 0ms
10-03 10:25:30.013   537   537 I SystemServerTiming: OnBootPhase_600_com.android.server.textclassifier.TextClassificationManagerService$Lifecycle
10-03 10:25:30.013   537   537 D SystemServerTiming: OnBootPhase_600_com.android.server.textclassifier.TextClassificationManagerService$Lifecycle took to complete: 0ms
10-03 10:25:30.013   537   537 I SystemServerTiming: OnBootPhase_600_com.android.server.NetworkScoreService$Lifecycle
10-03 10:25:30.013   537   537 D SystemServerTiming: OnBootPhase_600_com.android.server.NetworkScoreService$Lifecycle took to complete: 0ms
10-03 10:25:30.013   537   537 I SystemServerTiming: OnBootPhase_600_com.android.server.wifi.WifiService
10-03 10:25:30.013   537   537 D SystemServerTiming: OnBootPhase_600_com.android.server.wifi.WifiService took to complete: 0ms
10-03 10:25:30.013   537   537 I SystemServerTiming: OnBootPhase_600_com.android.server.wifi.scanner.WifiScanningService
10-03 10:25:30.013   537   537 D SystemServerTiming: OnBootPhase_600_com.android.server.wifi.scanner.WifiScanningService took to complete: 0ms
10-03 10:25:30.013   537   537 I SystemServerTiming: OnBootPhase_600_com.android.server.wifi.p2p.WifiP2pService
10-03 10:25:30.013   537   537 D SystemServerTiming: OnBootPhase_600_com.android.server.wifi.p2p.WifiP2pService took to complete: 0ms
10-03 10:25:30.013   537   537 I SystemServerTiming: OnBootPhase_600_com.android.server.notification.NotificationManagerService
10-03 10:25:30.014   537   537 D SystemServerTiming: OnBootPhase_600_com.android.server.notification.NotificationManagerService took to complete: 1ms
10-03 10:25:30.014   537   537 I SystemServerTiming: OnBootPhase_600_com.android.server.storage.DeviceStorageMonitorService
10-03 10:25:30.014   537   537 D SystemServerTiming: OnBootPhase_600_com.android.server.storage.DeviceStorageMonitorService took to complete: 0ms
10-03 10:25:30.014   537   537 I SystemServerTiming: OnBootPhase_600_com.android.server.location.LocationManagerService$Lifecycle
10-03 10:25:30.286     0     0 I init    : starting service 'vendor.gnss-2-0'...
10-03 10:25:30.290     0     0 I init    : Control message: Processed ctl.interface_start for 'android.hardware.gnss@2.0::IGnss/default' from pid: 178 (/system/bin/hwservicemanager)
10-03 10:25:30.061   418   418 I iorapd  : iorapd (the prefetchening) readied up
10-03 10:25:30.100   537   552 W StorageManagerService: No primary storage defined yet; hacking together a stub
10-03 10:25:30.124   537   537 W SystemServiceManager: Service com.android.server.location.LocationManagerService$Lifecycle took 110 ms in onBootPhase
10-03 10:25:30.124   537   537 D SystemServerTiming: OnBootPhase_600_com.android.server.location.LocationManagerService$Lifecycle took to complete: 110ms
10-03 10:25:30.124   537   537 I SystemServerTiming: OnBootPhase_600_com.android.server.timedetector.TimeDetectorService$Lifecycle
10-03 10:25:30.124   537   537 D SystemServerTiming: OnBootPhase_600_com.android.server.timedetector.TimeDetectorService$Lifecycle took to complete: 0ms
10-03 10:25:30.124   537   537 I SystemServerTiming: OnBootPhase_600_com.android.server.timezonedetector.TimeZoneDetectorService$Lifecycle
10-03 10:25:30.124   537   537 D SystemServerTiming: OnBootPhase_600_com.android.server.timezonedetector.TimeZoneDetectorService$Lifecycle took to complete: 0ms
10-03 10:25:30.124   537   537 I SystemServerTiming: OnBootPhase_600_com.android.server.search.SearchManagerService$Lifecycle
10-03 10:25:30.124   537   537 D SystemServerTiming: OnBootPhase_600_com.android.server.search.SearchManagerService$Lifecycle took to complete: 0ms
10-03 10:25:30.124   537   537 I SystemServerTiming: OnBootPhase_600_com.android.server.wallpaper.WallpaperManagerService$Lifecycle
10-03 10:25:30.124   537   537 I WallpaperManagerService: switch-user-0
10-03 10:25:30.124   537   537 V WallpaperManagerService: bindWallpaperComponentLocked: componentName=ComponentInfo{com.android.systemui/com.android.systemui.ImageWallpaper}
10-03 10:25:30.125   537   537 D WallpaperManagerService: switch-user-0 took to complete: 1ms
10-03 10:25:30.125   537   537 D SystemServerTiming: OnBootPhase_600_com.android.server.wallpaper.WallpaperManagerService$Lifecycle took to complete: 1ms
10-03 10:25:30.125   537   537 I SystemServerTiming: OnBootPhase_600_com.android.server.audio.AudioService$Lifecycle
10-03 10:25:30.125   537   537 D SystemServerTiming: OnBootPhase_600_com.android.server.audio.AudioService$Lifecycle took to complete: 0ms
10-03 10:25:30.125   537   537 I SystemServerTiming: OnBootPhase_600_com.android.server.soundtrigger_middleware.SoundTriggerMiddlewareService$Lifecycle
10-03 10:25:30.125   537   537 D SystemServerTiming: OnBootPhase_600_com.android.server.soundtrigger_middleware.SoundTriggerMiddlewareService$Lifecycle took to complete: 0ms
10-03 10:25:30.125   537   537 I SystemServerTiming: OnBootPhase_600_com.android.server.DockObserver
10-03 10:25:30.125   537   537 D SystemServerTiming: OnBootPhase_600_com.android.server.DockObserver took to complete: 0ms
10-03 10:25:30.125   537   537 I SystemServerTiming: OnBootPhase_600_com.android.server.midi.MidiService$Lifecycle
10-03 10:25:30.125   537   537 D SystemServerTiming: OnBootPhase_600_com.android.server.midi.MidiService$Lifecycle took to complete: 0ms
10-03 10:25:30.125   537   537 I SystemServerTiming: OnBootPhase_600_com.android.server.adb.AdbService$Lifecycle
10-03 10:25:30.125   537   537 D SystemServerTiming: OnBootPhase_600_com.android.server.adb.AdbService$Lifecycle took to complete: 0ms
10-03 10:25:30.125   537   537 I SystemServerTiming: OnBootPhase_600_com.android.server.usb.UsbService$Lifecycle
10-03 10:25:30.125   537   537 D SystemServerTiming: OnBootPhase_600_com.android.server.usb.UsbService$Lifecycle took to complete: 0ms
10-03 10:25:30.125   537   537 I SystemServerTiming: OnBootPhase_600_com.android.server.twilight.TwilightService
10-03 10:25:30.125   537   537 D SystemServerTiming: OnBootPhase_600_com.android.server.twilight.TwilightService took to complete: 0ms
10-03 10:25:30.125   537   537 I SystemServerTiming: OnBootPhase_600_com.android.server.display.color.ColorDisplayService
10-03 10:25:30.125   537   537 D SystemServerTiming: OnBootPhase_600_com.android.server.display.color.ColorDisplayService took to complete: 0ms
10-03 10:25:30.125   537   537 I SystemServerTiming: OnBootPhase_600_com.android.server.job.JobSchedulerService
10-03 10:25:30.126   537   537 D SystemServerTiming: OnBootPhase_600_com.android.server.job.JobSchedulerService took to complete: 1ms
10-03 10:25:30.126   537   537 I SystemServerTiming: OnBootPhase_600_com.android.server.soundtrigger.SoundTriggerService
10-03 10:25:30.126   537   537 D SoundTriggerService: onBootPhase: 600 : false
10-03 10:25:30.127   537   537 D SystemServerTiming: OnBootPhase_600_com.android.server.soundtrigger.SoundTriggerService took to complete: 0ms
10-03 10:25:30.127   537   537 I SystemServerTiming: OnBootPhase_600_com.android.server.trust.TrustManagerService
10-03 10:25:30.127   537   537 D SystemServerTiming: OnBootPhase_600_com.android.server.trust.TrustManagerService took to complete: 1ms
10-03 10:25:30.127   537   537 I SystemServerTiming: OnBootPhase_600_com.android.server.backup.BackupManagerService$Lifecycle
10-03 10:25:30.127   537   537 D SystemServerTiming: OnBootPhase_600_com.android.server.backup.BackupManagerService$Lifecycle took to complete: 0ms
10-03 10:25:30.127   537   537 I SystemServerTiming: OnBootPhase_600_com.android.server.appwidget.AppWidgetService
10-03 10:25:30.127   537   537 D SystemServerTiming: OnBootPhase_600_com.android.server.appwidget.AppWidgetService took to complete: 0ms
10-03 10:25:30.127   537   537 I SystemServerTiming: OnBootPhase_600_com.android.server.role.RoleManagerService
10-03 10:25:30.127   537   537 D SystemServerTiming: OnBootPhase_600_com.android.server.role.RoleManagerService took to complete: 0ms
10-03 10:25:30.127   537   537 I SystemServerTiming: OnBootPhase_600_com.android.server.voiceinteraction.VoiceInteractionManagerService
10-03 10:25:30.128   537   537 D SystemServerTiming: OnBootPhase_600_com.android.server.voiceinteraction.VoiceInteractionManagerService took to complete: 1ms
10-03 10:25:30.128   537   537 I SystemServerTiming: OnBootPhase_600_com.android.server.GestureLauncherService
10-03 10:25:30.129   537   537 D SystemServerTiming: OnBootPhase_600_com.android.server.GestureLauncherService took to complete: 1ms
10-03 10:25:30.129   537   537 I SystemServerTiming: OnBootPhase_600_com.android.server.SensorNotificationService
10-03 10:25:30.131   537   537 D SystemServerTiming: OnBootPhase_600_com.android.server.SensorNotificationService took to complete: 1ms
10-03 10:25:30.131   537   537 I SystemServerTiming: OnBootPhase_600_com.android.server.emergency.EmergencyAffordanceService
10-03 10:25:30.131   537   552 I ActivityManager: Process WebViewLoader-x86 (pid 748) has died: psvc PER 
10-03 10:25:30.133   537   537 D SystemServerTiming: OnBootPhase_600_com.android.server.emergency.EmergencyAffordanceService took to complete: 3ms
10-03 10:25:30.133   537   537 I SystemServerTiming: OnBootPhase_600_com.android.server.dreams.DreamManagerService
10-03 10:25:30.134   537   537 D SystemServerTiming: OnBootPhase_600_com.android.server.dreams.DreamManagerService took to complete: 1ms
10-03 10:25:30.134   537   537 I SystemServerTiming: OnBootPhase_600_com.android.server.print.PrintManagerService
10-03 10:25:30.134   537   537 D SystemServerTiming: OnBootPhase_600_com.android.server.print.PrintManagerService took to complete: 0ms
10-03 10:25:30.134   537   537 I SystemServerTiming: OnBootPhase_600_com.android.server.blob.BlobStoreManagerService
10-03 10:25:30.136   537   642 D ConnectivityService: NetReassign [no changes]
10-03 10:25:30.143   537   537 D SystemServerTiming: OnBootPhase_600_com.android.server.blob.BlobStoreManagerService took to complete: 9ms
