10-03 10:25:29.572   537   537 I SystemServerTiming: OnBootPhase_500_com.android.server.security.FileIntegrityService
10-03 10:25:29.572   537   537 D SystemServerTiming: OnBootPhase_500_com.android.server.security.FileIntegrityService took to complete: 0ms
10-03 10:25:29.572   537   537 I SystemServerTiming: OnBootPhase_500_com.android.server.pm.Installer
10-03 10:25:29.572   537   537 D SystemServerTiming: OnBootPhase_500_com.android.server.pm.Installer took to complete: 0ms
10-03 10:25:29.572   537   537 I SystemServerTiming: OnBootPhase_500_com.android.server.os.DeviceIdentifiersPolicyService
10-03 10:25:29.572   537   537 D SystemServerTiming: OnBootPhase_500_com.android.server.os.DeviceIdentifiersPolicyService took to complete: 0ms
10-03 10:25:29.572   537   537 I SystemServerTiming: OnBootPhase_500_com.android.server.uri.UriGrantsManagerService$Lifecycle
10-03 10:25:29.572   537   537 D SystemServerTiming: OnBootPhase_500_com.android.server.uri.UriGrantsManagerService$Lifecycle took to complete: 0ms
10-03 10:25:29.572   537   537 I SystemServerTiming: OnBootPhase_500_com.android.server.wm.ActivityTaskManagerService$Lifecycle
10-03 10:25:29.572   537   537 D SystemServerTiming: OnBootPhase_500_com.android.server.wm.ActivityTaskManagerService$Lifecycle took to complete: 0ms
10-03 10:25:29.572   537   537 I SystemServerTiming: OnBootPhase_500_com.android.server.am.ActivityManagerService$Lifecycle
10-03 10:25:29.572   537   537 D SystemServerTiming: OnBootPhase_500_com.android.server.am.ActivityManagerService$Lifecycle took to complete: 0ms
10-03 10:25:29.572   537   537 I SystemServerTiming: OnBootPhase_500_com.android.server.pm.DataLoaderManagerService
10-03 10:25:29.572   537   537 D SystemServerTiming: OnBootPhase_500_com.android.server.pm.DataLoaderManagerService took to complete: 0ms
10-03 10:25:29.572   537   537 I SystemServerTiming: OnBootPhase_500_com.android.server.power.PowerManagerService
10-03 10:25:29.572   537   537 D SystemServerTiming: OnBootPhase_500_com.android.server.power.PowerManagerService took to complete: 0ms
10-03 10:25:29.572   537   537 I SystemServerTiming: OnBootPhase_500_com.android.server.power.ThermalManagerService
10-03 10:25:29.572   537   537 D SystemServerTiming: OnBootPhase_500_com.android.server.power.ThermalManagerService took to complete: 0ms
10-03 10:25:29.572   537   537 I SystemServerTiming: OnBootPhase_500_com.android.server.recoverysystem.RecoverySystemService$Lifecycle
10-03 10:25:29.572   537   537 D SystemServerTiming: OnBootPhase_500_com.android.server.recoverysystem.RecoverySystemService$Lifecycle took to complete: 0ms
10-03 10:25:29.572   537   537 I SystemServerTiming: OnBootPhase_500_com.android.server.lights.LightsService
10-03 10:25:29.572   537   537 D SystemServerTiming: OnBootPhase_500_com.android.server.lights.LightsService took to complete: 0ms
10-03 10:25:29.572   537   537 I SystemServerTiming: OnBootPhase_500_com.android.server.display.DisplayManagerService
10-03 10:25:29.572   537   537 D SystemServerTiming: OnBootPhase_500_com.android.server.display.DisplayManagerService took to complete: 0ms
10-03 10:25:29.572   537   537 I SystemServerTiming: OnBootPhase_500_com.android.server.pm.UserManagerService$LifeCycle
10-03 10:25:29.572   537   537 D SystemServerTiming: OnBootPhase_500_com.android.server.pm.UserManagerService$LifeCycle took to complete: 0ms
10-03 10:25:29.572   537   537 I SystemServerTiming: OnBootPhase_500_com.android.server.om.OverlayManagerService
10-03 10:25:29.572   537   537 D SystemServerTiming: OnBootPhase_500_com.android.server.om.OverlayManagerService took to complete: 0ms
10-03 10:25:29.572   537   537 I SystemServerTiming: OnBootPhase_500_com.android.server.SensorPrivacyService
10-03 10:25:29.573   537   537 D SystemServerTiming: OnBootPhase_500_com.android.server.SensorPrivacyService took to complete: 0ms
10-03 10:25:29.573   537   537 I SystemServerTiming: OnBootPhase_500_com.android.server.SystemConfigService
10-03 10:25:29.573   537   537 D SystemServerTiming: OnBootPhase_500_com.android.server.SystemConfigService took to complete: 0ms
10-03 10:25:29.573   537   537 I SystemServerTiming: OnBootPhase_500_com.android.server.BatteryService
10-03 10:25:29.573   537   537 D SystemServerTiming: OnBootPhase_500_com.android.server.BatteryService took to complete: 0ms
10-03 10:25:29.573   537   537 I SystemServerTiming: OnBootPhase_500_com.android.server.usage.UsageStatsService
10-03 10:25:29.573   537   537 D AppStandbyController: Setting app idle enabled state
10-03 10:25:29.574   537   537 E HistoricalRegistry: Interaction before persistence initialized
10-03 10:25:29.574   537   537 D SystemServerTiming: OnBootPhase_500_com.android.server.usage.UsageStatsService took to complete: 2ms
10-03 10:25:29.574   537   537 I SystemServerTiming: OnBootPhase_500_com.android.server.webkit.WebViewUpdateService
10-03 10:25:29.574   537   537 D SystemServerTiming: OnBootPhase_500_com.android.server.webkit.WebViewUpdateService took to complete: 0ms
10-03 10:25:29.574   537   537 I SystemServerTiming: OnBootPhase_500_com.android.server.CachedDeviceStateService
10-03 10:25:29.574   537   537 D SystemServerTiming: OnBootPhase_500_com.android.server.CachedDeviceStateService took to complete: 0ms
10-03 10:25:29.574   537   537 I SystemServerTiming: OnBootPhase_500_com.android.server.BinderCallsStatsService$LifeCycle
10-03 10:25:29.577   537   537 D SystemServerTiming: OnBootPhase_500_com.android.server.BinderCallsStatsService$LifeCycle took to complete: 3ms
10-03 10:25:29.577   537   537 I SystemServerTiming: OnBootPhase_500_com.android.server.LooperStatsService$Lifecycle
10-03 10:25:29.583   537   537 D SystemServerTiming: OnBootPhase_500_com.android.server.LooperStatsService$Lifecycle took to complete: 5ms
10-03 10:25:29.583   537   537 I SystemServerTiming: OnBootPhase_500_com.android.server.rollback.RollbackManagerService
10-03 10:25:29.583   537   537 D SystemServerTiming: OnBootPhase_500_com.android.server.rollback.RollbackManagerService took to complete: 0ms
10-03 10:25:29.583   537   537 I SystemServerTiming: OnBootPhase_500_com.android.server.os.BugreportManagerService
10-03 10:25:29.583   537   537 D SystemServerTiming: OnBootPhase_500_com.android.server.os.BugreportManagerService took to complete: 0ms
10-03 10:25:29.583   537   537 I SystemServerTiming: OnBootPhase_500_com.android.server.gpu.GpuService
10-03 10:25:29.583   537   537 D SystemServerTiming: OnBootPhase_500_com.android.server.gpu.GpuService took to complete: 0ms
10-03 10:25:29.583   537   537 I SystemServerTiming: OnBootPhase_500_com.android.server.security.KeyChainSystemService
10-03 10:25:29.583   537   537 D SystemServerTiming: OnBootPhase_500_com.android.server.security.KeyChainSystemService took to complete: 0ms
10-03 10:25:29.583   537   537 I SystemServerTiming: OnBootPhase_500_com.android.server.telecom.TelecomLoaderService
10-03 10:25:29.583   537   537 D SystemServerTiming: OnBootPhase_500_com.android.server.telecom.TelecomLoaderService took to complete: 0ms
10-03 10:25:29.583   537   537 I SystemServerTiming: OnBootPhase_500_com.android.server.accounts.AccountManagerService$Lifecycle
10-03 10:25:29.583   537   537 D SystemServerTiming: OnBootPhase_500_com.android.server.accounts.AccountManagerService$Lifecycle took to complete: 0ms
10-03 10:25:29.583   537   537 I SystemServerTiming: OnBootPhase_500_com.android.server.content.ContentService$Lifecycle
10-03 10:25:29.583   537   537 D SystemServerTiming: OnBootPhase_500_com.android.server.content.ContentService$Lifecycle took to complete: 0ms
10-03 10:25:29.583   537   537 I SystemServerTiming: OnBootPhase_500_com.android.server.DropBoxManagerService
10-03 10:25:29.583   537   537 D SystemServerTiming: OnBootPhase_500_com.android.server.DropBoxManagerService took to complete: 0ms
10-03 10:25:29.583   537   537 I SystemServerTiming: OnBootPhase_500_com.android.server.AlarmManagerService
10-03 10:25:29.584   537   537 D SystemServerTiming: OnBootPhase_500_com.android.server.AlarmManagerService took to complete: 0ms
10-03 10:25:29.584   537   537 I SystemServerTiming: OnBootPhase_500_com.android.server.BluetoothService
10-03 10:25:29.584   537   537 D SystemServerTiming: OnBootPhase_500_com.android.server.BluetoothService took to complete: 1ms
10-03 10:25:29.584   537   537 I SystemServerTiming: OnBootPhase_500_com.android.server.connectivity.IpConnectivityMetrics
10-03 10:25:29.586   537   537 D SystemServerTiming: OnBootPhase_500_com.android.server.connectivity.IpConnectivityMetrics took to complete: 2ms
10-03 10:25:29.586   537   537 I SystemServerTiming: OnBootPhase_500_com.android.server.net.watchlist.NetworkWatchlistService$Lifecycle
10-03 10:25:29.586   537   537 D SystemServerTiming: OnBootPhase_500_com.android.server.net.watchlist.NetworkWatchlistService$Lifecycle took to complete: 0ms
10-03 10:25:29.586   537   537 I SystemServerTiming: OnBootPhase_500_com.android.server.PinnerService
10-03 10:25:29.586   537   537 D SystemServerTiming: OnBootPhase_500_com.android.server.PinnerService took to complete: 0ms
10-03 10:25:29.586   537   537 I SystemServerTiming: OnBootPhase_500_com.google.android.startop.iorap.IorapForwardingService
10-03 10:25:29.586   537   537 D SystemServerTiming: OnBootPhase_500_com.google.android.startop.iorap.IorapForwardingService took to complete: 0ms
10-03 10:25:29.586   537   537 I SystemServerTiming: OnBootPhase_500_com.android.server.integrity.AppIntegrityManagerService
10-03 10:25:29.586   537   537 D SystemServerTiming: OnBootPhase_500_com.android.server.integrity.AppIntegrityManagerService took to complete: 0ms
10-03 10:25:29.586   537   537 I SystemServerTiming: OnBootPhase_500_com.android.server.inputmethod.InputMethodManagerService$Lifecycle
10-03 10:25:29.586   537   537 D SystemServerTiming: OnBootPhase_500_com.android.server.inputmethod.InputMethodManagerService$Lifecycle took to complete: 0ms
10-03 10:25:29.586   537   537 I SystemServerTiming: OnBootPhase_500_com.android.server.accessibility.AccessibilityManagerService$Lifecycle
10-03 10:25:29.586   537   537 D SystemServerTiming: OnBootPhase_500_com.android.server.accessibility.AccessibilityManagerService$Lifecycle took to complete: 0ms
10-03 10:25:29.586   537   537 I SystemServerTiming: OnBootPhase_500_com.android.server.StorageManagerService$Lifecycle
10-03 10:25:29.587   537   537 D SystemServerTiming: OnBootPhase_500_com.android.server.StorageManagerService$Lifecycle took to complete: 1ms
10-03 10:25:29.587   537   537 I SystemServerTiming: OnBootPhase_500_com.android.server.usage.StorageStatsService$Lifecycle
10-03 10:25:29.587   537   537 D SystemServerTiming: OnBootPhase_500_com.android.server.usage.StorageStatsService$Lifecycle took to complete: 0ms
10-03 10:25:29.587   537   537 I SystemServerTiming: OnBootPhase_500_com.android.server.UiModeManagerService
10-03 10:25:29.589   537   537 I ActivityTaskManager: Config changes=200 {1.0 ?mcc?mnc [en_US] ldltr sw392dp w392dp h713dp 440dpi nrml long port finger qwerty/v/v dpad/v winConfig={ mBounds=Rect(0, 0 - 1080, 2160) mAppBounds=Rect(0, 0 - 1080, 2028) mWindowingMode=fullscreen mDisplayWindowingMode=fullscreen mActivityType=undefined mAlwaysOnTop=undefined mRotation=ROTATION_0} s.6}
10-03 10:25:29.593   537   537 I WindowManager: Override config changes=200 {1.0 ?mcc?mnc [en_US] ldltr sw392dp w392dp h713dp 440dpi nrml long port finger qwerty/v/v dpad/v winConfig={ mBounds=Rect(0, 0 - 1080, 2160) mAppBounds=Rect(0, 0 - 1080, 2028) mWindowingMode=fullscreen mDisplayWindowingMode=fullscreen mActivityType=undefined mAlwaysOnTop=undefined mRotation=ROTATION_0} s.6} for displayId=0
10-03 10:25:29.594   537   537 D SystemServerTiming: OnBootPhase_500_com.android.server.UiModeManagerService took to complete: 7ms
10-03 10:25:29.594   537   537 I SystemServerTiming: OnBootPhase_500_com.android.server.locksettings.LockSettingsService$Lifecycle
10-03 10:25:29.594   537   537 D SystemServerTiming: OnBootPhase_500_com.android.server.locksettings.LockSettingsService$Lifecycle took to complete: 0ms
10-03 10:25:29.594   537   537 I SystemServerTiming: OnBootPhase_500_com.android.server.testharness.TestHarnessModeService
10-03 10:25:29.594   537   537 D TestHarnessModeService: Setting up test harness mode
10-03 10:25:29.594   537   537 D TestHarnessModeService: Getting PersistentDataBlockManagerInternal from LocalServices
10-03 10:25:29.594   537   537 E TestHarnessModeService: Failed to start Test Harness Mode; no implementation of PersistentDataBlockManagerInternal was bound!
10-03 10:25:29.594   537   537 D SystemServerTiming: OnBootPhase_500_com.android.server.testharness.TestHarnessModeService took to complete: 0ms
10-03 10:25:29.594   537   537 I SystemServerTiming: OnBootPhase_500_com.android.server.DeviceIdleController
10-03 10:25:29.596   537   537 E HistoricalRegistry: Interaction before persistence initialized
10-03 10:25:29.596   537   537 D SystemServerTiming: OnBootPhase_500_com.android.server.DeviceIdleController took to complete: 2ms
10-03 10:25:29.596   537   537 I SystemServerTiming: OnBootPhase_500_com.android.server.devicepolicy.DevicePolicyManagerService$Lifecycle
10-03 10:25:29.596   537   537 D SystemServerTiming: OnBootPhase_500_com.android.server.devicepolicy.DevicePolicyManagerService$Lifecycle took to complete: 0ms
10-03 10:25:29.596   537   537 I SystemServerTiming: OnBootPhase_500_com.android.server.contentcapture.ContentCaptureManagerService
10-03 10:25:29.596   537   537 D SystemServerTiming: OnBootPhase_500_com.android.server.contentcapture.ContentCaptureManagerService took to complete: 0ms
10-03 10:25:29.596   537   537 I SystemServerTiming: OnBootPhase_500_com.android.server.systemcaptions.SystemCaptionsManagerService
10-03 10:25:29.596   537   537 D SystemServerTiming: OnBootPhase_500_com.android.server.systemcaptions.SystemCaptionsManagerService took to complete: 0ms
10-03 10:25:29.596   537   537 I SystemServerTiming: OnBootPhase_500_com.android.server.appprediction.AppPredictionManagerService
10-03 10:25:29.596   537   537 D SystemServerTiming: OnBootPhase_500_com.android.server.appprediction.AppPredictionManagerService took to complete: 0ms
10-03 10:25:29.596   537   537 I SystemServerTiming: OnBootPhase_500_com.android.server.contentsuggestions.ContentSuggestionsManagerService
10-03 10:25:29.596   537   537 D SystemServerTiming: OnBootPhase_500_com.android.server.contentsuggestions.ContentSuggestionsManagerService took to complete: 0ms
10-03 10:25:29.596   537   537 I SystemServerTiming: OnBootPhase_500_com.android.server.textservices.TextServicesManagerService$Lifecycle
10-03 10:25:29.596   537   537 D SystemServerTiming: OnBootPhase_500_com.android.server.textservices.TextServicesManagerService$Lifecycle took to complete: 0ms
10-03 10:25:29.596   537   537 I SystemServerTiming: OnBootPhase_500_com.android.server.textclassifier.TextClassificationManagerService$Lifecycle
10-03 10:25:29.596   537   537 D SystemServerTiming: OnBootPhase_500_com.android.server.textclassifier.TextClassificationManagerService$Lifecycle took to complete: 0ms
10-03 10:25:29.596   537   537 I SystemServerTiming: OnBootPhase_500_com.android.server.NetworkScoreService$Lifecycle
10-03 10:25:29.596   537   537 D SystemServerTiming: OnBootPhase_500_com.android.server.NetworkScoreService$Lifecycle took to complete: 0ms
10-03 10:25:29.596   537   537 I SystemServerTiming: OnBootPhase_500_com.android.server.wifi.WifiService
10-03 10:25:29.601   537   537 D SystemServerTiming: OnBootPhase_500_com.android.server.wifi.WifiService took to complete: 5ms
10-03 10:25:29.601   537   537 I SystemServerTiming: OnBootPhase_500_com.android.server.wifi.scanner.WifiScanningService
10-03 10:25:29.602   537   537 D SystemServerTiming: OnBootPhase_500_com.android.server.wifi.scanner.WifiScanningService took to complete: 0ms
10-03 10:25:29.602   537   537 I SystemServerTiming: OnBootPhase_500_com.android.server.wifi.p2p.WifiP2pService
10-03 10:25:29.607   537   537 D SystemServerTiming: OnBootPhase_500_com.android.server.wifi.p2p.WifiP2pService took to complete: 5ms
10-03 10:25:29.607   537   537 I SystemServerTiming: OnBootPhase_500_com.android.server.notification.NotificationManagerService
10-03 10:25:29.608   537   566 I DropBoxManagerService: add tag=system_server_wtf isTagEnabled=true flags=0x2
10-03 10:25:29.614   537   537 D SystemServerTiming: OnBootPhase_500_com.android.server.notification.NotificationManagerService took to complete: 7ms
10-03 10:25:29.614   537   537 I SystemServerTiming: OnBootPhase_500_com.android.server.storage.DeviceStorageMonitorService
10-03 10:25:29.614   537   537 D SystemServerTiming: OnBootPhase_500_com.android.server.storage.DeviceStorageMonitorService took to complete: 0ms
10-03 10:25:29.614   537   537 I SystemServerTiming: OnBootPhase_500_com.android.server.location.LocationManagerService$Lifecycle
10-03 10:25:29.615   537   537 E HistoricalRegistry: Interaction before persistence initialized
10-03 10:25:29.615   537   537 D SystemServerTiming: OnBootPhase_500_com.android.server.location.LocationManagerService$Lifecycle took to complete: 1ms
10-03 10:25:29.615   537   537 I SystemServerTiming: OnBootPhase_500_com.android.server.timedetector.TimeDetectorService$Lifecycle
10-03 10:25:29.615   537   537 D SystemServerTiming: OnBootPhase_500_com.android.server.timedetector.TimeDetectorService$Lifecycle took to complete: 0ms
10-03 10:25:29.615   537   537 I SystemServerTiming: OnBootPhase_500_com.android.server.timezonedetector.TimeZoneDetectorService$Lifecycle
10-03 10:25:29.615   537   537 D SystemServerTiming: OnBootPhase_500_com.android.server.timezonedetector.TimeZoneDetectorService$Lifecycle took to complete: 0ms
10-03 10:25:29.615   537   537 I SystemServerTiming: OnBootPhase_500_com.android.server.search.SearchManagerService$Lifecycle
10-03 10:25:29.615   537   537 D SystemServerTiming: OnBootPhase_500_com.android.server.search.SearchManagerService$Lifecycle took to complete: 0ms
10-03 10:25:29.615   537   537 I SystemServerTiming: OnBootPhase_500_com.android.server.wallpaper.WallpaperManagerService$Lifecycle
10-03 10:25:29.615   537   537 D SystemServerTiming: OnBootPhase_500_com.android.server.wallpaper.WallpaperManagerService$Lifecycle took to complete: 0ms
10-03 10:25:29.615   537   537 I SystemServerTiming: OnBootPhase_500_com.android.server.audio.AudioService$Lifecycle
10-03 10:25:29.615   537   537 D SystemServerTiming: OnBootPhase_500_com.android.server.audio.AudioService$Lifecycle took to complete: 0ms
10-03 10:25:29.615   537   537 I SystemServerTiming: OnBootPhase_500_com.android.server.soundtrigger_middleware.SoundTriggerMiddlewareService$Lifecycle
10-03 10:25:29.615   537   537 D SystemServerTiming: OnBootPhase_500_com.android.server.soundtrigger_middleware.SoundTriggerMiddlewareService$Lifecycle took to complete: 0ms
10-03 10:25:29.615   537   537 I SystemServerTiming: OnBootPhase_500_com.android.server.DockObserver
10-03 10:25:29.615   537   537 D SystemServerTiming: OnBootPhase_500_com.android.server.DockObserver took to complete: 0ms
10-03 10:25:29.615   537   537 I SystemServerTiming: OnBootPhase_500_com.android.server.midi.MidiService$Lifecycle
10-03 10:25:29.615   537   537 D SystemServerTiming: OnBootPhase_500_com.android.server.midi.MidiService$Lifecycle took to complete: 0ms
10-03 10:25:29.615   537   537 I SystemServerTiming: OnBootPhase_500_com.android.server.adb.AdbService$Lifecycle
10-03 10:25:29.615   537   537 D SystemServerTiming: OnBootPhase_500_com.android.server.adb.AdbService$Lifecycle took to complete: 0ms
10-03 10:25:29.615   537   537 I SystemServerTiming: OnBootPhase_500_com.android.server.usb.UsbService$Lifecycle
10-03 10:25:29.615   537   537 D SystemServerTiming: OnBootPhase_500_com.android.server.usb.UsbService$Lifecycle took to complete: 0ms
10-03 10:25:29.615   537   537 I SystemServerTiming: OnBootPhase_500_com.android.server.twilight.TwilightService
10-03 10:25:29.615   537   537 D SystemServerTiming: OnBootPhase_500_com.android.server.twilight.TwilightService took to complete: 0ms
10-03 10:25:29.615   537   537 I SystemServerTiming: OnBootPhase_500_com.android.server.display.color.ColorDisplayService
10-03 10:25:29.615   537   537 D SystemServerTiming: OnBootPhase_500_com.android.server.display.color.ColorDisplayService took to complete: 0ms
10-03 10:25:29.615   537   537 I SystemServerTiming: OnBootPhase_500_com.android.server.job.JobSchedulerService
10-03 10:25:29.617   537   537 E HistoricalRegistry: Interaction before persistence initialized
10-03 10:25:29.617   537   537 D SystemServerTiming: OnBootPhase_500_com.android.server.job.JobSchedulerService took to complete: 2ms
10-03 10:25:29.617   537   537 I SystemServerTiming: OnBootPhase_500_com.android.server.soundtrigger.SoundTriggerService
10-03 10:25:29.617   537   537 D SoundTriggerService: onBootPhase: 500 : false
10-03 10:25:29.617   537   537 D SystemServerTiming: OnBootPhase_500_com.android.server.soundtrigger.SoundTriggerService took to complete: 0ms
10-03 10:25:29.617   537   537 I SystemServerTiming: OnBootPhase_500_com.android.server.trust.TrustManagerService
10-03 10:25:29.617   537   537 D SystemServerTiming: OnBootPhase_500_com.android.server.trust.TrustManagerService took to complete: 0ms
10-03 10:25:29.617   537   537 I SystemServerTiming: OnBootPhase_500_com.android.server.backup.BackupManagerService$Lifecycle
10-03 10:25:29.617   537   537 D SystemServerTiming: OnBootPhase_500_com.android.server.backup.BackupManagerService$Lifecycle took to complete: 0ms
10-03 10:25:29.617   537   537 I SystemServerTiming: OnBootPhase_500_com.android.server.appwidget.AppWidgetService
10-03 10:25:29.617   537   537 D SystemServerTiming: OnBootPhase_500_com.android.server.appwidget.AppWidgetService took to complete: 0ms
10-03 10:25:29.617   537   537 I SystemServerTiming: OnBootPhase_500_com.android.server.role.RoleManagerService
10-03 10:25:29.617   537   537 D SystemServerTiming: OnBootPhase_500_com.android.server.role.RoleManagerService took to complete: 0ms
10-03 10:25:29.617   537   537 I SystemServerTiming: OnBootPhase_500_com.android.server.voiceinteraction.VoiceInteractionManagerService
10-03 10:25:29.617   537   537 D SystemServerTiming: OnBootPhase_500_com.android.server.voiceinteraction.VoiceInteractionManagerService took to complete: 0ms
10-03 10:25:29.617   537   537 I SystemServerTiming: OnBootPhase_500_com.android.server.GestureLauncherService
10-03 10:25:29.617   537   537 D SystemServerTiming: OnBootPhase_500_com.android.server.GestureLauncherService took to complete: 0ms
10-03 10:25:29.617   537   537 I SystemServerTiming: OnBootPhase_500_com.android.server.SensorNotificationService
10-03 10:25:29.617   537   537 D SystemServerTiming: OnBootPhase_500_com.android.server.SensorNotificationService took to complete: 0ms
10-03 10:25:29.617   537   537 I SystemServerTiming: OnBootPhase_500_com.android.server.emergency.EmergencyAffordanceService
10-03 10:25:29.617   537   537 D SystemServerTiming: OnBootPhase_500_com.android.server.emergency.EmergencyAffordanceService took to complete: 0ms
10-03 10:25:29.617   537   537 I SystemServerTiming: OnBootPhase_500_com.android.server.dreams.DreamManagerService
10-03 10:25:29.617   537   537 D SystemServerTiming: OnBootPhase_500_com.android.server.dreams.DreamManagerService took to complete: 0ms
10-03 10:25:29.617   537   537 I SystemServerTiming: OnBootPhase_500_com.android.server.print.PrintManagerService
10-03 10:25:29.617   537   537 D SystemServerTiming: OnBootPhase_500_com.android.server.print.PrintManagerService took to complete: 0ms
10-03 10:25:29.617   537   537 I SystemServerTiming: OnBootPhase_500_com.android.server.blob.BlobStoreManagerService
10-03 10:25:29.617   537   537 D SystemServerTiming: OnBootPhase_500_com.android.server.blob.BlobStoreManagerService took to complete: 0ms
10-03 10:25:29.617   537   537 I SystemServerTiming: OnBootPhase_500_com.android.server.companion.CompanionDeviceManagerService
10-03 10:25:29.617   537   537 D SystemServerTiming: OnBootPhase_500_com.android.server.companion.CompanionDeviceManagerService took to complete: 0ms
10-03 10:25:29.617   537   537 I SystemServerTiming: OnBootPhase_500_com.android.server.restrictions.RestrictionsManagerService
10-03 10:25:29.617   537   537 D SystemServerTiming: OnBootPhase_500_com.android.server.restrictions.RestrictionsManagerService took to complete: 0ms
10-03 10:25:29.617   537   537 I SystemServerTiming: OnBootPhase_500_com.android.server.media.MediaSessionService
10-03 10:25:29.617   537   537 D SystemServerTiming: OnBootPhase_500_com.android.server.media.MediaSessionService took to complete: 0ms
10-03 10:25:29.617   537   537 I SystemServerTiming: OnBootPhase_500_com.android.server.media.MediaResourceMonitorService
10-03 10:25:29.617   537   537 D SystemServerTiming: OnBootPhase_500_com.android.server.media.MediaResourceMonitorService took to complete: 0ms
10-03 10:25:29.617   537   537 I SystemServerTiming: OnBootPhase_500_com.android.server.biometrics.fingerprint.FingerprintService
10-03 10:25:29.617   537   537 D SystemServerTiming: OnBootPhase_500_com.android.server.biometrics.fingerprint.FingerprintService took to complete: 0ms
10-03 10:25:29.617   537   537 I SystemServerTiming: OnBootPhase_500_com.android.server.biometrics.BiometricService
10-03 10:25:29.617   537   537 D SystemServerTiming: OnBootPhase_500_com.android.server.biometrics.BiometricService took to complete: 0ms
10-03 10:25:29.617   537   537 I SystemServerTiming: OnBootPhase_500_com.android.server.biometrics.AuthService
10-03 10:25:29.617   537   537 D SystemServerTiming: OnBootPhase_500_com.android.server.biometrics.AuthService took to complete: 0ms
10-03 10:25:29.617   537   537 I SystemServerTiming: OnBootPhase_500_com.android.server.pm.ShortcutService$Lifecycle
10-03 10:25:29.617   537   537 D SystemServerTiming: OnBootPhase_500_com.android.server.pm.ShortcutService$Lifecycle took to complete: 0ms
10-03 10:25:29.617   537   537 I SystemServerTiming: OnBootPhase_500_com.android.server.pm.LauncherAppsService
10-03 10:25:29.617   537   537 D SystemServerTiming: OnBootPhase_500_com.android.server.pm.LauncherAppsService took to complete: 0ms
10-03 10:25:29.617   537   537 I SystemServerTiming: OnBootPhase_500_com.android.server.pm.CrossProfileAppsService
10-03 10:25:29.617   537   537 D SystemServerTiming: OnBootPhase_500_com.android.server.pm.CrossProfileAppsService took to complete: 0ms
10-03 10:25:29.617   537   537 I SystemServerTiming: OnBootPhase_500_com.android.server.people.PeopleService
10-03 10:25:29.618   537   537 D SystemServerTiming: OnBootPhase_500_com.android.server.people.PeopleService took to complete: 0ms
10-03 10:25:29.618   537   537 I SystemServerTiming: OnBootPhase_500_com.android.server.media.projection.MediaProjectionManagerService
10-03 10:25:29.618   537   537 D SystemServerTiming: OnBootPhase_500_com.android.server.media.projection.MediaProjectionManagerService took to complete: 0ms
10-03 10:25:29.618   537   537 I SystemServerTiming: OnBootPhase_500_com.android.server.slice.SliceManagerService$Lifecycle
10-03 10:25:29.618   537   537 D SystemServerTiming: OnBootPhase_500_com.android.server.slice.SliceManagerService$Lifecycle took to complete: 0ms
10-03 10:25:29.618   537   537 I SystemServerTiming: OnBootPhase_500_com.android.server.camera.CameraServiceProxy
10-03 10:25:29.618   537   537 D SystemServerTiming: OnBootPhase_500_com.android.server.camera.CameraServiceProxy took to complete: 0ms
10-03 10:25:29.618   537   537 I SystemServerTiming: OnBootPhase_500_com.android.server.stats.StatsCompanion$Lifecycle
10-03 10:25:29.618   537   537 D SystemServerTiming: OnBootPhase_500_com.android.server.stats.StatsCompanion$Lifecycle took to complete: 0ms
10-03 10:25:29.618   537   537 I SystemServerTiming: OnBootPhase_500_com.android.server.stats.pull.StatsPullAtomService
10-03 10:25:29.618   537   537 D SystemServerTiming: OnBootPhase_500_com.android.server.stats.pull.StatsPullAtomService took to complete: 0ms
10-03 10:25:29.618   537   537 I SystemServerTiming: OnBootPhase_500_com.android.server.incident.IncidentCompanionService
10-03 10:25:29.618   537   537 D SystemServerTiming: OnBootPhase_500_com.android.server.incident.IncidentCompanionService took to complete: 0ms
10-03 10:25:29.618   537   537 I SystemServerTiming: OnBootPhase_500_com.android.server.MmsServiceBroker
10-03 10:25:29.618   537   537 D SystemServerTiming: OnBootPhase_500_com.android.server.MmsServiceBroker took to complete: 0ms
10-03 10:25:29.618   537   537 I SystemServerTiming: OnBootPhase_500_com.android.server.autofill.AutofillManagerService
10-03 10:25:29.618   537   537 D SystemServerTiming: OnBootPhase_500_com.android.server.autofill.AutofillManagerService took to complete: 0ms
10-03 10:25:29.618   537   537 I SystemServerTiming: OnBootPhase_500_com.android.server.clipboard.ClipboardService
10-03 10:25:29.618   537   537 D SystemServerTiming: OnBootPhase_500_com.android.server.clipboard.ClipboardService took to complete: 0ms
10-03 10:25:29.618   537   537 I SystemServerTiming: OnBootPhase_500_com.android.server.appbinding.AppBindingService$Lifecycle
10-03 10:25:29.618   537   537 D SystemServerTiming: OnBootPhase_500_com.android.server.appbinding.AppBindingService$Lifecycle took to complete: 0ms
10-03 10:25:29.618   537   537 D SystemServerTiming: OnBootPhase_500 took to complete: 46ms
10-03 10:25:29.618   537   537 D SystemServerTiming: StartBootPhaseSystemServicesReady took to complete: 47ms
10-03 10:25:29.618   537   537 I SystemServerTiming: MakeWindowManagerServiceReady
10-03 10:25:29.624   537   537 D SystemServerTiming: MakeWindowManagerServiceReady took to complete: 6ms
10-03 10:25:29.624   537   537 I SystemServerTiming: MakePowerManagerServiceReady
10-03 10:25:29.627   537   675 I DropBoxManagerService: add tag=system_server_wtf isTagEnabled=true flags=0x2
10-03 10:25:29.629   537   677 I DropBoxManagerService: add tag=system_server_wtf isTagEnabled=true flags=0x2
10-03 10:25:29.630   537   565 I HealthServiceWrapper: health: HealthServiceWrapper listening to instance default
10-03 10:25:29.631   537   565 D StatsPullAtomService: Registering pullers with statsd
10-03 10:25:29.632   537   537 E DisplayPowerController: failed to set up display white-balance: java.lang.IllegalStateException: cannot find sensor com.google.sensor.color
10-03 10:25:29.633   537   642 D ConnectivityService: NetReassign [no changes]
10-03 10:25:29.633   537   565 I StatsPullAtomService: register thermal listener successfully
10-03 10:25:29.635   326   326 I android.hardware.wifi@1.0-service: Wifi HAL started
10-03 10:25:29.637   537   537 D SystemServerTiming: MakePowerManagerServiceReady took to complete: 13ms
10-03 10:25:29.637   537   537 I SystemServerTiming: StartPermissionPolicyService
10-03 10:25:29.637   537   537 I SystemServiceManager: Starting com.android.server.policy.PermissionPolicyService
10-03 10:25:29.639   537   537 D SystemServerTiming: StartPermissionPolicyService took to complete: 2ms
10-03 10:25:29.639   537   537 I SystemServerTiming: MakePackageManagerServiceReady
10-03 10:25:29.648   326   326 I android.hardware.wifi@1.0-service: Adding interface handle for wlan0
10-03 10:25:29.648   326   326 W android.hardware.wifi@1.0-service: No active wlan interfaces in use! Using default
10-03 10:25:29.648   326   326 E android.hardware.wifi@1.0-service: Failed to register radio mode change callback
10-03 10:25:29.648   326   326 W android.hardware.wifi@1.0-service: No active wlan interfaces in use! Using default
10-03 10:25:29.917     0     0 E init    : Unable to set property 'vendor.wlan.firmware.version' from uid:1010 gid:1010 pid:326: SELinux permission check failed
10-03 10:25:29.917     0     0 W healthd : battery l=100 v=5000 t=25.0 h=2 st=4 c=900000 fc=300000 cc=10 chg=
10-03 10:25:29.920     0     0 E init    : Unable to set property 'vendor.wlan.driver.version' from uid:1010 gid:1010 pid:326: SELinux permission check failed
10-03 10:25:29.658   326   326 I android.hardware.wifi@1.0-service: Configured chip in mode 0
10-03 10:25:29.658   326   326 W android.hardware.wifi@1.0-service: No active wlan interfaces in use! Using default
10-03 10:25:29.661   326   326 I android.hardware.wifi@1.0-service: Adding interface handle for wlan0
10-03 10:25:29.661   326   326 E android.hardware.wifi@1.0-service: Failed to set DFS flag; DFS channels may be unavailable.
10-03 10:25:29.940     0     0 I IPv6    : ADDRCONF(NETDEV_CHANGE): wlan1: link becomes ready
10-03 10:25:29.944     0     0 I br0     : port 3(wlan1) entered blocking state
10-03 10:25:29.949     0     0 I br0     : port 3(wlan1) entered forwarding state
10-03 10:25:29.685   537   579 W KeyguardServiceDelegate: onScreenTurningOn(): no keyguard service!
10-03 10:25:29.686   537   579 V DisplayPowerController: Brightness [0.39763778] reason changing to: 'override', previous reason: '0'.
10-03 10:25:29.689   537   537 I PackageManager: Permission ownership changed. Updating all permissions.
10-03 10:25:29.690   428   428 I wificond: create scanner for interface with index: 14
10-03 10:25:29.691   428   428 I wificond: subscribe scan result for interface with index: 14
10-03 10:25:29.692   537   559 I DropBoxManagerService: add tag=system_server_strictmode isTagEnabled=true flags=0x2
10-03 10:25:29.704   537   537 V UserDataPreparer: Found /data/user_de/0 with serial number 0
10-03 10:25:29.704   537   537 V UserDataPreparer: Found /data/user/0 with serial number 0
10-03 10:25:29.704   537   537 V UserDataPreparer: Found /data/system_de/0 with serial number 0
10-03 10:25:29.704   537   537 V UserDataPreparer: Found /data/system_ce/0 with serial number 0
10-03 10:25:29.704   537   537 V UserDataPreparer: Found /data/misc_ce/0 with serial number 0
10-03 10:25:29.707   537   537 D SystemServerTiming: MakePackageManagerServiceReady took to complete: 68ms
10-03 10:25:29.707   537   537 I SystemServerTiming: MakeDisplayManagerServiceReady
10-03 10:25:29.708   537   560 E DisplayModeDirector: Asked about unknown display, returning empty display mode specs!(id=0)
10-03 10:25:29.708   537   560 E DisplayModeDirector: Asked about unknown display, returning empty display mode specs!(id=0)
10-03 10:25:29.708   537   537 D SystemServerTiming: MakeDisplayManagerServiceReady took to complete: 1ms
10-03 10:25:29.708   537   537 I SystemServerTiming: StartDeviceSpecificServices
10-03 10:25:29.708   537   537 D SystemServerTiming: StartDeviceSpecificServices took to complete: 0ms
10-03 10:25:29.708   537   537 I SystemServerTiming: StartBootPhaseDeviceSpecificServicesReady
10-03 10:25:29.708   537   537 I SystemServiceManager: Starting phase 520
10-03 10:25:29.708   537   537 I SystemServerTiming: OnBootPhase_520
10-03 10:25:29.708   537   537 I SystemServerTiming: OnBootPhase_520_com.android.server.security.FileIntegrityService
10-03 10:25:29.708   537   537 D SystemServerTiming: OnBootPhase_520_com.android.server.security.FileIntegrityService took to complete: 0ms
10-03 10:25:29.708   537   537 I SystemServerTiming: OnBootPhase_520_com.android.server.pm.Installer
10-03 10:25:29.708   537   537 D SystemServerTiming: OnBootPhase_520_com.android.server.pm.Installer took to complete: 0ms
10-03 10:25:29.708   537   537 I SystemServerTiming: OnBootPhase_520_com.android.server.os.DeviceIdentifiersPolicyService
10-03 10:25:29.708   537   537 D SystemServerTiming: OnBootPhase_520_com.android.server.os.DeviceIdentifiersPolicyService took to complete: 0ms
10-03 10:25:29.708   537   537 I SystemServerTiming: OnBootPhase_520_com.android.server.uri.UriGrantsManagerService$Lifecycle
10-03 10:25:29.708   537   537 D SystemServerTiming: OnBootPhase_520_com.android.server.uri.UriGrantsManagerService$Lifecycle took to complete: 0ms
10-03 10:25:29.708   537   537 I SystemServerTiming: OnBootPhase_520_com.android.server.wm.ActivityTaskManagerService$Lifecycle
10-03 10:25:29.708   537   537 D SystemServerTiming: OnBootPhase_520_com.android.server.wm.ActivityTaskManagerService$Lifecycle took to complete: 0ms
10-03 10:25:29.708   537   537 I SystemServerTiming: OnBootPhase_520_com.android.server.am.ActivityManagerService$Lifecycle
10-03 10:25:29.708   537   537 D SystemServerTiming: OnBootPhase_520_com.android.server.am.ActivityManagerService$Lifecycle took to complete: 0ms
10-03 10:25:29.708   537   537 I SystemServerTiming: OnBootPhase_520_com.android.server.pm.DataLoaderManagerService
10-03 10:25:29.708   537   537 D SystemServerTiming: OnBootPhase_520_com.android.server.pm.DataLoaderManagerService took to complete: 0ms
10-03 10:25:29.708   537   537 I SystemServerTiming: OnBootPhase_520_com.android.server.power.PowerManagerService
10-03 10:25:29.708   537   537 D SystemServerTiming: OnBootPhase_520_com.android.server.power.PowerManagerService took to complete: 0ms
10-03 10:25:29.708   537   537 I SystemServerTiming: OnBootPhase_520_com.android.server.power.ThermalManagerService
10-03 10:25:29.708   537   537 D SystemServerTiming: OnBootPhase_520_com.android.server.power.ThermalManagerService took to complete: 0ms
10-03 10:25:29.708   537   537 I SystemServerTiming: OnBootPhase_520_com.android.server.recoverysystem.RecoverySystemService$Lifecycle
10-03 10:25:29.708   537   537 D SystemServerTiming: OnBootPhase_520_com.android.server.recoverysystem.RecoverySystemService$Lifecycle took to complete: 0ms
10-03 10:25:29.708   537   537 I SystemServerTiming: OnBootPhase_520_com.android.server.lights.LightsService
10-03 10:25:29.708   537   537 D SystemServerTiming: OnBootPhase_520_com.android.server.lights.LightsService took to complete: 0ms
10-03 10:25:29.708   537   537 I SystemServerTiming: OnBootPhase_520_com.android.server.display.DisplayManagerService
10-03 10:25:29.708   537   537 D SystemServerTiming: OnBootPhase_520_com.android.server.display.DisplayManagerService took to complete: 0ms
10-03 10:25:29.708   537   537 I SystemServerTiming: OnBootPhase_520_com.android.server.pm.UserManagerService$LifeCycle
10-03 10:25:29.708   537   537 D SystemServerTiming: OnBootPhase_520_com.android.server.pm.UserManagerService$LifeCycle took to complete: 0ms
10-03 10:25:29.708   537   537 I SystemServerTiming: OnBootPhase_520_com.android.server.om.OverlayManagerService
10-03 10:25:29.708   537   537 D SystemServerTiming: OnBootPhase_520_com.android.server.om.OverlayManagerService took to complete: 0ms
10-03 10:25:29.708   537   537 I SystemServerTiming: OnBootPhase_520_com.android.server.SensorPrivacyService
10-03 10:25:29.708   537   537 D SystemServerTiming: OnBootPhase_520_com.android.server.SensorPrivacyService took to complete: 0ms
10-03 10:25:29.708   537   537 I SystemServerTiming: OnBootPhase_520_com.android.server.SystemConfigService
10-03 10:25:29.708   537   537 D SystemServerTiming: OnBootPhase_520_com.android.server.SystemConfigService took to complete: 0ms
10-03 10:25:29.709   537   537 I SystemServerTiming: OnBootPhase_520_com.android.server.BatteryService
10-03 10:25:29.709   537   537 D SystemServerTiming: OnBootPhase_520_com.android.server.BatteryService took to complete: 0ms
10-03 10:25:29.709   537   537 I SystemServerTiming: OnBootPhase_520_com.android.server.usage.UsageStatsService
10-03 10:25:29.709   537   537 D SystemServerTiming: OnBootPhase_520_com.android.server.usage.UsageStatsService took to complete: 0ms
10-03 10:25:29.709   537   537 I SystemServerTiming: OnBootPhase_520_com.android.server.webkit.WebViewUpdateService
10-03 10:25:29.709   537   537 D SystemServerTiming: OnBootPhase_520_com.android.server.webkit.WebViewUpdateService took to complete: 0ms
10-03 10:25:29.709   537   537 I SystemServerTiming: OnBootPhase_520_com.android.server.CachedDeviceStateService
10-03 10:25:29.709   537   537 D SystemServerTiming: OnBootPhase_520_com.android.server.CachedDeviceStateService took to complete: 0ms
10-03 10:25:29.709   537   537 I SystemServerTiming: OnBootPhase_520_com.android.server.BinderCallsStatsService$LifeCycle
10-03 10:25:29.709   537   537 D SystemServerTiming: OnBootPhase_520_com.android.server.BinderCallsStatsService$LifeCycle took to complete: 0ms
10-03 10:25:29.709   537   537 I SystemServerTiming: OnBootPhase_520_com.android.server.LooperStatsService$Lifecycle
10-03 10:25:29.709   537   537 D SystemServerTiming: OnBootPhase_520_com.android.server.LooperStatsService$Lifecycle took to complete: 0ms
10-03 10:25:29.709   537   537 I SystemServerTiming: OnBootPhase_520_com.android.server.rollback.RollbackManagerService
10-03 10:25:29.709   537   537 D SystemServerTiming: OnBootPhase_520_com.android.server.rollback.RollbackManagerService took to complete: 0ms
10-03 10:25:29.709   537   537 I SystemServerTiming: OnBootPhase_520_com.android.server.os.BugreportManagerService
10-03 10:25:29.709   537   537 D SystemServerTiming: OnBootPhase_520_com.android.server.os.BugreportManagerService took to complete: 0ms
10-03 10:25:29.709   537   537 I SystemServerTiming: OnBootPhase_520_com.android.server.gpu.GpuService
10-03 10:25:29.709   537   537 D SystemServerTiming: OnBootPhase_520_com.android.server.gpu.GpuService took to complete: 0ms
10-03 10:25:29.709   537   537 I SystemServerTiming: OnBootPhase_520_com.android.server.security.KeyChainSystemService
10-03 10:25:29.709   537   537 D SystemServerTiming: OnBootPhase_520_com.android.server.security.KeyChainSystemService took to complete: 0ms
10-03 10:25:29.709   537   537 I SystemServerTiming: OnBootPhase_520_com.android.server.telecom.TelecomLoaderService
10-03 10:25:29.709   537   537 D SystemServerTiming: OnBootPhase_520_com.android.server.telecom.TelecomLoaderService took to complete: 0ms
10-03 10:25:29.709   537   537 I SystemServerTiming: OnBootPhase_520_com.android.server.accounts.AccountManagerService$Lifecycle
10-03 10:25:29.709   537   537 D SystemServerTiming: OnBootPhase_520_com.android.server.accounts.AccountManagerService$Lifecycle took to complete: 0ms
10-03 10:25:29.709   537   537 I SystemServerTiming: OnBootPhase_520_com.android.server.content.ContentService$Lifecycle
10-03 10:25:29.709   537   537 D SystemServerTiming: OnBootPhase_520_com.android.server.content.ContentService$Lifecycle took to complete: 1ms
10-03 10:25:29.709   537   537 I SystemServerTiming: OnBootPhase_520_com.android.server.DropBoxManagerService
10-03 10:25:29.709   537   537 D SystemServerTiming: OnBootPhase_520_com.android.server.DropBoxManagerService took to complete: 0ms
10-03 10:25:29.709   537   537 I SystemServerTiming: OnBootPhase_520_com.android.server.AlarmManagerService
10-03 10:25:29.709   537   537 D SystemServerTiming: OnBootPhase_520_com.android.server.AlarmManagerService took to complete: 0ms
10-03 10:25:29.709   537   537 I SystemServerTiming: OnBootPhase_520_com.android.server.BluetoothService
10-03 10:25:29.709   537   537 D SystemServerTiming: OnBootPhase_520_com.android.server.BluetoothService took to complete: 0ms
10-03 10:25:29.709   537   537 I SystemServerTiming: OnBootPhase_520_com.android.server.connectivity.IpConnectivityMetrics
10-03 10:25:29.709   537   537 D SystemServerTiming: OnBootPhase_520_com.android.server.connectivity.IpConnectivityMetrics took to complete: 0ms
10-03 10:25:29.709   537   537 I SystemServerTiming: OnBootPhase_520_com.android.server.net.watchlist.NetworkWatchlistService$Lifecycle
10-03 10:25:29.709   537   537 D SystemServerTiming: OnBootPhase_520_com.android.server.net.watchlist.NetworkWatchlistService$Lifecycle took to complete: 0ms
10-03 10:25:29.709   537   537 I SystemServerTiming: OnBootPhase_520_com.android.server.PinnerService
10-03 10:25:29.709   537   537 D SystemServerTiming: OnBootPhase_520_com.android.server.PinnerService took to complete: 0ms
10-03 10:25:29.709   537   537 I SystemServerTiming: OnBootPhase_520_com.google.android.startop.iorap.IorapForwardingService
10-03 10:25:29.709   537   537 D SystemServerTiming: OnBootPhase_520_com.google.android.startop.iorap.IorapForwardingService took to complete: 0ms
10-03 10:25:29.709   537   537 I SystemServerTiming: OnBootPhase_520_com.android.server.integrity.AppIntegrityManagerService
10-03 10:25:29.709   537   537 D SystemServerTiming: OnBootPhase_520_com.android.server.integrity.AppIntegrityManagerService took to complete: 0ms
10-03 10:25:29.709   537   537 I SystemServerTiming: OnBootPhase_520_com.android.server.inputmethod.InputMethodManagerService$Lifecycle
10-03 10:25:29.709   537   537 D SystemServerTiming: OnBootPhase_520_com.android.server.inputmethod.InputMethodManagerService$Lifecycle took to complete: 0ms
10-03 10:25:29.709   537   537 I SystemServerTiming: OnBootPhase_520_com.android.server.accessibility.AccessibilityManagerService$Lifecycle
10-03 10:25:29.709   537   537 D SystemServerTiming: OnBootPhase_520_com.android.server.accessibility.AccessibilityManagerService$Lifecycle took to complete: 0ms
10-03 10:25:29.709   537   537 I SystemServerTiming: OnBootPhase_520_com.android.server.StorageManagerService$Lifecycle
10-03 10:25:29.709   537   537 D SystemServerTiming: OnBootPhase_520_com.android.server.StorageManagerService$Lifecycle took to complete: 0ms
10-03 10:25:29.709   537   537 I SystemServerTiming: OnBootPhase_520_com.android.server.usage.StorageStatsService$Lifecycle
10-03 10:25:29.709   537   537 D SystemServerTiming: OnBootPhase_520_com.android.server.usage.StorageStatsService$Lifecycle took to complete: 0ms
10-03 10:25:29.709   537   537 I SystemServerTiming: OnBootPhase_520_com.android.server.UiModeManagerService
10-03 10:25:29.709   537   537 D SystemServerTiming: OnBootPhase_520_com.android.server.UiModeManagerService took to complete: 0ms
10-03 10:25:29.709   537   537 I SystemServerTiming: OnBootPhase_520_com.android.server.locksettings.LockSettingsService$Lifecycle
10-03 10:25:29.709   537   537 D SystemServerTiming: OnBootPhase_520_com.android.server.locksettings.LockSettingsService$Lifecycle took to complete: 0ms
10-03 10:25:29.709   537   537 I SystemServerTiming: OnBootPhase_520_com.android.server.testharness.TestHarnessModeService
10-03 10:25:29.709   537   537 D SystemServerTiming: OnBootPhase_520_com.android.server.testharness.TestHarnessModeService took to complete: 0ms
10-03 10:25:29.709   537   537 I SystemServerTiming: OnBootPhase_520_com.android.server.DeviceIdleController
10-03 10:25:29.709   537   537 D SystemServerTiming: OnBootPhase_520_com.android.server.DeviceIdleController took to complete: 0ms
10-03 10:25:29.709   537   537 I SystemServerTiming: OnBootPhase_520_com.android.server.devicepolicy.DevicePolicyManagerService$Lifecycle
10-03 10:25:29.709   537   537 D SystemServerTiming: OnBootPhase_520_com.android.server.devicepolicy.DevicePolicyManagerService$Lifecycle took to complete: 0ms
10-03 10:25:29.709   537   537 I SystemServerTiming: OnBootPhase_520_com.android.server.contentcapture.ContentCaptureManagerService
10-03 10:25:29.709   537   537 D SystemServerTiming: OnBootPhase_520_com.android.server.contentcapture.ContentCaptureManagerService took to complete: 0ms
10-03 10:25:29.709   537   537 I SystemServerTiming: OnBootPhase_520_com.android.server.systemcaptions.SystemCaptionsManagerService
10-03 10:25:29.709   537   537 D SystemServerTiming: OnBootPhase_520_com.android.server.systemcaptions.SystemCaptionsManagerService took to complete: 0ms
10-03 10:25:29.709   537   537 I SystemServerTiming: OnBootPhase_520_com.android.server.appprediction.AppPredictionManagerService
10-03 10:25:29.709   537   537 D SystemServerTiming: OnBootPhase_520_com.android.server.appprediction.AppPredictionManagerService took to complete: 0ms
10-03 10:25:29.709   537   537 I SystemServerTiming: OnBootPhase_520_com.android.server.contentsuggestions.ContentSuggestionsManagerService
10-03 10:25:29.709   537   537 D SystemServerTiming: OnBootPhase_520_com.android.server.contentsuggestions.ContentSuggestionsManagerService took to complete: 0ms
10-03 10:25:29.709   537   537 I SystemServerTiming: OnBootPhase_520_com.android.server.textservices.TextServicesManagerService$Lifecycle
10-03 10:25:29.709   537   537 D SystemServerTiming: OnBootPhase_520_com.android.server.textservices.TextServicesManagerService$Lifecycle took to complete: 0ms
10-03 10:25:29.709   537   537 I SystemServerTiming: OnBootPhase_520_com.android.server.textclassifier.TextClassificationManagerService$Lifecycle
10-03 10:25:29.709   537   537 D SystemServerTiming: OnBootPhase_520_com.android.server.textclassifier.TextClassificationManagerService$Lifecycle took to complete: 0ms
10-03 10:25:29.709   537   537 I SystemServerTiming: OnBootPhase_520_com.android.server.NetworkScoreService$Lifecycle
10-03 10:25:29.709   537   537 D SystemServerTiming: OnBootPhase_520_com.android.server.NetworkScoreService$Lifecycle took to complete: 0ms
10-03 10:25:29.709   537   537 I SystemServerTiming: OnBootPhase_520_com.android.server.wifi.WifiService
10-03 10:25:29.709   537   537 D SystemServerTiming: OnBootPhase_520_com.android.server.wifi.WifiService took to complete: 0ms
10-03 10:25:29.709   537   537 I SystemServerTiming: OnBootPhase_520_com.android.server.wifi.scanner.WifiScanningService
10-03 10:25:29.709   537   537 D SystemServerTiming: OnBootPhase_520_com.android.server.wifi.scanner.WifiScanningService took to complete: 0ms
10-03 10:25:29.709   537   537 I SystemServerTiming: OnBootPhase_520_com.android.server.wifi.p2p.WifiP2pService
10-03 10:25:29.709   537   537 D SystemServerTiming: OnBootPhase_520_com.android.server.wifi.p2p.WifiP2pService took to complete: 0ms
10-03 10:25:29.709   537   537 I SystemServerTiming: OnBootPhase_520_com.android.server.notification.NotificationManagerService
10-03 10:25:29.709   537   537 D SystemServerTiming: OnBootPhase_520_com.android.server.notification.NotificationManagerService took to complete: 0ms
10-03 10:25:29.709   537   537 I SystemServerTiming: OnBootPhase_520_com.android.server.storage.DeviceStorageMonitorService
