10-03 10:25:23.555     0     0 I         : device wlan1 entered promiscuous mode
10-03 10:25:23.555     0     0 I br0     : port 3(wlan1) entered blocking state
10-03 10:25:23.556     0     0 I br0     : port 3(wlan1) entered forwarding state
10-03 10:25:23.417   434   507 D BootAnimation: BootAnimationShownTiming start time: 12816ms
10-03 10:25:23.417   434   512 E BootAnimation: Could not add watch for /data/system: Permission denied
10-03 10:25:23.579   297   297 D Zygote32Timing: BeginPreload took to complete: 36ms
10-03 10:25:24.891     0     0 I br0     : port 3(wlan1) entered disabled state
10-03 10:25:26.078   297   297 D Zygote32Timing: PreloadClasses took to complete: 2499ms
10-03 10:25:26.093   297   297 D Zygote32Timing: CacheNonBootClasspathClassLoaders took to complete: 15ms
10-03 10:25:26.116   297   297 D Zygote32Timing: PreloadResources took to complete: 22ms
10-03 10:25:26.139   297   297 D Zygote32Timing: ZygotePreload took to complete: 2595ms
10-03 10:25:26.170   297   297 D Zygote32Timing: PostZygoteInitGC took to complete: 32ms
10-03 10:25:26.170   297   297 D Zygote32Timing: ZygoteInit took to complete: 2633ms
10-03 10:25:26.459   537   537 I SystemServerTiming: InitBeforeStartServices
10-03 10:25:26.460   537   537 I SystemServer: Entered the Android system server!
10-03 10:25:26.708   537   537 I SystemServerInitThreadPool: Creating instance with 4 threads
10-03 10:25:26.708   537   537 D SystemServerTiming: InitBeforeStartServices took to complete: 249ms
10-03 10:25:26.710   537   537 I SystemServerTiming: StartServices
10-03 10:25:26.710   537   537 I SystemServerTiming: startBootstrapServices
10-03 10:25:26.710   537   537 I SystemServerTiming: StartWatchdog
10-03 10:25:26.738   537   537 D SystemServerTiming: StartWatchdog took to complete: 28ms
10-03 10:25:26.738   537   537 I SystemServer: Reading configuration...
10-03 10:25:26.738   537   537 I SystemServerTiming: ReadingSystemConfig
10-03 10:25:26.738   537   537 D SystemServerTiming: ReadingSystemConfig took to complete: 0ms
10-03 10:25:26.739   537   537 I SystemServerTiming: PlatformCompat
10-03 10:25:26.739   537   564 I SystemServerTimingAsync: InitThreadPoolExec:ReadingSystemConfig
10-03 10:25:26.739   537   564 D SystemServerInitThreadPool: Started executing ReadingSystemConfig
10-03 10:25:26.739   537   564 I SystemConfig: Reading permissions from /system/etc/sysconfig/preinstalled-packages-platform.xml
10-03 10:25:26.740   537   564 I SystemConfig: Reading permissions from /system/etc/sysconfig/framework-sysconfig.xml
10-03 10:25:26.741   537   564 I SystemConfig: Reading permissions from /system/etc/sysconfig/hiddenapi-package-whitelist.xml
10-03 10:25:26.742   537   564 I SystemConfig: Reading permissions from /system/etc/permissions/android.software.webview.xml
10-03 10:25:26.745   537   537 D CompatConfig: Found a config file: /system/etc/compatconfig/framework-platform-compat-config.xml
10-03 10:25:26.749   537   564 I SystemConfig: Reading permissions from /system/etc/permissions/privapp-permissions-google.xml
10-03 10:25:26.750   537   564 I SystemConfig: Reading permissions from /system/etc/permissions/org.apache.http.legacy.xml
10-03 10:25:26.751   537   537 D CompatConfig: Adding: com.android.server.compat.config.Change@83de1f
10-03 10:25:26.751   537   564 I SystemConfig: Reading permissions from /system/etc/permissions/android.test.mock.xml
10-03 10:25:26.752   537   564 I SystemConfig: Reading permissions from /system/etc/permissions/privapp-permissions-platform.xml
10-03 10:25:26.753   537   537 D CompatConfig: Adding: com.android.server.compat.config.Change@81f7ca
10-03 10:25:26.753   537   564 I SystemConfig: Reading permissions from /system/etc/permissions/com.android.location.provider.xml
10-03 10:25:26.753   537   537 D CompatConfig: Adding: com.android.server.compat.config.Change@a0e3c58
10-03 10:25:26.753   537   537 D CompatConfig: Adding: com.android.server.compat.config.Change@282b1b1
10-03 10:25:26.754   537   564 I SystemConfig: Reading permissions from /system/etc/permissions/android.test.base.xml
10-03 10:25:26.754   537   537 D CompatConfig: Adding: com.android.server.compat.config.Change@e5d7217
10-03 10:25:26.754   537   537 D CompatConfig: Adding: com.android.server.compat.config.Change@b56c604
10-03 10:25:26.754   537   537 D CompatConfig: Adding: com.android.server.compat.config.Change@f5fb7ed
10-03 10:25:26.754   537   537 D CompatConfig: Adding: com.android.server.compat.config.Change@419b622
10-03 10:25:26.754   537   564 I SystemConfig: Reading permissions from /system/etc/permissions/android.software.live_wallpaper.xml
10-03 10:25:26.754   537   537 D CompatConfig: Adding: com.android.server.compat.config.Change@f7c3e70
10-03 10:25:26.754   537   537 D CompatConfig: Adding: com.android.server.compat.config.Change@d8ce5e9
10-03 10:25:26.754   537   564 I SystemConfig: Reading permissions from /system/etc/permissions/com.android.nfc_extras.xml
10-03 10:25:26.754   537   537 D CompatConfig: Adding: com.android.server.compat.config.Change@4668d0f
10-03 10:25:26.755   537   537 D CompatConfig: Adding: com.android.server.compat.config.Change@73ed19c
10-03 10:25:26.755   537   564 I SystemConfig: Reading permissions from /system/etc/permissions/javax.obex.xml
10-03 10:25:26.755   537   537 D CompatConfig: Adding: com.android.server.compat.config.Change@36fe77a
10-03 10:25:26.756   537   537 D CompatConfig: Adding: com.android.server.compat.config.Change@188eb2b
10-03 10:25:26.756   537   564 I SystemConfig: Reading permissions from /system/etc/permissions/com.android.future.usb.accessory.xml
10-03 10:25:26.756   537   537 D CompatConfig: Adding: com.android.server.compat.config.Change@9b26921
10-03 10:25:26.756   537   537 D CompatConfig: Adding: com.android.server.compat.config.Change@d850146
10-03 10:25:26.756   537   537 D CompatConfig: Adding: com.android.server.compat.config.Change@a290f07
10-03 10:25:26.756   537   564 I SystemConfig: Reading permissions from /system/etc/permissions/com.android.timezone.updater.xml
10-03 10:25:26.756   537   537 D CompatConfig: Adding: com.android.server.compat.config.Change@22b765d
10-03 10:25:26.757   537   537 D CompatConfig: Adding: com.android.server.compat.config.Change@37febd2
10-03 10:25:26.757   537   564 I SystemConfig: Reading permissions from /system/etc/permissions/com.android.mediadrm.signer.xml
10-03 10:25:26.757   537   537 D CompatConfig: Adding: com.android.server.compat.config.Change@61423a0
10-03 10:25:26.757   537   537 D CompatConfig: Adding: com.android.server.compat.config.Change@72e1b59
10-03 10:25:26.757   537   564 I SystemConfig: Reading permissions from /system/etc/permissions/com.android.media.remotedisplay.xml
10-03 10:25:26.757   537   537 D CompatConfig: Adding: com.android.server.compat.config.Change@28ad7ff
10-03 10:25:26.757   537   537 D CompatConfig: Adding: com.android.server.compat.config.Change@127d9cc
10-03 10:25:26.757   537   564 I SystemConfig: Reading permissions from /system/etc/permissions/android.test.runner.xml
10-03 10:25:26.757   537   537 D CompatConfig: Found a config file: /system/etc/compatconfig/documents-ui-compat-config.xml
10-03 10:25:26.758   537   564 I SystemConfig: Reading permissions from /system/etc/permissions/platform.xml
10-03 10:25:26.758   537   537 D CompatConfig: Adding: com.android.server.compat.config.Change@1dec6b8
10-03 10:25:26.758   537   537 D CompatConfig: Found a config file: /system/etc/compatconfig/services-platform-compat-config.xml
10-03 10:25:26.758   537   537 D CompatConfig: Adding: com.android.server.compat.config.Change@c3647f6
10-03 10:25:26.759   537   537 D CompatConfig: Adding: com.android.server.compat.config.Change@b4dc7f7
10-03 10:25:26.759   537   537 D CompatConfig: Adding: com.android.server.compat.config.Change@3159664
10-03 10:25:26.759   537   537 D CompatConfig: Adding: com.android.server.compat.config.Change@95bb0cd
10-03 10:25:26.759   537   537 D CompatConfig: Adding: com.android.server.compat.config.Change@e8cec93
10-03 10:25:26.759   537   564 I SystemConfig: Reading permissions from /vendor/etc/permissions/android.hardware.wifi.direct.xml
10-03 10:25:26.759   537   537 D CompatConfig: Adding: com.android.server.compat.config.Change@ec7b4d0
10-03 10:25:26.759   537   537 D CompatConfig: Adding: com.android.server.compat.config.Change@cff8cc9
10-03 10:25:26.759   537   564 I SystemConfig: Reading permissions from /vendor/etc/permissions/android.hardware.fingerprint.xml
10-03 10:25:26.759   537   537 D CompatConfig: Adding: com.android.server.compat.config.Change@c8fbeef
10-03 10:25:26.760   537   537 D CompatConfig: Adding: com.android.server.compat.config.Change@13b4dfc
10-03 10:25:26.760   537   537 D CompatConfig: Adding: com.android.server.compat.config.Change@390aada
10-03 10:25:26.760   537   564 I SystemConfig: Reading permissions from /vendor/etc/permissions/android.software.vulkan.deqp.level.xml
10-03 10:25:26.760   537   537 D CompatConfig: Adding: com.android.server.compat.config.Change@7435b0b
10-03 10:25:26.760   537   537 D CompatConfig: Adding: com.android.server.compat.config.Change@2ed4de8
10-03 10:25:26.760   537   564 I SystemConfig: Reading permissions from /vendor/etc/permissions/android.hardware.vulkan.version.xml
10-03 10:25:26.760   537   537 D CompatConfig: Adding: com.android.server.compat.config.Change@4de9aa6
10-03 10:25:26.760   537   537 D CompatConfig: Found a config file: /system/etc/compatconfig/libcore-platform-compat-config.xml
10-03 10:25:26.760   537   564 I SystemConfig: Reading permissions from /vendor/etc/permissions/android.hardware.wifi.passpoint.xml
10-03 10:25:26.761   537   564 I SystemConfig: Reading permissions from /vendor/etc/permissions/android.hardware.camera.concurrent.xml
10-03 10:25:26.762   537   537 D CompatConfig: Adding: com.android.server.compat.config.Change@69a2083
10-03 10:25:26.763   537   564 I SystemConfig: Reading permissions from /vendor/etc/permissions/android.hardware.camera.full.xml
10-03 10:25:26.763   537   537 D CompatConfig: Adding: com.android.server.compat.config.Change@dd9f200
10-03 10:25:26.763   537   564 I SystemConfig: Reading permissions from /vendor/etc/permissions/android.software.autofill.xml
10-03 10:25:26.763   537   537 D CompatConfig: Adding: com.android.server.compat.config.Change@1d4587e
10-03 10:25:26.764   537   537 D CompatConfig: Adding: com.android.server.compat.config.Change@9d441df
10-03 10:25:26.764   537   564 I SystemConfig: Reading permissions from /vendor/etc/permissions/android.hardware.touchscreen.multitouch.jazzhand.xml
10-03 10:25:26.764   537   564 I SystemConfig: Reading permissions from /vendor/etc/permissions/handheld_core_hardware.xml
10-03 10:25:26.765   537   564 I SystemConfig: Reading permissions from /vendor/etc/permissions/android.hardware.vulkan.compute.xml
10-03 10:25:26.765   537   537 D CompatConfig: Found a config file: /system/system_ext/etc/compatconfig/settings-platform-compat-config.xml
10-03 10:25:26.765   537   564 I SystemConfig: Reading permissions from /vendor/etc/permissions/android.hardware.camera.front.xml
10-03 10:25:26.766   537   564 I SystemConfig: Reading permissions from /vendor/etc/permissions/android.hardware.bluetooth_le.xml
10-03 10:25:26.766   537   537 D CompatConfig: Adding: com.android.server.compat.config.Change@958f956
10-03 10:25:26.766   537   564 I SystemConfig: Reading permissions from /vendor/etc/permissions/android.hardware.bluetooth.xml
10-03 10:25:26.767   537   564 I SystemConfig: Reading permissions from /vendor/etc/permissions/android.hardware.vulkan.level.xml
10-03 10:25:26.767   537   564 I SystemConfig: Reading permissions from /vendor/etc/permissions/android.hardware.camera.raw.xml
10-03 10:25:26.768   537   564 I SystemConfig: Reading permissions from /vendor/etc/permissions/android.hardware.camera.flash-autofocus.xml
10-03 10:25:26.770   537   564 I SystemConfig: Reading permissions from /vendor/etc/permissions/android.hardware.camera.ar.xml
10-03 10:25:26.770   537   564 I SystemConfig: Reading permissions from /vendor/etc/permissions/android.hardware.wifi.xml
10-03 10:25:26.772   537   564 I SystemConfig: Reading permissions from /product/etc/sysconfig/preinstalled-packages-platform-aosp-product.xml
10-03 10:25:26.772   537   564 I SystemConfig: Reading permissions from /product/etc/sysconfig/wellbeing.xml
10-03 10:25:26.772   537   564 I SystemConfig: Reading permissions from /product/etc/sysconfig/preinstalled-packages-platform-overlays.xml
10-03 10:25:26.773   537   564 I SystemConfig: Reading permissions from /product/etc/sysconfig/disable-zero-touch.xml
10-03 10:25:26.773   537   564 I SystemConfig: Reading permissions from /product/etc/sysconfig/google_build.xml
10-03 10:25:26.774   537   564 I SystemConfig: Reading permissions from /product/etc/sysconfig/preinstalled-packages-platform-handheld-product.xml
10-03 10:25:26.774   537   564 I SystemConfig: Reading permissions from /product/etc/sysconfig/google-hiddenapi-package-whitelist.xml
10-03 10:25:26.775   537   564 I SystemConfig: Reading permissions from /product/etc/sysconfig/google.xml
10-03 10:25:26.775   537   564 I SystemConfig: Adding association: com.google.android.as <- com.android.bluetooth
10-03 10:25:26.775   537   564 I SystemConfig: Adding association: com.google.android.as <- com.android.providers.contacts
10-03 10:25:26.775   537   564 I SystemConfig: Adding association: com.google.android.as <- com.android.providers.media
10-03 10:25:26.775   537   564 I SystemConfig: Adding association: com.google.android.as <- com.android.providers.telephony
10-03 10:25:26.775   537   564 I SystemConfig: Adding association: com.google.android.as <- com.android.systemui
10-03 10:25:26.775   537   564 I SystemConfig: Adding association: com.google.android.as <- com.google.android.providers.media.module
10-03 10:25:26.776   537   537 I ApexManagerTiming: getActiveApexInfos_noCache
10-03 10:25:26.777   537   564 I SystemConfig: Reading permissions from /product/etc/permissions/split-permissions-google.xml
10-03 10:25:26.778   537   564 I SystemConfig: Reading permissions from /product/etc/permissions/android.software.verified_boot.xml
10-03 10:25:26.779   537   564 I SystemConfig: Reading permissions from /product/etc/permissions/com.android.contacts.xml
10-03 10:25:26.779   537   537 D ApexManagerTiming: getActiveApexInfos_noCache took to complete: 3ms
10-03 10:25:26.779   537   537 D CompatConfig: No directory /apex/com.android.art/etc/compatconfig, skipping
10-03 10:25:26.779   537   537 D CompatConfig: No directory /apex/com.android.vndk.v30/etc/compatconfig, skipping
10-03 10:25:26.779   537   537 D CompatConfig: No directory /apex/com.android.conscrypt/etc/compatconfig, skipping
10-03 10:25:26.779   537   537 D CompatConfig: No directory /apex/com.android.neuralnetworks/etc/compatconfig, skipping
10-03 10:25:26.779   537   537 D CompatConfig: No directory /apex/com.android.tethering/etc/compatconfig, skipping
10-03 10:25:26.779   537   537 D CompatConfig: No directory /apex/com.android.runtime/etc/compatconfig, skipping
10-03 10:25:26.779   537   537 D CompatConfig: No directory /apex/com.android.permission/etc/compatconfig, skipping
10-03 10:25:26.780   537   537 D CompatConfig: No directory /apex/com.android.tzdata/etc/compatconfig, skipping
10-03 10:25:26.780   537   537 D CompatConfig: No directory /apex/com.android.i18n/etc/compatconfig, skipping
10-03 10:25:26.780   537   537 D CompatConfig: No directory /apex/com.android.ipsec/etc/compatconfig, skipping
10-03 10:25:26.780   537   537 D CompatConfig: No directory /apex/com.android.adbd/etc/compatconfig, skipping
10-03 10:25:26.780   537   537 D CompatConfig: No directory /apex/com.android.os.statsd/etc/compatconfig, skipping
10-03 10:25:26.780   537   537 D CompatConfig: No directory /apex/com.android.media/etc/compatconfig, skipping
10-03 10:25:26.780   537   537 D CompatConfig: No directory /apex/com.android.cellbroadcast/etc/compatconfig, skipping
10-03 10:25:26.780   537   537 D CompatConfig: No directory /apex/com.android.telephony/etc/compatconfig, skipping
10-03 10:25:26.780   537   537 D CompatConfig: No directory /apex/com.android.apex.cts.shim/etc/compatconfig, skipping
10-03 10:25:26.780   537   537 D CompatConfig: No directory /apex/com.android.resolv/etc/compatconfig, skipping
10-03 10:25:26.780   537   537 D CompatConfig: No directory /apex/com.android.wifi/etc/compatconfig, skipping
10-03 10:25:26.780   537   537 D CompatConfig: No directory /apex/com.android.media.swcodec/etc/compatconfig, skipping
10-03 10:25:26.780   537   564 I SystemConfig: Reading permissions from /product/etc/permissions/com.android.dialer.xml
10-03 10:25:26.780   537   537 D CompatConfig: Found a config file: /apex/com.android.mediaprovider/etc/compatconfig/media-provider-platform-compat-config.xml
10-03 10:25:26.781   537   564 I SystemConfig: Reading permissions from /product/etc/permissions/privapp-permissions-goldfish.xml
10-03 10:25:26.781   537   537 D CompatConfig: No directory /apex/com.android.sdkext/etc/compatconfig, skipping
10-03 10:25:26.781   537   537 D CompatConfig: No directory /apex/com.android.extservices/etc/compatconfig, skipping
10-03 10:25:26.781   537   564 I SystemConfig: Reading permissions from /product/etc/permissions/com.android.settings.intelligence.xml
10-03 10:25:26.781   537   564 I SystemConfig: Reading permissions from /product/etc/permissions/com.google.android.dialer.support.xml
10-03 10:25:26.782   537   564 I SystemConfig: Reading permissions from /product/etc/permissions/privapp-permissions-sdk-google.xml
10-03 10:25:26.782   537   537 D SystemServerTiming: PlatformCompat took to complete: 43ms
10-03 10:25:26.782   537   537 I SystemServerTiming: StartFileIntegrityService
10-03 10:25:26.782   537   537 I SystemServiceManager: Starting com.android.server.security.FileIntegrityService
10-03 10:25:26.782   537   564 I SystemConfig: Reading permissions from /product/etc/permissions/android.hardware.telephony.euicc.xml
10-03 10:25:26.783   537   564 I SystemConfig: Reading permissions from /product/etc/permissions/privapp-permissions-google-p.xml
10-03 10:25:26.784   537   564 W SystemConfig: No directory /system_ext/etc/sysconfig, skipping
10-03 10:25:26.787   537   564 I SystemConfig: Reading permissions from /system_ext/etc/permissions/com.google.android.sdksetup.xml
10-03 10:25:26.788   537   564 I SystemConfig: Reading permissions from /system_ext/etc/permissions/privapp-permissions-google-se.xml
10-03 10:25:26.790   537   564 I SystemConfig: Reading permissions from /system_ext/etc/permissions/com.android.carrierconfig.xml
10-03 10:25:26.791   537   564 I SystemConfig: Reading permissions from /system_ext/etc/permissions/com.android.emulator.radio.config.xml
10-03 10:25:26.791   537   537 D SystemServerTiming: StartFileIntegrityService took to complete: 9ms
10-03 10:25:26.791   537   537 I SystemServerTiming: StartInstaller
10-03 10:25:26.791   537   537 I SystemServiceManager: Starting com.android.server.pm.Installer
10-03 10:25:26.792   537   564 I SystemConfig: Reading permissions from /system_ext/etc/permissions/com.android.launcher3.xml
10-03 10:25:26.792   537   564 I SystemConfig: Reading permissions from /system_ext/etc/permissions/com.android.systemui.xml
10-03 10:25:26.793   537   564 I SystemConfig: Reading permissions from /system_ext/etc/permissions/com.android.settings.xml
10-03 10:25:26.793   537   537 D SystemServerTiming: StartInstaller took to complete: 2ms
10-03 10:25:26.793   537   537 I SystemServerTiming: DeviceIdentifiersPolicyService
10-03 10:25:26.793   537   537 I SystemServiceManager: Starting com.android.server.os.DeviceIdentifiersPolicyService
10-03 10:25:26.794   537   564 I SystemConfig: Reading permissions from /system_ext/etc/permissions/androidx.window.sidecar.xml
10-03 10:25:26.794   537   564 I SystemConfig: Reading permissions from /system_ext/etc/permissions/com.android.storagemanager.xml
10-03 10:25:26.794   537   537 D SystemServerTiming: DeviceIdentifiersPolicyService took to complete: 1ms
10-03 10:25:26.795   537   537 I SystemServerTiming: UriGrantsManagerService
10-03 10:25:26.795   537   537 I SystemServiceManager: Starting com.android.server.uri.UriGrantsManagerService$Lifecycle
10-03 10:25:26.797   537   564 I SystemConfig: Reading permissions from /apex/com.android.ipsec/etc/permissions/android.net.ipsec.ike.xml
10-03 10:25:26.798   537   564 D SystemConfig: readAllPermissions took to complete: 59ms
10-03 10:25:26.798   537   564 D SystemServerInitThreadPool: Finished executing ReadingSystemConfig
10-03 10:25:26.798   537   564 D SystemServerTimingAsync: InitThreadPoolExec:ReadingSystemConfig took to complete: 60ms
10-03 10:25:26.807   537   537 D SystemServerTiming: UriGrantsManagerService took to complete: 13ms
10-03 10:25:26.807   537   537 I SystemServerTiming: StartActivityManager
10-03 10:25:26.807   537   537 I SystemServiceManager: Starting com.android.server.wm.ActivityTaskManagerService$Lifecycle
10-03 10:25:26.850   537   537 I SystemServiceManager: Starting com.android.server.am.ActivityManagerService$Lifecycle
10-03 10:25:26.876   537   537 I ActivityManager: Memory class: 192
10-03 10:25:26.924   537   537 D BatteryStatsImpl: Reading daily items from /data/system/batterystats-daily.xml
10-03 10:25:26.943   537   572 I KernelCpuUidFreqTimeReader: mPerClusterTimesAvailable=false
10-03 10:25:26.956   537   572 W KernelMemoryBandwidthStats: No kernel memory bandwidth stats available
10-03 10:25:27.019   537   537 I IntentFirewall: Read new rules (A:0 B:0 S:0)
10-03 10:25:27.065   537   537 D AppOps  : AppOpsService published
10-03 10:25:27.077   537   537 D SystemServerTiming: StartActivityManager took to complete: 270ms
10-03 10:25:27.077   537   537 I SystemServerTiming: StartDataLoaderManagerService
10-03 10:25:27.077   537   537 I SystemServiceManager: Starting com.android.server.pm.DataLoaderManagerService
10-03 10:25:27.078   537   537 D SystemServerTiming: StartDataLoaderManagerService took to complete: 0ms
10-03 10:25:27.078   537   537 I SystemServerTiming: StartIncrementalService
10-03 10:25:27.081   537   537 D SystemServerTiming: StartIncrementalService took to complete: 3ms
10-03 10:25:27.081   537   537 I SystemServerTiming: StartPowerManager
10-03 10:25:27.081   537   537 I SystemServiceManager: Starting com.android.server.power.PowerManagerService
10-03 10:25:27.103   537   537 D SystemServerTiming: StartPowerManager took to complete: 22ms
10-03 10:25:27.103   537   537 I SystemServerTiming: StartThermalManager
10-03 10:25:27.103   537   537 I SystemServiceManager: Starting com.android.server.power.ThermalManagerService
10-03 10:25:27.105   537   537 D SystemServerTiming: StartThermalManager took to complete: 2ms
10-03 10:25:27.105   537   537 I SystemServerTiming: InitPowerManagement
10-03 10:25:27.106   537   537 D SystemServerTiming: InitPowerManagement took to complete: 1ms
10-03 10:25:27.106   537   537 I SystemServerTiming: StartRecoverySystemService
10-03 10:25:27.106   537   537 I SystemServiceManager: Starting com.android.server.recoverysystem.RecoverySystemService$Lifecycle
10-03 10:25:27.113   537   537 D SystemServerTiming: StartRecoverySystemService took to complete: 6ms
10-03 10:25:27.116   537   537 I PackageWatchdog: Syncing state, reason: added new observer
10-03 10:25:27.116   537   537 I PackageWatchdog: Not pruning observers, elapsed time: 0ms
10-03 10:25:27.116   537   537 I PackageWatchdog: Cancelling state sync, nothing to sync
10-03 10:25:27.116   537   565 I PackageWatchdog: Saving observer state to file
10-03 10:25:27.117   537   537 I SystemServerTiming: StartLightsService
10-03 10:25:27.117   537   537 I SystemServiceManager: Starting com.android.server.lights.LightsService
10-03 10:25:27.136   537   537 D SystemServerTiming: StartLightsService took to complete: 20ms
10-03 10:25:27.136   537   537 I SystemServerTiming: StartSidekickService
10-03 10:25:27.136   537   537 D SystemServerTiming: StartSidekickService took to complete: 0ms
10-03 10:25:27.136   537   537 I SystemServerTiming: StartDisplayManager
10-03 10:25:27.136   537   537 I SystemServiceManager: Starting com.android.server.display.DisplayManagerService
10-03 10:25:27.148   537   537 D SystemServerTiming: StartDisplayManager took to complete: 12ms
10-03 10:25:27.148   537   537 I SystemServerTiming: WaitForDisplay
10-03 10:25:27.148   537   537 I SystemServiceManager: Starting phase 100
10-03 10:25:27.148   537   537 I SystemServerTiming: OnBootPhase_100
10-03 10:25:27.148   537   537 I SystemServerTiming: OnBootPhase_100_com.android.server.security.FileIntegrityService
10-03 10:25:27.148   537   537 D SystemServerTiming: OnBootPhase_100_com.android.server.security.FileIntegrityService took to complete: 0ms
10-03 10:25:27.148   537   537 I SystemServerTiming: OnBootPhase_100_com.android.server.pm.Installer
10-03 10:25:27.148   537   537 D SystemServerTiming: OnBootPhase_100_com.android.server.pm.Installer took to complete: 0ms
10-03 10:25:27.148   537   537 I SystemServerTiming: OnBootPhase_100_com.android.server.os.DeviceIdentifiersPolicyService
10-03 10:25:27.148   537   537 D SystemServerTiming: OnBootPhase_100_com.android.server.os.DeviceIdentifiersPolicyService took to complete: 0ms
10-03 10:25:27.148   537   537 I SystemServerTiming: OnBootPhase_100_com.android.server.uri.UriGrantsManagerService$Lifecycle
10-03 10:25:27.148   537   537 D SystemServerTiming: OnBootPhase_100_com.android.server.uri.UriGrantsManagerService$Lifecycle took to complete: 0ms
10-03 10:25:27.148   537   537 I SystemServerTiming: OnBootPhase_100_com.android.server.wm.ActivityTaskManagerService$Lifecycle
10-03 10:25:27.148   537   537 D SystemServerTiming: OnBootPhase_100_com.android.server.wm.ActivityTaskManagerService$Lifecycle took to complete: 0ms
10-03 10:25:27.148   537   537 I SystemServerTiming: OnBootPhase_100_com.android.server.am.ActivityManagerService$Lifecycle
10-03 10:25:27.148   537   537 D SystemServerTiming: OnBootPhase_100_com.android.server.am.ActivityManagerService$Lifecycle took to complete: 0ms
10-03 10:25:27.148   537   537 I SystemServerTiming: OnBootPhase_100_com.android.server.pm.DataLoaderManagerService
10-03 10:25:27.148   537   537 D SystemServerTiming: OnBootPhase_100_com.android.server.pm.DataLoaderManagerService took to complete: 0ms
10-03 10:25:27.148   537   537 I SystemServerTiming: OnBootPhase_100_com.android.server.power.PowerManagerService
10-03 10:25:27.148   537   537 D SystemServerTiming: OnBootPhase_100_com.android.server.power.PowerManagerService took to complete: 0ms
10-03 10:25:27.148   537   537 I SystemServerTiming: OnBootPhase_100_com.android.server.power.ThermalManagerService
10-03 10:25:27.148   537   537 D SystemServerTiming: OnBootPhase_100_com.android.server.power.ThermalManagerService took to complete: 0ms
10-03 10:25:27.148   537   537 I SystemServerTiming: OnBootPhase_100_com.android.server.recoverysystem.RecoverySystemService$Lifecycle
10-03 10:25:27.148   537   537 D SystemServerTiming: OnBootPhase_100_com.android.server.recoverysystem.RecoverySystemService$Lifecycle took to complete: 0ms
10-03 10:25:27.148   537   537 I SystemServerTiming: OnBootPhase_100_com.android.server.lights.LightsService
10-03 10:25:27.148   537   537 D SystemServerTiming: OnBootPhase_100_com.android.server.lights.LightsService took to complete: 0ms
10-03 10:25:27.148   537   537 I SystemServerTiming: OnBootPhase_100_com.android.server.display.DisplayManagerService
10-03 10:25:27.159   537   560 I DisplayManagerService: Display device added: DisplayDeviceInfo{"Built-in Screen": uniqueId="local:8141603649153536", 1080 x 2160, modeId 1, defaultModeId 1, supportedModes [{id=1, width=1080, height=2160, fps=60.000004}], colorMode 0, supportedColorModes [0], HdrCapabilities HdrCapabilities{mSupportedHdrTypes=[], mMaxLuminance=500.0, mMaxAverageLuminance=500.0, mMinLuminance=0.0}, allmSupported false, gameContentTypeSupported false, density 440, 440.0 x 440.0 dpi, appVsyncOff 1000000, presDeadline 16666666, touch INTERNAL, rotation 0, type INTERNAL, address {port=0, model=0x1cecbed168ea}, deviceProductInfo DeviceProductInfo{name=EMU_display_0, manufacturerPnpId=GGL, productId=1, modelYear=null, manufactureDate=ManufactureDate{week=27, year=2006}, relativeAddress=null}, state UNKNOWN, FLAG_DEFAULT_DISPLAY, FLAG_ROTATES_WITH_CONTENT, FLAG_SECURE, FLAG_SUPPORTS_PROTECTED_BUFFERS}
10-03 10:25:27.161   537   537 D SystemServerTiming: OnBootPhase_100_com.android.server.display.DisplayManagerService took to complete: 12ms
10-03 10:25:27.161   537   537 D SystemServerTiming: OnBootPhase_100 took to complete: 13ms
10-03 10:25:27.161   537   537 D SystemServerTiming: WaitForDisplay took to complete: 13ms
10-03 10:25:27.161   537   560 I DisplayManagerService: Display device changed state: "Built-in Screen", ON
10-03 10:25:27.161   537   537 I SystemServerTiming: StartPackageManagerService
10-03 10:25:27.161   537   537 I Watchdog: Pausing HandlerChecker: main thread for reason: packagemanagermain. Pause count: 1
10-03 10:25:27.187   537   537 I PackageManagerTiming: create package manager
10-03 10:25:27.193   537   537 I PackageManagerTiming: createSubComponents
10-03 10:25:27.235   537   537 D PackageManagerTiming: createSubComponents took to complete: 41ms
10-03 10:25:27.235   537   537 I PackageManagerTiming: addSharedUsers
10-03 10:25:27.235   537   537 D PackageManagerTiming: addSharedUsers took to complete: 0ms
10-03 10:25:27.236   537   537 I PackageManagerTiming: get system config
10-03 10:25:27.237   537   537 D PackageManagerTiming: get system config took to complete: 1ms
10-03 10:25:27.240   537   537 D PackageManager: Directories scanned as system partitions: [/system:0, /vendor:524288, /odm:4194304, /oem:262144, /product:1048576, /system_ext:2097152, /apex/com.android.art:8388608, /apex/com.android.vndk.v30:8388608, /apex/com.android.conscrypt:8388608, /apex/com.android.neuralnetworks:8388608, /apex/com.android.tethering:8388608, /apex/com.android.runtime:8388608, /apex/com.android.permission:8388608, /apex/com.android.tzdata:8388608, /apex/com.android.i18n:8388608, /apex/com.android.ipsec:8388608, /apex/com.android.adbd:8388608, /apex/com.android.os.statsd:8388608, /apex/com.android.media:8388608, /apex/com.android.cellbroadcast:8388608, /apex/com.android.telephony:8388608, /apex/com.android.apex.cts.shim:8388608, /apex/com.android.resolv:8388608, /apex/com.android.wifi:8388608, /apex/com.android.media.swcodec:8388608, /apex/com.android.mediaprovider:8388608, /apex/com.android.sdkext:8388608, /apex/com.android.extservices:8388608]
10-03 10:25:27.241   537   537 D SELinuxMMAC: Using policy file /system/etc/selinux/plat_mac_permissions.xml
10-03 10:25:27.242   537   537 D SELinuxMMAC: Using policy file /vendor/etc/selinux/vendor_mac_permissions.xml
10-03 10:25:27.243   537   537 I PackageManagerTiming: loadFallbacks
10-03 10:25:27.245   537   537 D PackageManagerTiming: loadFallbacks took to complete: 2ms
10-03 10:25:27.245   537   537 I PackageManagerTiming: read user settings
10-03 10:25:27.295   537   537 W PackageManager: Unknown element under <package>: uses-static-lib
10-03 10:25:27.300   537   537 W PackageManager: Unknown element under <package>: uses-static-lib
10-03 10:25:27.355   537   537 W PackageSettings: Missing permission state for shared user: android.uid.log
10-03 10:25:27.355   537   537 D PackageManagerTiming: read user settings took to complete: 110ms
10-03 10:25:27.392   537   537 D PackageManager: Keeping known cache 74d9b952f38f42623ceacc955a811da46ac08d16
10-03 10:25:27.663     0     0 E apexd   : Can't open /system_ext/apex for reading : No such file or directory
10-03 10:25:27.665     0     0 E apexd   : Can't open /product/apex for reading : No such file or directory
10-03 10:25:27.667     0     0 E apexd   : Can't open /vendor/apex for reading : No such file or directory
10-03 10:25:27.426   537   537 D CompatibilityChangeReporter: Compat change id reported: 143539591; UID -1; state: ENABLED
10-03 10:25:27.432   537   537 D CompatibilityChangeReporter: Compat change id reported: 135549675; UID 10000; state: ENABLED
10-03 10:25:27.433   537   537 D CompatibilityChangeReporter: Compat change id reported: 135549675; UID 10002; state: ENABLED
10-03 10:25:27.433   537   537 D CompatibilityChangeReporter: Compat change id reported: 135549675; UID 10004; state: ENABLED
10-03 10:25:27.434   537   537 D CompatibilityChangeReporter: Compat change id reported: 135549675; UID 10006; state: ENABLED
10-03 10:25:27.434   537   537 D CompatibilityChangeReporter: Compat change id reported: 135549675; UID 10005; state: ENABLED
10-03 10:25:27.435   537   537 D CompatibilityChangeReporter: Compat change id reported: 135549675; UID 10003; state: ENABLED
10-03 10:25:27.435   537   537 D CompatibilityChangeReporter: Compat change id reported: 135549675; UID 10001; state: ENABLED
10-03 10:25:27.436   537   537 D CompatibilityChangeReporter: Compat change id reported: 135549675; UID 10011; state: ENABLED
10-03 10:25:27.436   537   537 D CompatibilityChangeReporter: Compat change id reported: 135549675; UID 10008; state: ENABLED
10-03 10:25:27.437   537   537 D CompatibilityChangeReporter: Compat change id reported: 135549675; UID 10009; state: ENABLED
10-03 10:25:27.437   537   537 D CompatibilityChangeReporter: Compat change id reported: 135549675; UID 10007; state: ENABLED
10-03 10:25:27.438   537   537 D CompatibilityChangeReporter: Compat change id reported: 135549675; UID 10016; state: ENABLED
10-03 10:25:27.438   537   537 D CompatibilityChangeReporter: Compat change id reported: 135549675; UID 10013; state: ENABLED
10-03 10:25:27.439   537   537 D CompatibilityChangeReporter: Compat change id reported: 135549675; UID 10012; state: ENABLED
10-03 10:25:27.440   537   537 D CompatibilityChangeReporter: Compat change id reported: 135549675; UID 10010; state: ENABLED
10-03 10:25:27.441   537   537 D CompatibilityChangeReporter: Compat change id reported: 135549675; UID 10017; state: ENABLED
10-03 10:25:27.441   537   537 D CompatibilityChangeReporter: Compat change id reported: 135549675; UID 10014; state: ENABLED
10-03 10:25:27.441   537   537 D CompatibilityChangeReporter: Compat change id reported: 135549675; UID 10020; state: ENABLED
10-03 10:25:27.442   537   537 D CompatibilityChangeReporter: Compat change id reported: 135549675; UID 10015; state: ENABLED
10-03 10:25:27.442   537   537 D CompatibilityChangeReporter: Compat change id reported: 135549675; UID 10019; state: ENABLED
10-03 10:25:27.443   537   537 D CompatibilityChangeReporter: Compat change id reported: 135549675; UID 10018; state: ENABLED
10-03 10:25:27.443   537   537 D CompatibilityChangeReporter: Compat change id reported: 135549675; UID 10033; state: ENABLED
10-03 10:25:27.444   537   537 D CompatibilityChangeReporter: Compat change id reported: 135549675; UID 10023; state: ENABLED
10-03 10:25:27.444   537   537 D CompatibilityChangeReporter: Compat change id reported: 135549675; UID 10021; state: ENABLED
10-03 10:25:27.444   537   537 D CompatibilityChangeReporter: Compat change id reported: 135549675; UID 10022; state: ENABLED
10-03 10:25:27.445   537   537 D CompatibilityChangeReporter: Compat change id reported: 135549675; UID 10027; state: ENABLED
10-03 10:25:27.446   537   537 D CompatibilityChangeReporter: Compat change id reported: 135549675; UID 10024; state: ENABLED
10-03 10:25:27.446   537   537 D CompatibilityChangeReporter: Compat change id reported: 135549675; UID 10026; state: ENABLED
10-03 10:25:27.447   537   537 D CompatibilityChangeReporter: Compat change id reported: 135549675; UID 10029; state: ENABLED
10-03 10:25:27.448   537   537 D CompatibilityChangeReporter: Compat change id reported: 135549675; UID 10028; state: ENABLED
10-03 10:25:27.448   537   537 D CompatibilityChangeReporter: Compat change id reported: 135549675; UID 10030; state: ENABLED
10-03 10:25:27.449   537   537 D CompatibilityChangeReporter: Compat change id reported: 135549675; UID 10032; state: ENABLED
10-03 10:25:27.449   537   537 D CompatibilityChangeReporter: Compat change id reported: 135549675; UID 10035; state: ENABLED
10-03 10:25:27.450   537   537 D CompatibilityChangeReporter: Compat change id reported: 135549675; UID 10031; state: ENABLED
10-03 10:25:27.450   537   537 D CompatibilityChangeReporter: Compat change id reported: 135549675; UID 10034; state: ENABLED
10-03 10:25:27.450   537   537 D CompatibilityChangeReporter: Compat change id reported: 135549675; UID 10025; state: ENABLED
10-03 10:25:27.451   537   537 D CompatibilityChangeReporter: Compat change id reported: 135549675; UID 10036; state: ENABLED
10-03 10:25:27.451   537   537 D CompatibilityChangeReporter: Compat change id reported: 135549675; UID 10037; state: ENABLED
10-03 10:25:27.451   537   537 D CompatibilityChangeReporter: Compat change id reported: 135549675; UID 10038; state: ENABLED
10-03 10:25:27.452   537   537 D CompatibilityChangeReporter: Compat change id reported: 135549675; UID 10041; state: ENABLED
10-03 10:25:27.452   537   537 D CompatibilityChangeReporter: Compat change id reported: 135549675; UID 10039; state: ENABLED
10-03 10:25:27.452   537   537 D CompatibilityChangeReporter: Compat change id reported: 135549675; UID 10042; state: ENABLED
10-03 10:25:27.453   537   537 D CompatibilityChangeReporter: Compat change id reported: 135549675; UID 10043; state: ENABLED
10-03 10:25:27.453   537   537 D CompatibilityChangeReporter: Compat change id reported: 135549675; UID 10044; state: ENABLED
10-03 10:25:27.453   537   537 D CompatibilityChangeReporter: Compat change id reported: 135549675; UID 10045; state: ENABLED
10-03 10:25:27.454   537   537 D CompatibilityChangeReporter: Compat change id reported: 135549675; UID 10046; state: ENABLED
10-03 10:25:27.454   537   537 D CompatibilityChangeReporter: Compat change id reported: 135549675; UID 10047; state: ENABLED
10-03 10:25:27.455   537   537 D CompatibilityChangeReporter: Compat change id reported: 135549675; UID 10048; state: ENABLED
10-03 10:25:27.455   537   537 D CompatibilityChangeReporter: Compat change id reported: 135549675; UID 10040; state: ENABLED
10-03 10:25:27.455   537   537 D CompatibilityChangeReporter: Compat change id reported: 135549675; UID 10049; state: ENABLED
10-03 10:25:27.456   537   537 D CompatibilityChangeReporter: Compat change id reported: 135549675; UID 10051; state: ENABLED
10-03 10:25:27.456   537   537 D CompatibilityChangeReporter: Compat change id reported: 135549675; UID 10053; state: ENABLED
10-03 10:25:27.456   537   537 D CompatibilityChangeReporter: Compat change id reported: 135549675; UID 10054; state: ENABLED
10-03 10:25:27.456   537   537 D CompatibilityChangeReporter: Compat change id reported: 135549675; UID 10050; state: ENABLED
10-03 10:25:27.457   537   537 D CompatibilityChangeReporter: Compat change id reported: 135549675; UID 10056; state: ENABLED
10-03 10:25:27.457   537   537 D CompatibilityChangeReporter: Compat change id reported: 135549675; UID 10057; state: ENABLED
10-03 10:25:27.457   537   537 D CompatibilityChangeReporter: Compat change id reported: 135549675; UID 10055; state: ENABLED
10-03 10:25:27.458   537   537 D CompatibilityChangeReporter: Compat change id reported: 135549675; UID 10052; state: ENABLED
10-03 10:25:27.459   537   537 D CompatibilityChangeReporter: Compat change id reported: 135549675; UID 10061; state: ENABLED
10-03 10:25:27.459   537   537 D CompatibilityChangeReporter: Compat change id reported: 135549675; UID 10059; state: ENABLED
10-03 10:25:27.459   537   537 D CompatibilityChangeReporter: Compat change id reported: 135549675; UID 10063; state: ENABLED
10-03 10:25:27.460   537   537 D CompatibilityChangeReporter: Compat change id reported: 135549675; UID 10058; state: ENABLED
10-03 10:25:27.460   537   537 D CompatibilityChangeReporter: Compat change id reported: 135549675; UID 10062; state: ENABLED
10-03 10:25:27.461   537   537 D CompatibilityChangeReporter: Compat change id reported: 135549675; UID 10060; state: ENABLED
10-03 10:25:27.461   537   537 D CompatibilityChangeReporter: Compat change id reported: 135549675; UID 10067; state: ENABLED
10-03 10:25:27.461   537   537 D CompatibilityChangeReporter: Compat change id reported: 135549675; UID 10066; state: ENABLED
10-03 10:25:27.462   537   537 D CompatibilityChangeReporter: Compat change id reported: 135549675; UID 10065; state: ENABLED
10-03 10:25:27.462   537   537 D CompatibilityChangeReporter: Compat change id reported: 135549675; UID 10064; state: ENABLED
10-03 10:25:27.462   537   537 D CompatibilityChangeReporter: Compat change id reported: 135549675; UID 10068; state: ENABLED
10-03 10:25:27.463   537   537 D CompatibilityChangeReporter: Compat change id reported: 135549675; UID 10069; state: ENABLED
10-03 10:25:27.463   537   537 D CompatibilityChangeReporter: Compat change id reported: 135549675; UID 10070; state: ENABLED
10-03 10:25:27.463   537   537 D CompatibilityChangeReporter: Compat change id reported: 135549675; UID 10072; state: ENABLED
10-03 10:25:27.463   537   537 D CompatibilityChangeReporter: Compat change id reported: 135549675; UID 10073; state: ENABLED
10-03 10:25:27.464   537   537 D CompatibilityChangeReporter: Compat change id reported: 135549675; UID 10071; state: ENABLED
10-03 10:25:27.464   537   537 D CompatibilityChangeReporter: Compat change id reported: 135549675; UID 10074; state: ENABLED
10-03 10:25:27.464   537   537 D CompatibilityChangeReporter: Compat change id reported: 135549675; UID 10075; state: ENABLED
10-03 10:25:27.466   537   537 W PackageManager: Failed to parse /system/framework/x86: Missing base APK in /system/framework/x86
10-03 10:25:27.466   537   537 W PackageManager: Failed to parse /system/framework/oat: Missing base APK in /system/framework/oat/x86
10-03 10:25:27.470   537   537 D CompatibilityChangeReporter: Compat change id reported: 135549675; UID 1000; state: ENABLED
10-03 10:25:27.480   537   537 D CompatibilityChangeReporter: Compat change id reported: 135549675; UID 10076; state: ENABLED
10-03 10:25:27.484   537   537 D CompatibilityChangeReporter: Compat change id reported: 135549675; UID 10077; state: ENABLED
10-03 10:25:27.487   537   537 D CompatibilityChangeReporter: Compat change id reported: 135549675; UID 1001; state: ENABLED
10-03 10:25:27.490   537   537 D CompatibilityChangeReporter: Compat change id reported: 135549675; UID 10078; state: ENABLED
10-03 10:25:27.493   537   537 D CompatibilityChangeReporter: Compat change id reported: 135549675; UID 10081; state: ENABLED
10-03 10:25:27.494   537   537 D CompatibilityChangeReporter: Compat change id reported: 135549675; UID 10080; state: ENABLED
10-03 10:25:27.497   537   537 D CompatibilityChangeReporter: Compat change id reported: 135549675; UID 1073; state: ENABLED
10-03 10:25:27.498   537   537 D CompatibilityChangeReporter: Compat change id reported: 135549675; UID 10079; state: ENABLED
10-03 10:25:27.500   537   537 D CompatibilityChangeReporter: Compat change id reported: 135549675; UID 10082; state: ENABLED
10-03 10:25:27.503   537   537 D CompatibilityChangeReporter: Compat change id reported: 135549675; UID 10084; state: ENABLED
10-03 10:25:27.510   537   537 D CompatibilityChangeReporter: Compat change id reported: 135549675; UID 10083; state: ENABLED
10-03 10:25:27.516   537   537 D CompatibilityChangeReporter: Compat change id reported: 135549675; UID 10085; state: ENABLED
10-03 10:25:27.519   537   537 D CompatibilityChangeReporter: Compat change id reported: 135549675; UID 10086; state: ENABLED
10-03 10:25:27.529   537   537 D CompatibilityChangeReporter: Compat change id reported: 135549675; UID 10089; state: ENABLED
10-03 10:25:27.534   537   537 D CompatibilityChangeReporter: Compat change id reported: 135549675; UID 10088; state: ENABLED
10-03 10:25:27.537   537   537 D CompatibilityChangeReporter: Compat change id reported: 135549675; UID 10090; state: ENABLED
10-03 10:25:27.541   537   537 D CompatibilityChangeReporter: Compat change id reported: 135549675; UID 10087; state: ENABLED
10-03 10:25:27.543   537   537 D CompatibilityChangeReporter: Compat change id reported: 135549675; UID 10092; state: ENABLED
10-03 10:25:27.545   537   537 D CompatibilityChangeReporter: Compat change id reported: 135549675; UID 10091; state: ENABLED
10-03 10:25:27.549   537   537 D CompatibilityChangeReporter: Compat change id reported: 135549675; UID 2000; state: ENABLED
10-03 10:25:27.551   537   537 D CompatibilityChangeReporter: Compat change id reported: 143539591; UID -1; state: DISABLED
10-03 10:25:27.552   537   537 D CompatibilityChangeReporter: Compat change id reported: 135549675; UID 10093; state: DISABLED
10-03 10:25:27.555   537   537 D CompatibilityChangeReporter: Compat change id reported: 135549675; UID 10094; state: ENABLED
10-03 10:25:27.557   537   537 D CompatibilityChangeReporter: Compat change id reported: 135549675; UID 1027; state: ENABLED
10-03 10:25:27.559   537   537 D CompatibilityChangeReporter: Compat change id reported: 135549675; UID 10095; state: ENABLED
10-03 10:25:27.560   537   537 D CompatibilityChangeReporter: Compat change id reported: 135549675; UID 10097; state: ENABLED
10-03 10:25:27.565   537   537 D CompatibilityChangeReporter: Compat change id reported: 135549675; UID 10100; state: ENABLED
10-03 10:25:27.567   537   537 D CompatibilityChangeReporter: Compat change id reported: 135549675; UID 10098; state: ENABLED
10-03 10:25:27.569   537   537 D CompatibilityChangeReporter: Compat change id reported: 135549675; UID 10096; state: DISABLED
10-03 10:25:27.571   537   537 D CompatibilityChangeReporter: Compat change id reported: 135549675; UID 10099; state: ENABLED
10-03 10:25:27.573   537   537 D CompatibilityChangeReporter: Compat change id reported: 135549675; UID 10103; state: ENABLED
10-03 10:25:27.574   537   537 D CompatibilityChangeReporter: Compat change id reported: 135549675; UID 10101; state: ENABLED
10-03 10:25:27.576   537   537 D CompatibilityChangeReporter: Compat change id reported: 135549675; UID 10104; state: ENABLED
10-03 10:25:27.581   537   537 D CompatibilityChangeReporter: Compat change id reported: 135549675; UID 10105; state: ENABLED
10-03 10:25:27.583   537   537 D CompatibilityChangeReporter: Compat change id reported: 135549675; UID 10102; state: ENABLED
10-03 10:25:27.584   537   537 D CompatibilityChangeReporter: Compat change id reported: 135549675; UID 10107; state: ENABLED
10-03 10:25:27.586   537   537 D CompatibilityChangeReporter: Compat change id reported: 135549675; UID 10106; state: DISABLED
10-03 10:25:27.589   537   537 D CompatibilityChangeReporter: Compat change id reported: 135549675; UID 10109; state: ENABLED
10-03 10:25:27.591   537   537 D CompatibilityChangeReporter: Compat change id reported: 135549675; UID 1068; state: ENABLED
10-03 10:25:27.594   537   537 D CompatibilityChangeReporter: Compat change id reported: 135549675; UID 10108; state: ENABLED
10-03 10:25:27.598   537   537 D CompatibilityChangeReporter: Compat change id reported: 135549675; UID 1002; state: ENABLED
10-03 10:25:27.601   537   537 D CompatibilityChangeReporter: Compat change id reported: 135549675; UID 10110; state: ENABLED
10-03 10:25:27.608   537   537 D CompatibilityChangeReporter: Compat change id reported: 135549675; UID 10111; state: DISABLED
10-03 10:25:27.613   537   537 D CompatibilityChangeReporter: Compat change id reported: 135549675; UID 10112; state: DISABLED
10-03 10:25:27.616   537   537 D CompatibilityChangeReporter: Compat change id reported: 135549675; UID 10113; state: DISABLED
10-03 10:25:27.618   537   537 D CompatibilityChangeReporter: Compat change id reported: 135549675; UID 10117; state: DISABLED
10-03 10:25:27.619   537   537 D CompatibilityChangeReporter: Compat change id reported: 135549675; UID 10116; state: DISABLED
10-03 10:25:27.621   537   537 D CompatibilityChangeReporter: Compat change id reported: 135549675; UID 10115; state: DISABLED
10-03 10:25:27.623   537   537 D CompatibilityChangeReporter: Compat change id reported: 135549675; UID 10114; state: ENABLED
10-03 10:25:27.625   537   537 D CompatibilityChangeReporter: Compat change id reported: 135549675; UID 10119; state: DISABLED
10-03 10:25:27.629   537   537 D CompatibilityChangeReporter: Compat change id reported: 135549675; UID 10120; state: DISABLED
10-03 10:25:27.630   537   537 D CompatibilityChangeReporter: Compat change id reported: 135549675; UID 10121; state: DISABLED
10-03 10:25:27.632   537   537 D CompatibilityChangeReporter: Compat change id reported: 135549675; UID 10118; state: ENABLED
10-03 10:25:27.634   537   537 D CompatibilityChangeReporter: Compat change id reported: 135549675; UID 10123; state: DISABLED
10-03 10:25:27.638   537   537 D CompatibilityChangeReporter: Compat change id reported: 135549675; UID 10122; state: ENABLED
10-03 10:25:27.641   537   537 D CompatibilityChangeReporter: Compat change id reported: 135549675; UID 10125; state: DISABLED
10-03 10:25:27.645   537   537 D CompatibilityChangeReporter: Compat change id reported: 135549675; UID 10129; state: DISABLED
10-03 10:25:27.647   537   537 D CompatibilityChangeReporter: Compat change id reported: 135549675; UID 10127; state: ENABLED
10-03 10:25:27.650   537   537 D CompatibilityChangeReporter: Compat change id reported: 135549675; UID 10126; state: DISABLED
10-03 10:25:27.652   537   537 D CompatibilityChangeReporter: Compat change id reported: 135549675; UID 10124; state: ENABLED
10-03 10:25:27.654   537   537 D CompatibilityChangeReporter: Compat change id reported: 135549675; UID 10132; state: DISABLED
10-03 10:25:27.657   537   537 D CompatibilityChangeReporter: Compat change id reported: 135549675; UID 10130; state: ENABLED
