10-03 10:25:20.443   188   188 D vold    : Key exists, using: /metadata/vold/metadata_encryption/key
10-03 10:25:20.445   188   188 I vold    : List of Keymaster HALs found:
10-03 10:25:20.445   188   188 I vold    : Keymaster HAL #1: SoftwareKeymasterDevice from Google SecurityLevel: SOFTWARE HAL: android.hardware.keymaster@4.1::IKeymasterDevice/default
10-03 10:25:20.445   188   188 I vold    : Using SoftwareKeymasterDevice from Google for encryption.  Security level: SOFTWARE, HAL: android.hardware.keymaster@4.1::IKeymasterDevice/default
10-03 10:25:20.447   188   188 D vold    : Mounting metadata-encrypted filesystem:/data
10-03 10:25:20.448   188   188 I vold    : List of Keymaster HALs found:
10-03 10:25:20.448   188   188 I vold    : Keymaster HAL #1: SoftwareKeymasterDevice from Google SecurityLevel: SOFTWARE HAL: android.hardware.keymaster@4.1::IKeymasterDevice/default
10-03 10:25:20.449   188   188 I vold    : [libfs_mgr]superblock s_max_mnt_count:65535,/dev/block/dm-5
10-03 10:25:20.449   188   188 I vold    : [libfs_mgr]Filesystem on /dev/block/dm-5 was not cleanly shutdown; state flags: 0x1, incompat feature flags: 0x30046
10-03 10:25:20.455     0     0 I init    : Command 'KeychordInit' action=KeychordInit (<Builtin Action>:0) took 702ms and succeeded
10-03 10:25:20.457     0     0 I init    : processing action (init) from (/system/etc/init/hw/init.rc:114)
10-03 10:25:20.459     0     0 I init    : Command 'write /dev/blkio/blkio.weight 1000' action=init (/system/etc/init/hw/init.rc:164) took 0ms and failed: Unable to write to file '/dev/blkio/blkio.weight': open() failed: Permission denied
10-03 10:25:20.463     0     0 I init    : Command 'write /dev/blkio/background/blkio.weight 200' action=init (/system/etc/init/hw/init.rc:165) took 0ms and failed: Unable to write to file '/dev/blkio/background/blkio.weight': open() failed: Permission denied
10-03 10:25:20.466     0     0 I init    : Command 'write /dev/blkio/blkio.group_idle 0' action=init (/system/etc/init/hw/init.rc:166) took 0ms and failed: Unable to write to file '/dev/blkio/blkio.group_idle': open() failed: Permission denied
10-03 10:25:20.470     0     0 I init    : Command 'write /dev/blkio/background/blkio.group_idle 0' action=init (/system/etc/init/hw/init.rc:167) took 0ms and failed: Unable to write to file '/dev/blkio/background/blkio.group_idle': open() failed: Permission denied
10-03 10:25:20.476     0     0 I init    : Command 'write /dev/cpuctl/cpu.rt_period_us 1000000' action=init (/system/etc/init/hw/init.rc:271) took 0ms and failed: Unable to write to file '/dev/cpuctl/cpu.rt_period_us': open() failed: Permission denied
10-03 10:25:20.479     0     0 I init    : Command 'write /dev/cpuctl/cpu.rt_runtime_us 950000' action=init (/system/etc/init/hw/init.rc:272) took 0ms and failed: Unable to write to file '/dev/cpuctl/cpu.rt_runtime_us': open() failed: Permission denied
10-03 10:25:20.505     0     0 I init    : Command 'write /dev/cpu_variant:${ro.bionic.arch} ${ro.bionic.cpu_variant}' action=init (/system/etc/init/hw/init.rc:382) took 0ms and failed: property 'ro.bionic.cpu_variant' doesn't exist while expanding '${ro.bionic.cpu_variant}'
10-03 10:25:20.509     0     0 I init    : Command 'write /dev/cpu_variant:${ro.bionic.2nd_arch} ${ro.bionic.2nd_cpu_variant}' action=init (/system/etc/init/hw/init.rc:384) took 0ms and failed: property 'ro.bionic.2nd_arch' doesn't exist while expanding '/dev/cpu_variant:${ro.bionic.2nd_arch}'
10-03 10:25:20.513     0     0 I init    : Command 'chmod 0444 /dev/cpu_variant:${ro.bionic.2nd_arch}' action=init (/system/etc/init/hw/init.rc:385) took 0ms and failed: property 'ro.bionic.2nd_arch' doesn't exist while expanding '/dev/cpu_variant:${ro.bionic.2nd_arch}'
10-03 10:25:20.517     0     0 I init    : starting service 'logd'...
10-03 10:25:20.518     0     0 I init    : Created socket '/dev/socket/logd', mode 666, user 1036, group 1036
10-03 10:25:20.519     0     0 I init    : Created socket '/dev/socket/logdr', mode 666, user 1036, group 1036
10-03 10:25:20.521     0     0 I init    : Created socket '/dev/socket/logdw', mode 222, user 1036, group 1036
10-03 10:25:20.522     0     0 I init    : Opened file '/proc/kmsg', flags 0
10-03 10:25:20.523     0     0 I init    : Opened file '/dev/kmsg', flags 1
10-03 10:25:20.525     0     0 I init    : starting service 'lmkd'...
10-03 10:25:20.526     0     0 I init    : Created socket '/dev/socket/lmkd', mode 660, user 1000, group 1000
10-03 10:25:20.528     0     0 I init    : starting service 'servicemanager'...
10-03 10:25:20.530     0     0 I init    : starting service 'hwservicemanager'...
10-03 10:25:20.532     0     0 I init    : Command 'start vndservicemanager' action=init (/system/etc/init/hw/init.rc:409) took 0ms and failed: service vndservicemanager not found
10-03 10:25:20.534     0     0 I init    : processing action (ro.debuggable=1 && init) from (/system/etc/init/hw/init.rc:1065)
10-03 10:25:20.536     0     0 I logd.auditd: start
10-03 10:25:20.538     0     0 I init    : starting service 'console'...
10-03 10:25:20.541     0     0 I init    : processing action (init) from (/system/etc/init/hw/init.usb.rc:24)
10-03 10:25:20.543     0     0 I init    : processing action (init) from (/vendor/etc/init/hw/init.ranchu.rc:17)
10-03 10:25:20.547     0     0 I init    : starting service 'qemu-props'...
10-03 10:25:20.549     0     0 I init    : processing action (init) from (/system/etc/init/audioserver.rc:48)
10-03 10:25:20.550     0     0 I init    : processing action (MixHwrngIntoLinuxRng) from (<Builtin Action>:0)
10-03 10:25:20.562     0     0 I init    : Mixed 512 bytes from /dev/hw_random into /dev/urandom
10-03 10:25:20.563     0     0 I init    : processing action (late-init) from (/system/etc/init/hw/init.rc:427)
10-03 10:25:20.564     0     0 I init    : processing action (late-init) from (/system/etc/init/atrace.rc:3)
10-03 10:25:20.567     0     0 I init    : processing action (late-init) from (/vendor/etc/init/android.hardware.atrace@1.0-service.rc:1)
10-03 10:25:20.570     0     0 I init    : processing action (queue_property_triggers) from (<Builtin Action>:0)
10-03 10:25:20.571     0     0 I init    : processing action (early-fs) from (/system/etc/init/hw/init.rc:463)
10-03 10:25:20.573     0     0 I init    : starting service 'vold'...
10-03 10:25:20.575     0     0 I init    : processing action (early-fs) from (/vendor/etc/init/hw/init.ranchu.rc:1)
10-03 10:25:20.576     0     0 I init    : processing action (fs) from (/vendor/etc/init/hw/init.ranchu.rc:4)
10-03 10:25:20.578     0     0 I init    : starting service 'wait_for_keymaster'...
10-03 10:25:20.592     0     0 I init    : SVC_EXEC service 'wait_for_keymaster' pid 189 (uid 0 gid 0+1 context default) started; waiting...
10-03 10:25:20.612   188   188 I vold    : [libfs_mgr]check_fs(): mount(/dev/block/dm-5,/data,ext4)=0: Success
10-03 10:25:20.613     0     0 I wait_for_keymaster: Waiting for Keymaster device
10-03 10:25:20.625   188   188 I vold    : [libfs_mgr]check_fs(): unmount(/data) succeeded
10-03 10:25:20.625   188   188 I vold    : [libfs_mgr]Running /system/bin/e2fsck on /dev/block/dm-5
10-03 10:25:20.634     0     0 I HidlServiceManagement: getService: Trying again for android.hardware.keymaster@4.0::IKeymasterDevice/default...
10-03 10:25:20.635     0     0 I init    : starting service 'vendor.keymaster-4-1'...
10-03 10:25:20.638     0     0 I init    : Control message: Processed ctl.interface_start for 'android.hardware.keymaster@4.0::IKeymasterDevice/default' from pid: 178 (/system/bin/hwservicemanager)
10-03 10:25:20.641     0     0 I init    : Control message: Processed ctl.interface_start for 'android.hardware.keymaster@4.0::IKeymasterDevice/default' from pid: 178 (/system/bin/hwservicemanager)
10-03 10:25:20.679     0     0 I wait_for_keymaster: List of Keymaster HALs found:
10-03 10:25:20.680     0     0 I wait_for_keymaster: Keymaster HAL #1: SoftwareKeymasterDevice from Google SecurityLevel: SOFTWARE HAL: android.hardware.keymaster@4.1::IKeymasterDevice/default
10-03 10:25:20.683     0     0 D wait_for_keymaster: Computing HMAC with params { (seed: , nonce: 8e882ac6bd965e30f5222ab597102888465f592877a7a8ae4b29e089bc1032) }
10-03 10:25:20.683     0     0 D wait_for_keymaster: Computing HMAC for SoftwareKeymasterDevice from Google SecurityLevel: SOFTWARE HAL: android.hardware.keymaster@4.1::IKeymasterDevice/default
10-03 10:25:20.683     0     0 I wait_for_keymaster: Using SoftwareKeymasterDevice from Google for encryption.  Security level: SOFTWARE, HAL: android.hardware.keymaster@4.1::IKeymasterDevice/default
10-03 10:25:20.686     0     0 I wait_for_keymaster: Keymaster device ready
10-03 10:25:20.687     0     0 I init    : Service 'wait_for_keymaster' (pid 189) exited with status 0 waiting took 0.096000 seconds
10-03 10:25:20.689     0     0 I init    : Sending signal 9 to service 'wait_for_keymaster' (pid 189) process group...
10-03 10:25:20.691     0     0 I libprocessgroup: Successfully killed process cgroup uid 0 pid 189 in 0ms
10-03 10:25:20.694     0     0 I init    : [libfs_mgr]Invalid ext4 superblock on '/dev/block/vdc'
10-03 10:25:20.695     0     0 E init    : [libfs_mgr]mount_with_alternatives(): skipping mount due to invalid magic, mountpoint=/data blk_dev=/dev/block/vdc rec[4].fs_type=ext4
10-03 10:25:20.698     0     0 I init    : Calling: /system/bin/vdc cryptfs mountFstab /dev/block/vdc /data
10-03 10:25:20.706     0     0 D vdc     : Waited 0ms for vold
10-03 10:25:20.717     0     0 W EXT4-fs (dm-5): Ignoring removed nomblk_io_submit option
10-03 10:25:20.718     0     0 I EXT4-fs (dm-5): Using encoding defined by superblock: utf8-12.1.0 with flags 0x0
10-03 10:25:20.877     0     0 I EXT4-fs (dm-5): recovery complete
10-03 10:25:20.879     0     0 I EXT4-fs (dm-5): mounted filesystem with ordered data mode. Opts: errors=remount-ro,nomblk_io_submit
10-03 10:25:20.905     0     0 I e2fsck  : e2fsck 1.45.4 (23-Sep-2019)
10-03 10:25:20.910     0     0 I e2fsck  : Pass 1: Checking inodes, blocks, and sizes
10-03 10:25:21.031   188   188 I vold    : [libfs_mgr]superblock s_max_mnt_count:65535,/dev/block/dm-5
10-03 10:25:21.031   188   188 W vold    : [libfs_mgr]Reserved blocks 32768 is too large; capping to 31457
10-03 10:25:21.038   188   188 I vold    : [libfs_mgr]__mount(source=/dev/block/dm-5,target=/data,type=ext4)=0: Success
10-03 10:25:21.038   188   188 D vold    : Mounted /data
10-03 10:25:21.039   188   192 D vold    : Disk at 253:5 changed
10-03 10:25:21.124   188   188 I Checkpoint: cp_prepareCheckpoint called
10-03 10:25:21.137   188   188 I vold    : fscrypt_initialize_systemwide_keys
10-03 10:25:21.137   188   188 D vold    : Key exists, using: /data/unencrypted/key
10-03 10:25:21.141   188   188 I vold    : List of Keymaster HALs found:
10-03 10:25:21.141   188   188 I vold    : Keymaster HAL #1: SoftwareKeymasterDevice from Google SecurityLevel: SOFTWARE HAL: android.hardware.keymaster@4.1::IKeymasterDevice/default
10-03 10:25:21.141   188   188 I vold    : Using SoftwareKeymasterDevice from Google for encryption.  Security level: SOFTWARE, HAL: android.hardware.keymaster@4.1::IKeymasterDevice/default
10-03 10:25:21.143   188   188 D vold    : Installed fscrypt key with ref 9968565ba66afc3144cb5b828e0046f4 to /data
10-03 10:25:21.143   188   188 D vold    : Added fscrypt-provisioning key for 9968565ba66afc3144cb5b828e0046f4 to session keyring
10-03 10:25:21.147   188   188 I vold    : Wrote system DE key reference to:/data/unencrypted/ref
10-03 10:25:21.147   188   188 D vold    : Installed fscrypt key with ref 0e7010fb2d60f3291d42ad9667d3e264 to /data
10-03 10:25:21.147   188   188 D vold    : Added fscrypt-provisioning key for 0e7010fb2d60f3291d42ad9667d3e264 to session keyring
10-03 10:25:21.148   188   188 I vold    : Wrote per boot key reference to:/data/unencrypted/per_boot_ref
10-03 10:25:21.226     0     0 I e2fsck  : Pass 2: Checking directory structure
10-03 10:25:21.271     0     0 I e2fsck  : Pass 3: Checking directory connectivity
10-03 10:25:21.272   188   192 D vold    : Disk at 7:48 changed
10-03 10:25:21.272     0     0 I e2fsck  : Pass 4: Checking reference counts
10-03 10:25:21.278     0     0 I e2fsck  : Pass 5: Checking group summary information
10-03 10:25:21.291   188   192 D vold    : Disk at 7:48 changed
10-03 10:25:21.296     0     0 I e2fsck  : /dev/block/dm-5: 6646/393216 files (4.2% non-contiguous), 196293/1572864 blocks
10-03 10:25:21.300     0     0 W EXT4-fs (dm-5): Ignoring removed nomblk_io_submit option
10-03 10:25:21.301     0     0 I EXT4-fs (dm-5): Using encoding defined by superblock: utf8-12.1.0 with flags 0x0
10-03 10:25:21.302   188   192 D vold    : Disk at 7:56 changed
10-03 10:25:21.304     0     0 I EXT4-fs (dm-5): mounted filesystem with ordered data mode. Opts: nomblk_io_submit,errors=panic
10-03 10:25:21.310     0     0 I init    : Keyring created with id 867013664 in process 1
10-03 10:25:21.311     0     0 I init    : Command 'mount_all /vendor/etc/fstab.ranchu' action=fs (/vendor/etc/init/hw/init.ranchu.rc:6) took 618ms and succeeded
10-03 10:25:21.314     0     0 I init    : processing action (fs) from (/system/etc/init/logd.rc:28)
10-03 10:25:21.315     0     0 I init    : processing action (fs) from (/system/etc/init/wifi.rc:25)
10-03 10:25:21.317     0     0 I init    : processing action (post-fs) from (/system/etc/init/hw/init.rc:467)
10-03 10:25:21.318     0     0 I init    : starting service 'exec 2 (/system/bin/vdc checkpoint markBootAttempt)'...
10-03 10:25:21.320   188   192 D vold    : Disk at 7:56 changed
10-03 10:25:21.320     0     0 I init    : SVC_EXEC service 'exec 2 (/system/bin/vdc checkpoint markBootAttempt)' pid 210 (uid 1000 gid 1000+0 context default) started; waiting...
10-03 10:25:21.324     0     0 I init    : Service 'exec 2 (/system/bin/vdc checkpoint markBootAttempt)' (pid 210) exited with status 0 waiting took 0.003000 seconds
10-03 10:25:21.326     0     0 I init    : Sending signal 9 to service 'exec 2 (/system/bin/vdc checkpoint markBootAttempt)' (pid 210) process group...
10-03 10:25:21.328   188   192 D vold    : Disk at 7:64 changed
10-03 10:25:21.328     0     0 I libprocessgroup: Successfully killed process cgroup uid 1000 pid 210 in 0ms
10-03 10:25:21.329     0     0 E selinux : SELinux:  Could not stat /sys/kernel/debug: No such file or directory.
10-03 10:25:21.332     0     0 E selinux :  
10-03 10:25:21.333     0     0 I init    : Command 'chown system cache /cache' action=post-fs (/system/etc/init/hw/init.rc:479) took 0ms and failed: lchown() failed: Read-only file system
10-03 10:25:21.336     0     0 I init    : Command 'chmod 0770 /cache' action=post-fs (/system/etc/init/hw/init.rc:480) took 0ms and failed: fchmodat() failed: Read-only file system
10-03 10:25:21.340     0     0 I init    : Command 'mkdir /cache/recovery 0770 system cache' action=post-fs (/system/etc/init/hw/init.rc:486) took 1ms and failed: mkdir() failed on /cache/recovery: Required key not available
10-03 10:25:21.343     0     0 I init    : Command 'mkdir /cache/backup_stage 0700 system system' action=post-fs (/system/etc/init/hw/init.rc:489) took 0ms and failed: mkdir() failed on /cache/backup_stage: Required key not available
10-03 10:25:21.347     0     0 I init    : Command 'mkdir /cache/backup 0700 system system' action=post-fs (/system/etc/init/hw/init.rc:490) took 0ms and failed: mkdir() failed on /cache/backup: Required key not available
10-03 10:25:21.350     0     0 I init    : Command 'mkdir /cache/lost+found 0770 root root' action=post-fs (/system/etc/init/hw/init.rc:511) took 0ms and failed: mkdir() failed on /cache/lost+found: Required key not available
10-03 10:25:21.355     0     0 I selinux : SELinux: Skipping restorecon on directory(/metadata)
10-03 10:25:21.355   188   192 D vold    : Disk at 7:64 changed
10-03 10:25:21.356     0     0 I selinux :  
10-03 10:25:21.358     0     0 I selinux : SELinux: Skipping restorecon on directory(/metadata/apex)
10-03 10:25:21.359     0     0 I selinux :  
10-03 10:25:21.359     0     0 I init    : processing action (post-fs) from (/system/etc/init/atrace_userdebug.rc:7)
10-03 10:25:21.361     0     0 I init    : processing action (post-fs) from (/system/etc/init/gsid.rc:8)
10-03 10:25:21.361   188   192 D vold    : Disk at 7:72 changed
10-03 10:25:21.363     0     0 I init    : processing action (post-fs) from (/system/etc/init/recovery-refresh.rc:1)
10-03 10:25:21.364     0     0 I init    : starting service 'exec 3 (/system/bin/recovery-refresh)'...
10-03 10:25:21.366     0     0 I init    : processing action (late-fs) from (/system/etc/init/hw/init.rc:531)
10-03 10:25:21.369     0     0 I init    : starting service 'system_suspend'...
10-03 10:25:21.371     0     0 I init    : starting service 'vendor.atrace-hal-1-0'...
10-03 10:25:21.373     0     0 I init    : Service 'exec 3 (/system/bin/recovery-refresh)' (pid 211) exited with status 254 oneshot service took 0.006000 seconds in background
10-03 10:25:21.375     0     0 I init    : Sending signal 9 to service 'exec 3 (/system/bin/recovery-refresh)' (pid 211) process group...
10-03 10:25:21.378     0     0 I libprocessgroup: Successfully killed process cgroup uid 1000 pid 211 in 0ms
10-03 10:25:21.379   188   192 D vold    : Disk at 7:72 changed
10-03 10:25:21.379     0     0 I init    : processing action (late-fs) from (/vendor/etc/init/hw/init.ranchu.rc:8)
10-03 10:25:21.382     0     0 E init    : Unable to set property 'ro.crypto.state' from uid:0 gid:0 pid:1: Read-only property was already set
10-03 10:25:21.384     0     0 I init    : processing action (post-fs-data) from (/system/etc/init/hw/init.rc:540)
10-03 10:25:21.385   188   192 D vold    : Disk at 7:80 changed
10-03 10:25:21.386     0     0 I init    : starting service 'exec 4 (/system/bin/vdc checkpoint prepareCheckpoint)'...
10-03 10:25:21.388     0     0 I init    : SVC_EXEC service 'exec 4 (/system/bin/vdc checkpoint prepareCheckpoint)' pid 216 (uid 1000 gid 1000+0 context default) started; waiting...
10-03 10:25:21.392     0     0 I init    : Service 'exec 4 (/system/bin/vdc checkpoint prepareCheckpoint)' (pid 216) exited with status 0 waiting took 0.004000 seconds
10-03 10:25:21.394     0     0 I init    : Sending signal 9 to service 'exec 4 (/system/bin/vdc checkpoint prepareCheckpoint)' (pid 216) process group...
10-03 10:25:21.397     0     0 I libprocessgroup: Successfully killed process cgroup uid 1000 pid 216 in 0ms
10-03 10:25:21.399     0     0 I init    : starting service 'exec 5 (/system/bin/vdc --wait cryptfs enablefilecrypto)'...
10-03 10:25:21.401     0     0 I init    : SVC_EXEC service 'exec 5 (/system/bin/vdc --wait cryptfs enablefilecrypto)' pid 217 (uid 0 gid 0+0 context default) started; waiting...
10-03 10:25:21.404     0     0 D vdc     : Waited 0ms for vold
10-03 10:25:21.416     0     0 I init    : Service 'exec 5 (/system/bin/vdc --wait cryptfs enablefilecrypto)' (pid 217) exited with status 0 waiting took 0.015000 seconds
10-03 10:25:21.419     0     0 I init    : Sending signal 9 to service 'exec 5 (/system/bin/vdc --wait cryptfs enablefilecrypto)' (pid 217) process group...
10-03 10:25:21.421     0     0 I libprocessgroup: Successfully killed process cgroup uid 0 pid 217 in 0ms
10-03 10:25:21.425     0     0 I fscrypt : AES-256-CTS-CBC using implementation "cts(cbc-aes-aesni)"
10-03 10:25:21.426     0     0 I init    : Verified that /data/bootchart has the encryption policy 9968565ba66afc3144cb5b828e0046f4 v2 modes 1/4 flags 0x2
10-03 10:25:21.430     0     0 I init    : Switched to default mount namespace
10-03 10:25:21.430     0     0 I init    : Not setting encryption policy on: /data/apex
10-03 10:25:21.433     0     0 I init    : Not setting encryption policy on: /data/app-staging
10-03 10:25:21.435     0     0 I init    : starting service 'apexd'...
10-03 10:25:21.435   188   192 D vold    : Disk at 7:80 changed
10-03 10:25:21.439     0     0 E init    : Failed to set encryption policy of /data/misc to 9968565ba66afc3144cb5b828e0046f4 v2 modes 1/4 flags 0x2: Directory not empty
10-03 10:25:21.442   188   192 D vold    : Disk at 7:88 changed
10-03 10:25:21.443     0     0 I apexd   : Scanning /system/apex for preinstalled data
10-03 10:25:21.445     0     0 I ls      : executing ls failed: Permission denied
10-03 10:25:21.445     0     0 E logwrapper: executing ls failed: Permission denied
10-03 10:25:21.446     0     0 I apexd   : Scanning /system_ext/apex for preinstalled data
10-03 10:25:21.446     0     0 I apexd   : ... does not exist. Skipping
10-03 10:25:21.447     0     0 E logwrapper:  
10-03 10:25:21.448     0     0 I apexd   : Scanning /product/apex for preinstalled data
10-03 10:25:21.449     0     0 I ls      : ls terminated by exit(255)
10-03 10:25:21.453     0     0 I apexd   : ... does not exist. Skipping
10-03 10:25:21.454     0     0 I ls      :  
10-03 10:25:21.455     0     0 I apexd   : Scanning /vendor/apex for preinstalled data
10-03 10:25:21.456     0     0 E init    : ls -laZ /data/misc returned failure: 255
10-03 10:25:21.457     0     0 I apexd   : ... does not exist. Skipping
10-03 10:25:21.457     0     0 E init    : Setting 9968565ba66afc3144cb5b828e0046f4 policy on /data/misc failed!
10-03 10:25:21.458     0     0 I apexd   : Populating APEX database from mounts...
10-03 10:25:21.459     0     0 E init    : Rebooting into recovery
10-03 10:25:21.459   188   192 D vold    : Disk at 7:88 changed
10-03 10:25:21.460     0     0 I apexd   : 0 packages restored.
10-03 10:25:21.461     0     0 I init    : Command 'mkdir /data/misc 01771 system misc encryption=Require' action=post-fs-data (/system/etc/init/hw/init.rc:576) took 22ms and failed: Failed to set bootloader message: failed to find /misc partition
10-03 10:25:21.462     0     0 I apexd   : Marking APEXd as starting
10-03 10:25:21.466   188   192 D vold    : Disk at 7:96 changed
10-03 10:25:21.468     0     0 I apexd   : Scanning /metadata/apex/sessions looking for sessions to be activated.
10-03 10:25:21.471     0     0 I init    : Verified that /data/local has the encryption policy 9968565ba66afc3144cb5b828e0046f4 v2 modes 1/4 flags 0x2
10-03 10:25:21.471     0     0 I apexd   : Scanning /data/apex/active looking for APEX packages.
10-03 10:25:21.474     0     0 I init    : Not setting encryption policy on: /data/preloads
10-03 10:25:21.474     0     0 I apexd   : Activated 0 packages. Skipped: 0
10-03 10:25:21.476     0     0 I init    : Verified that /data/vendor has the encryption policy 9968565ba66afc3144cb5b828e0046f4 v2 modes 1/4 flags 0x2
10-03 10:25:21.477     0     0 I apexd   : Scanning /system/apex looking for APEX packages.
10-03 10:25:21.479     0     0 I init    : Not setting encryption policy on: /data/vendor_ce
10-03 10:25:21.480     0     0 I apexd   : Found /system/apex/com.google.android.sdkext.apex
10-03 10:25:21.481     0     0 I init    : Not setting encryption policy on: /data/vendor_de
10-03 10:25:21.482     0     0 I apexd   : Found /system/apex/com.google.android.media.apex
10-03 10:25:21.485     0     0 I apexd   : Found /system/apex/com.google.android.wifi.apex
10-03 10:25:21.485     0     0 I init    : Not setting encryption policy on: /data/data
10-03 10:25:21.486     0     0 I apexd   : Found /system/apex/com.android.runtime.apex
10-03 10:25:21.487   188   192 D vold    : Disk at 7:96 changed
10-03 10:25:21.488     0     0 I apexd   : Found /system/apex/com.google.android.cellbroadcast.apex
10-03 10:25:21.488     0     0 I init    : Verified that /data/app-private has the encryption policy 9968565ba66afc3144cb5b828e0046f4 v2 modes 1/4 flags 0x2
10-03 10:25:21.489     0     0 I apexd   : Found /system/apex/com.google.android.extservices.apex
10-03 10:25:21.492     0     0 I init    : Verified that /data/app-ephemeral has the encryption policy 9968565ba66afc3144cb5b828e0046f4 v2 modes 1/4 flags 0x2
10-03 10:25:21.492     0     0 I apexd   : Found /system/apex/com.google.android.mediaprovider.apex
10-03 10:25:21.495     0     0 I init    : Verified that /data/app-asec has the encryption policy 9968565ba66afc3144cb5b828e0046f4 v2 modes 1/4 flags 0x2
10-03 10:25:21.495   188   192 D vold    : Disk at 7:104 changed
10-03 10:25:21.496     0     0 I apexd   : Found /system/apex/com.google.android.telephony.apex
10-03 10:25:21.498     0     0 I init    : Verified that /data/app-lib has the encryption policy 9968565ba66afc3144cb5b828e0046f4 v2 modes 1/4 flags 0x2
10-03 10:25:21.499     0     0 I apexd   : Found /system/apex/com.google.android.adbd.apex
10-03 10:25:21.502     0     0 I init    : Verified that /data/app has the encryption policy 9968565ba66afc3144cb5b828e0046f4 v2 modes 1/4 flags 0x2
10-03 10:25:21.502     0     0 I apexd   : Found /system/apex/com.google.android.permission.apex
10-03 10:25:21.505     0     0 I init    : Verified that /data/property has the encryption policy 9968565ba66afc3144cb5b828e0046f4 v2 modes 1/4 flags 0x2
10-03 10:25:21.505     0     0 I apexd   : Found /system/apex/com.google.android.tzdata2.apex
10-03 10:25:21.508     0     0 I init    : Verified that /data/tombstones has the encryption policy 9968565ba66afc3144cb5b828e0046f4 v2 modes 1/4 flags 0x2
10-03 10:25:21.508     0     0 I apexd   : Found /system/apex/com.google.android.neuralnetworks.apex
10-03 10:25:21.511     0     0 I apexd   : Found /system/apex/com.android.vndk.current.apex
10-03 10:25:21.511     0     0 I init    : Verified that /data/dalvik-cache has the encryption policy 9968565ba66afc3144cb5b828e0046f4 v2 modes 1/4 flags 0x2
10-03 10:25:21.513     0     0 I apexd   : Found /system/apex/com.google.android.media.swcodec.apex
10-03 10:25:21.516     0     0 I init    : Verified that /data/ota has the encryption policy 9968565ba66afc3144cb5b828e0046f4 v2 modes 1/4 flags 0x2
10-03 10:25:21.516     0     0 I apexd   : Found /system/apex/com.android.apex.cts.shim.apex
10-03 10:25:21.518     0     0 I init    : Verified that /data/ota_package has the encryption policy 9968565ba66afc3144cb5b828e0046f4 v2 modes 1/4 flags 0x2
10-03 10:25:21.519     0     0 I apexd   : Found /system/apex/com.android.art.debug.apex
10-03 10:25:21.522     0     0 I init    : Verified that /data/resource-cache has the encryption policy 9968565ba66afc3144cb5b828e0046f4 v2 modes 1/4 flags 0x2
10-03 10:25:21.522     0     0 I apexd   : Found /system/apex/com.android.i18n.apex
10-03 10:25:21.524     0     0 I init    : Not setting encryption policy on: /data/lost+found
10-03 10:25:21.525     0     0 I apexd   : Found /system/apex/com.google.android.os.statsd.apex
10-03 10:25:21.527     0     0 I init    : Verified that /data/drm has the encryption policy 9968565ba66afc3144cb5b828e0046f4 v2 modes 1/4 flags 0x2
10-03 10:25:21.527     0     0 I apexd   : Found /system/apex/com.google.android.resolv.apex
10-03 10:25:21.530     0     0 I init    : Verified that /data/mediadrm has the encryption policy 9968565ba66afc3144cb5b828e0046f4 v2 modes 1/4 flags 0x2
10-03 10:25:21.530     0     0 I apexd   : Found /system/apex/com.google.android.conscrypt.apex
10-03 10:25:21.533     0     0 I init    : Verified that /data/anr has the encryption policy 9968565ba66afc3144cb5b828e0046f4 v2 modes 1/4 flags 0x2
10-03 10:25:21.534     0     0 I apexd   : Found /system/apex/com.google.android.tethering.apex
10-03 10:25:21.536     0     0 I init    : Verified that /data/nfc has the encryption policy 9968565ba66afc3144cb5b828e0046f4 v2 modes 1/4 flags 0x2
10-03 10:25:21.537     0     0 I apexd   : Found /system/apex/com.google.android.ipsec.apex
10-03 10:25:21.540     0     0 D apexd   : Creating mount point: /apex/com.android.sdkext@300900700
10-03 10:25:21.540     0     0 I init    : Verified that /data/backup has the encryption policy 9968565ba66afc3144cb5b828e0046f4 v2 modes 1/4 flags 0x2
10-03 10:25:21.542     0     0 I init    : Verified that /data/ss has the encryption policy 9968565ba66afc3144cb5b828e0046f4 v2 modes 1/4 flags 0x2
10-03 10:25:21.544     0     0 E init    : Failed to set encryption policy of /data/system to 9968565ba66afc3144cb5b828e0046f4 v2 modes 1/4 flags 0x2: Directory not empty
10-03 10:25:21.547   188   192 D vold    : Disk at 7:104 changed
10-03 10:25:21.547     0     0 E logwrapper: executing ls failed: Permission denied
10-03 10:25:21.547     0     0 I ls      : executing ls failed: Permission denied
10-03 10:25:21.548     0     0 E logwrapper:  
10-03 10:25:21.552   188   192 D vold    : Disk at 7:112 changed
10-03 10:25:21.553     0     0 I ls      : ls terminated by exit(255)
10-03 10:25:21.554     0     0 I ls      :  
10-03 10:25:21.555     0     0 E init    : ls -laZ /data/system returned failure: 255
10-03 10:25:21.556     0     0 E init    : Setting 9968565ba66afc3144cb5b828e0046f4 policy on /data/system failed!
10-03 10:25:21.557     0     0 E init    : Rebooting into recovery
10-03 10:25:21.558     0     0 I init    : Command 'mkdir /data/system 0775 system system encryption=Require' action=post-fs-data (/system/etc/init/hw/init.rc:703) took 13ms and failed: Failed to set bootloader message: failed to find /misc partition
10-03 10:25:21.559     0     0 D apexd   : Loopback device created: /dev/block/loop6
10-03 10:25:21.562     0     0 D apexd   : AVB footer verification successful.
10-03 10:25:21.562     0     0 I init    : Not setting encryption policy on: /data/system_de
10-03 10:25:21.562     0     0 D apexd   : /system/apex/com.google.android.sdkext.apex: public key matches.
10-03 10:25:21.563     0     0 I init    : Not setting encryption policy on: /data/system_ce
10-03 10:25:21.564     0     0 I EXT4-fs (loop6): mounted filesystem without journal. Opts: (null)
10-03 10:25:21.565     0     0 I init    : Not setting encryption policy on: /data/misc_de
10-03 10:25:21.566     0     0 I apexd   : Successfully mounted package /system/apex/com.google.android.sdkext.apex on /apex/com.android.sdkext@300900700
10-03 10:25:21.567     0     0 I init    : Not setting encryption policy on: /data/misc_ce
10-03 10:25:21.570     0     0 D apexd   : Creating bind-mount for /apex/com.android.sdkext for /apex/com.android.sdkext@300900700
10-03 10:25:21.570     0     0 D apexd   : Creating mountpoint /apex/com.android.sdkext
10-03 10:25:21.570     0     0 D apexd   : Bind-mounting /apex/com.android.sdkext@300900700 to /apex/com.android.sdkext
10-03 10:25:21.570     0     0 D apexd   : Successfully activated /system/apex/com.google.android.sdkext.apex package_name: com.android.sdkext version: 300900700
10-03 10:25:21.570     0     0 D apexd   : Creating mount point: /apex/com.android.media@300900700
10-03 10:25:21.570     0     0 I init    : Not setting encryption policy on: /data/user
10-03 10:25:21.571     0     0 I init    : Not setting encryption policy on: /data/user_de
10-03 10:25:21.571   188   192 D vold    : Disk at 7:112 changed
10-03 10:25:21.573     0     0 I init    : Command 'rm /data/user/0' action=post-fs-data (/system/etc/init/hw/init.rc:718) took 0ms and failed: unlink() failed: Is a directory
10-03 10:25:21.578   188   192 D vold    : Disk at 7:120 changed
10-03 10:25:21.578     0     0 I init    : Verified that /data/cache has the encryption policy 9968565ba66afc3144cb5b828e0046f4 v2 modes 1/4 flags 0x2
10-03 10:25:21.582     0     0 I init    : Verified that /data/rollback has the encryption policy 9968565ba66afc3144cb5b828e0046f4 v2 modes 1/4 flags 0x2
10-03 10:25:21.585     0     0 I init    : Verified that /data/rollback-observer has the encryption policy 9968565ba66afc3144cb5b828e0046f4 v2 modes 1/4 flags 0x2
10-03 10:25:21.587     0     0 D apexd   : Loopback device created: /dev/block/loop7
10-03 10:25:21.587     0     0 D apexd   : AVB footer verification successful.
10-03 10:25:21.588     0     0 I init    : Verified that /data/incremental has the encryption policy 9968565ba66afc3144cb5b828e0046f4 v2 modes 1/4 flags 0x2
10-03 10:25:21.588     0     0 D apexd   : /system/apex/com.google.android.media.apex: public key matches.
10-03 10:25:21.591     0     0 I EXT4-fs (loop7): mounted filesystem without journal. Opts: (null)
10-03 10:25:21.592     0     0 I apexd   : Successfully mounted package /system/apex/com.google.android.media.apex on /apex/com.android.media@300900700
10-03 10:25:21.595     0     0 D apexd   : Creating bind-mount for /apex/com.android.media for /apex/com.android.media@300900700
10-03 10:25:21.595     0     0 D apexd   : Creating mountpoint /apex/com.android.media
10-03 10:25:21.595     0     0 D apexd   : Bind-mounting /apex/com.android.media@300900700 to /apex/com.android.media
10-03 10:25:21.595     0     0 D apexd   : Successfully activated /system/apex/com.google.android.media.apex package_name: com.android.media version: 300900700
10-03 10:25:21.595     0     0 D apexd   : Creating mount point: /apex/com.android.wifi@300900711
10-03 10:25:21.611   188   192 D vold    : Disk at 7:120 changed
10-03 10:25:21.618   188   192 D vold    : Disk at 7:128 changed
10-03 10:25:21.623     0     0 D apexd   : Loopback device created: /dev/block/loop8
10-03 10:25:21.623     0     0 D apexd   : AVB footer verification successful.
10-03 10:25:21.624     0     0 D apexd   : /system/apex/com.google.android.wifi.apex: public key matches.
10-03 10:25:21.625     0     0 I EXT4-fs (loop8): mounted filesystem without journal. Opts: (null)
10-03 10:25:21.626     0     0 I apexd   : Successfully mounted package /system/apex/com.google.android.wifi.apex on /apex/com.android.wifi@300900711
10-03 10:25:21.629     0     0 D apexd   : Creating bind-mount for /apex/com.android.wifi for /apex/com.android.wifi@300900711
10-03 10:25:21.629     0     0 D apexd   : Creating mountpoint /apex/com.android.wifi
10-03 10:25:21.629     0     0 D apexd   : Bind-mounting /apex/com.android.wifi@300900711 to /apex/com.android.wifi
10-03 10:25:21.629     0     0 D apexd   : Successfully activated /system/apex/com.google.android.wifi.apex package_name: com.android.wifi version: 300900711
10-03 10:25:21.629     0     0 D apexd   : Creating mount point: /apex/com.android.runtime@1
10-03 10:25:21.639   188   192 D vold    : Disk at 7:128 changed
10-03 10:25:21.645   188   192 D vold    : Disk at 7:136 changed
10-03 10:25:21.647     0     0 D apexd   : Loopback device created: /dev/block/loop9
10-03 10:25:21.647     0     0 D apexd   : AVB footer verification successful.
10-03 10:25:21.648     0     0 D apexd   : /system/apex/com.android.runtime.apex: public key matches.
10-03 10:25:21.649     0     0 I EXT4-fs (loop9): mounted filesystem without journal. Opts: (null)
10-03 10:25:21.650     0     0 I apexd   : Successfully mounted package /system/apex/com.android.runtime.apex on /apex/com.android.runtime@1
10-03 10:25:21.653     0     0 D apexd   : Creating bind-mount for /apex/com.android.runtime for /apex/com.android.runtime@1
10-03 10:25:21.653     0     0 D apexd   : Bind-mounting /apex/com.android.runtime@1 to /apex/com.android.runtime
10-03 10:25:21.653     0     0 D apexd   : Successfully activated /system/apex/com.android.runtime.apex package_name: com.android.runtime version: 1
10-03 10:25:21.653     0     0 D apexd   : Creating mount point: /apex/com.android.cellbroadcast@300900720
10-03 10:25:21.675   188   192 D vold    : Disk at 7:136 changed
10-03 10:25:21.683   188   192 D vold    : Disk at 7:144 changed
10-03 10:25:21.703     0     0 D apexd   : Loopback device created: /dev/block/loop10
10-03 10:25:21.703     0     0 D apexd   : AVB footer verification successful.
10-03 10:25:21.704     0     0 D apexd   : /system/apex/com.google.android.cellbroadcast.apex: public key matches.
10-03 10:25:21.705     0     0 I EXT4-fs (loop10): mounted filesystem without journal. Opts: (null)
10-03 10:25:21.706     0     0 I apexd   : Successfully mounted package /system/apex/com.google.android.cellbroadcast.apex on /apex/com.android.cellbroadcast@300900720
10-03 10:25:21.709     0     0 D apexd   : Creating bind-mount for /apex/com.android.cellbroadcast for /apex/com.android.cellbroadcast@300900720
10-03 10:25:21.709     0     0 D apexd   : Creating mountpoint /apex/com.android.cellbroadcast
10-03 10:25:21.709     0     0 D apexd   : Bind-mounting /apex/com.android.cellbroadcast@300900720 to /apex/com.android.cellbroadcast
10-03 10:25:21.709     0     0 D apexd   : Successfully activated /system/apex/com.google.android.cellbroadcast.apex package_name: com.android.cellbroadcast version: 300900720
10-03 10:25:21.709     0     0 D apexd   : Creating mount point: /apex/com.android.extservices@300900700
10-03 10:25:21.727     0     0 D apexd   : Loopback device created: /dev/block/loop11
10-03 10:25:21.727     0     0 D apexd   : AVB footer verification successful.
10-03 10:25:21.728     0     0 D apexd   : /system/apex/com.google.android.extservices.apex: public key matches.
10-03 10:25:21.729     0     0 I EXT4-fs (loop11): mounted filesystem without journal. Opts: (null)
10-03 10:25:21.730     0     0 I apexd   : Successfully mounted package /system/apex/com.google.android.extservices.apex on /apex/com.android.extservices@300900700
10-03 10:25:21.733     0     0 D apexd   : Creating bind-mount for /apex/com.android.extservices for /apex/com.android.extservices@300900700
10-03 10:25:21.733     0     0 D apexd   : Creating mountpoint /apex/com.android.extservices
10-03 10:25:21.733     0     0 D apexd   : Bind-mounting /apex/com.android.extservices@300900700 to /apex/com.android.extservices
10-03 10:25:21.733     0     0 D apexd   : Successfully activated /system/apex/com.google.android.extservices.apex package_name: com.android.extservices version: 300900700
10-03 10:25:21.733     0     0 D apexd   : Creating mount point: /apex/com.android.mediaprovider@300900719
10-03 10:25:21.739   188   192 D vold    : Disk at 7:144 changed
10-03 10:25:21.746   188   192 D vold    : Disk at 7:152 changed
10-03 10:25:21.755     0     0 D apexd   : Loopback device created: /dev/block/loop12
10-03 10:25:21.755     0     0 D apexd   : AVB footer verification successful.
10-03 10:25:21.756     0     0 D apexd   : /system/apex/com.google.android.mediaprovider.apex: public key matches.
10-03 10:25:21.758     0     0 I EXT4-fs (loop12): mounted filesystem without journal. Opts: (null)
10-03 10:25:21.759     0     0 I apexd   : Successfully mounted package /system/apex/com.google.android.mediaprovider.apex on /apex/com.android.mediaprovider@300900719
10-03 10:25:21.763     0     0 D apexd   : Creating bind-mount for /apex/com.android.mediaprovider for /apex/com.android.mediaprovider@300900719
10-03 10:25:21.763     0     0 D apexd   : Creating mountpoint /apex/com.android.mediaprovider
10-03 10:25:21.763     0     0 D apexd   : Bind-mounting /apex/com.android.mediaprovider@300900719 to /apex/com.android.mediaprovider
10-03 10:25:21.763     0     0 D apexd   : Successfully activated /system/apex/com.google.android.mediaprovider.apex package_name: com.android.mediaprovider version: 300900719
10-03 10:25:21.763     0     0 D apexd   : Creating mount point: /apex/com.android.telephony@1
10-03 10:25:21.771   188   192 D vold    : Disk at 7:152 changed
10-03 10:25:21.780   188   192 D vold    : Disk at 7:160 changed
10-03 10:25:21.803   188   192 D vold    : Disk at 7:160 changed
10-03 10:25:21.812   188   192 D vold    : Disk at 7:168 changed
10-03 10:25:21.815     0     0 D apexd   : Loopback device created: /dev/block/loop13
10-03 10:25:21.815     0     0 D apexd   : AVB footer verification successful.
10-03 10:25:21.816     0     0 D apexd   : /system/apex/com.google.android.telephony.apex: public key matches.
10-03 10:25:21.817     0     0 I EXT4-fs (loop13): mounted filesystem without journal. Opts: (null)
10-03 10:25:21.818     0     0 I apexd   : Successfully mounted package /system/apex/com.google.android.telephony.apex on /apex/com.android.telephony@1
10-03 10:25:21.820     0     0 D apexd   : Creating bind-mount for /apex/com.android.telephony for /apex/com.android.telephony@1
10-03 10:25:21.820     0     0 D apexd   : Creating mountpoint /apex/com.android.telephony
10-03 10:25:21.820     0     0 D apexd   : Bind-mounting /apex/com.android.telephony@1 to /apex/com.android.telephony
10-03 10:25:21.820     0     0 D apexd   : Successfully activated /system/apex/com.google.android.telephony.apex package_name: com.android.telephony version: 1
10-03 10:25:21.820     0     0 D apexd   : Creating mount point: /apex/com.android.adbd@300900700
10-03 10:25:21.835   188   192 D vold    : Disk at 7:168 changed
10-03 10:25:21.839     0     0 D apexd   : Loopback device created: /dev/block/loop14
10-03 10:25:21.839     0     0 D apexd   : AVB footer verification successful.
10-03 10:25:21.840     0     0 D apexd   : /system/apex/com.google.android.adbd.apex: public key matches.
10-03 10:25:21.841     0     0 I EXT4-fs (loop14): mounted filesystem without journal. Opts: (null)
10-03 10:25:21.841   188   192 D vold    : Disk at 7:176 changed
10-03 10:25:21.843     0     0 I apexd   : Successfully mounted package /system/apex/com.google.android.adbd.apex on /apex/com.android.adbd@300900700
10-03 10:25:21.845     0     0 D apexd   : Creating bind-mount for /apex/com.android.adbd for /apex/com.android.adbd@300900700
10-03 10:25:21.845     0     0 D apexd   : Creating mountpoint /apex/com.android.adbd
10-03 10:25:21.845     0     0 D apexd   : Bind-mounting /apex/com.android.adbd@300900700 to /apex/com.android.adbd
10-03 10:25:21.845     0     0 D apexd   : Successfully activated /system/apex/com.google.android.adbd.apex package_name: com.android.adbd version: 300900700
10-03 10:25:21.845     0     0 D apexd   : Creating mount point: /apex/com.android.permission@300900706
10-03 10:25:21.879     0     0 D apexd   : Loopback device created: /dev/block/loop15
10-03 10:25:21.879     0     0 D apexd   : AVB footer verification successful.
10-03 10:25:21.881     0     0 D apexd   : /system/apex/com.google.android.permission.apex: public key matches.
10-03 10:25:21.882     0     0 I EXT4-fs (loop15): mounted filesystem without journal. Opts: (null)
10-03 10:25:21.883     0     0 I apexd   : Successfully mounted package /system/apex/com.google.android.permission.apex on /apex/com.android.permission@300900706
10-03 10:25:21.883   188   192 D vold    : Disk at 7:176 changed
10-03 10:25:21.886     0     0 D apexd   : Creating bind-mount for /apex/com.android.permission for /apex/com.android.permission@300900706
10-03 10:25:21.886     0     0 D apexd   : Creating mountpoint /apex/com.android.permission
10-03 10:25:21.886     0     0 D apexd   : Bind-mounting /apex/com.android.permission@300900706 to /apex/com.android.permission
10-03 10:25:21.886     0     0 D apexd   : Successfully activated /system/apex/com.google.android.permission.apex package_name: com.android.permission version: 300900706
10-03 10:25:21.886     0     0 D apexd   : Creating mount point: /apex/com.android.tzdata@300900700
10-03 10:25:21.890   188   192 D vold    : Disk at 7:184 changed
10-03 10:25:21.907     0     0 D apexd   : Loopback device created: /dev/block/loop16
10-03 10:25:21.907     0     0 D apexd   : AVB footer verification successful.
10-03 10:25:21.908     0     0 D apexd   : /system/apex/com.google.android.tzdata2.apex: public key matches.
10-03 10:25:21.909     0     0 I EXT4-fs (loop16): mounted filesystem without journal. Opts: (null)
10-03 10:25:21.910     0     0 I apexd   : Successfully mounted package /system/apex/com.google.android.tzdata2.apex on /apex/com.android.tzdata@300900700
10-03 10:25:21.913     0     0 D apexd   : Creating bind-mount for /apex/com.android.tzdata for /apex/com.android.tzdata@300900700
10-03 10:25:21.913     0     0 D apexd   : Bind-mounting /apex/com.android.tzdata@300900700 to /apex/com.android.tzdata
10-03 10:25:21.913     0     0 D apexd   : Successfully activated /system/apex/com.google.android.tzdata2.apex package_name: com.android.tzdata version: 300900700
10-03 10:25:21.913     0     0 D apexd   : Creating mount point: /apex/com.android.neuralnetworks@300900700
10-03 10:25:21.931   188   192 D vold    : Disk at 7:184 changed
10-03 10:25:21.938   188   192 D vold    : Disk at 7:192 changed
10-03 10:25:21.943     0     0 D apexd   : Loopback device created: /dev/block/loop17
10-03 10:25:21.944     0     0 D apexd   : AVB footer verification successful.
10-03 10:25:21.945     0     0 D apexd   : /system/apex/com.google.android.neuralnetworks.apex: public key matches.
10-03 10:25:21.946     0     0 I EXT4-fs (loop17): mounted filesystem without journal. Opts: (null)
10-03 10:25:21.948     0     0 I apexd   : Successfully mounted package /system/apex/com.google.android.neuralnetworks.apex on /apex/com.android.neuralnetworks@300900700
10-03 10:25:21.951     0     0 D apexd   : Creating bind-mount for /apex/com.android.neuralnetworks for /apex/com.android.neuralnetworks@300900700
10-03 10:25:21.951     0     0 D apexd   : Creating mountpoint /apex/com.android.neuralnetworks
10-03 10:25:21.951     0     0 D apexd   : Bind-mounting /apex/com.android.neuralnetworks@300900700 to /apex/com.android.neuralnetworks
10-03 10:25:21.951     0     0 D apexd   : Successfully activated /system/apex/com.google.android.neuralnetworks.apex package_name: com.android.neuralnetworks version: 300900700
10-03 10:25:21.951     0     0 D apexd   : Creating mount point: /apex/com.android.vndk.v30@1
10-03 10:25:21.979   188   192 D vold    : Disk at 7:192 changed
10-03 10:25:21.985   188   192 D vold    : Disk at 7:200 changed
10-03 10:25:22.007     0     0 D apexd   : Loopback device created: /dev/block/loop18
10-03 10:25:22.007     0     0 D apexd   : AVB footer verification successful.
10-03 10:25:22.008     0     0 D apexd   : /system/apex/com.android.vndk.current.apex: public key matches.
10-03 10:25:22.010     0     0 I EXT4-fs (loop18): mounted filesystem without journal. Opts: (null)
10-03 10:25:22.011     0     0 I apexd   : Successfully mounted package /system/apex/com.android.vndk.current.apex on /apex/com.android.vndk.v30@1
10-03 10:25:22.014     0     0 D apexd   : Creating bind-mount for /apex/com.android.vndk.v30 for /apex/com.android.vndk.v30@1
10-03 10:25:22.014     0     0 D apexd   : Bind-mounting /apex/com.android.vndk.v30@1 to /apex/com.android.vndk.v30
10-03 10:25:22.014     0     0 D apexd   : Successfully activated /system/apex/com.android.vndk.current.apex package_name: com.android.vndk.v30 version: 1
10-03 10:25:22.014     0     0 D apexd   : Creating mount point: /apex/com.android.media.swcodec@300900714
10-03 10:25:22.039     0     0 D apexd   : Loopback device created: /dev/block/loop19
10-03 10:25:22.040     0     0 D apexd   : AVB footer verification successful.
10-03 10:25:22.041     0     0 D apexd   : /system/apex/com.google.android.media.swcodec.apex: public key matches.
10-03 10:25:22.042     0     0 I EXT4-fs (loop19): mounted filesystem without journal. Opts: (null)
10-03 10:25:22.043   188   192 D vold    : Disk at 7:200 changed
10-03 10:25:22.044     0     0 I apexd   : Successfully mounted package /system/apex/com.google.android.media.swcodec.apex on /apex/com.android.media.swcodec@300900714
10-03 10:25:22.047     0     0 D apexd   : Creating bind-mount for /apex/com.android.media.swcodec for /apex/com.android.media.swcodec@300900714
10-03 10:25:22.047     0     0 D apexd   : Creating mountpoint /apex/com.android.media.swcodec
10-03 10:25:22.047     0     0 D apexd   : Bind-mounting /apex/com.android.media.swcodec@300900714 to /apex/com.android.media.swcodec
10-03 10:25:22.047     0     0 D apexd   : Successfully activated /system/apex/com.google.android.media.swcodec.apex package_name: com.android.media.swcodec version: 300900714
10-03 10:25:22.047     0     0 D apexd   : Creating mount point: /apex/com.android.apex.cts.shim@1
10-03 10:25:22.050   188   192 D vold    : Disk at 7:208 changed
10-03 10:25:22.067   188   192 D vold    : Disk at 7:208 changed
10-03 10:25:22.071     0     0 D apexd   : Loopback device created: /dev/block/loop20
10-03 10:25:22.071     0     0 D apexd   : AVB footer verification successful.
10-03 10:25:22.072     0     0 D apexd   : /system/apex/com.android.apex.cts.shim.apex: public key matches.
10-03 10:25:22.073     0     0 I EXT4-fs (loop20): mounted filesystem without journal. Opts: (null)
10-03 10:25:22.074   188   192 D vold    : Disk at 7:216 changed
10-03 10:25:22.075     0     0 I apexd   : Successfully mounted package /system/apex/com.android.apex.cts.shim.apex on /apex/com.android.apex.cts.shim@1
10-03 10:25:22.077     0     0 D apexd   : Validating shim apex /apex/com.android.apex.cts.shim@1
10-03 10:25:22.080     0     0 D apexd   : Creating bind-mount for /apex/com.android.apex.cts.shim for /apex/com.android.apex.cts.shim@1
10-03 10:25:22.080     0     0 D apexd   : Creating mountpoint /apex/com.android.apex.cts.shim
10-03 10:25:22.080     0     0 D apexd   : Bind-mounting /apex/com.android.apex.cts.shim@1 to /apex/com.android.apex.cts.shim
10-03 10:25:22.080     0     0 D apexd   : Successfully activated /system/apex/com.android.apex.cts.shim.apex package_name: com.android.apex.cts.shim version: 1
10-03 10:25:22.080     0     0 D apexd   : Creating mount point: /apex/com.android.art@1
10-03 10:25:22.091   188   192 D vold    : Disk at 7:216 changed
10-03 10:25:22.103     0     0 D apexd   : Loopback device created: /dev/block/loop21
10-03 10:25:22.103     0     0 D apexd   : AVB footer verification successful.
10-03 10:25:22.104     0     0 D apexd   : /system/apex/com.android.art.debug.apex: public key matches.
10-03 10:25:22.105     0     0 I EXT4-fs (loop21): mounted filesystem without journal. Opts: (null)
10-03 10:25:22.106     0     0 I apexd   : Successfully mounted package /system/apex/com.android.art.debug.apex on /apex/com.android.art@1
10-03 10:25:22.109     0     0 D apexd   : Creating bind-mount for /apex/com.android.art for /apex/com.android.art@1
