10-03 10:25:29.709   537   537 D SystemServerTiming: OnBootPhase_520_com.android.server.storage.DeviceStorageMonitorService took to complete: 0ms
10-03 10:25:29.709   537   537 I SystemServerTiming: OnBootPhase_520_com.android.server.location.LocationManagerService$Lifecycle
10-03 10:25:29.709   537   537 D SystemServerTiming: OnBootPhase_520_com.android.server.location.LocationManagerService$Lifecycle took to complete: 0ms
10-03 10:25:29.709   537   537 I SystemServerTiming: OnBootPhase_520_com.android.server.timedetector.TimeDetectorService$Lifecycle
10-03 10:25:29.709   537   537 D SystemServerTiming: OnBootPhase_520_com.android.server.timedetector.TimeDetectorService$Lifecycle took to complete: 0ms
10-03 10:25:29.709   537   537 I SystemServerTiming: OnBootPhase_520_com.android.server.timezonedetector.TimeZoneDetectorService$Lifecycle
10-03 10:25:29.709   537   537 D SystemServerTiming: OnBootPhase_520_com.android.server.timezonedetector.TimeZoneDetectorService$Lifecycle took to complete: 0ms
10-03 10:25:29.709   537   537 I SystemServerTiming: OnBootPhase_520_com.android.server.search.SearchManagerService$Lifecycle
10-03 10:25:29.709   537   537 D SystemServerTiming: OnBootPhase_520_com.android.server.search.SearchManagerService$Lifecycle took to complete: 0ms
10-03 10:25:29.709   537   537 I SystemServerTiming: OnBootPhase_520_com.android.server.wallpaper.WallpaperManagerService$Lifecycle
10-03 10:25:29.709   537   537 D SystemServerTiming: OnBootPhase_520_com.android.server.wallpaper.WallpaperManagerService$Lifecycle took to complete: 0ms
10-03 10:25:29.709   537   537 I SystemServerTiming: OnBootPhase_520_com.android.server.audio.AudioService$Lifecycle
10-03 10:25:29.709   537   537 D SystemServerTiming: OnBootPhase_520_com.android.server.audio.AudioService$Lifecycle took to complete: 0ms
10-03 10:25:29.709   537   537 I SystemServerTiming: OnBootPhase_520_com.android.server.soundtrigger_middleware.SoundTriggerMiddlewareService$Lifecycle
10-03 10:25:29.709   537   537 D SystemServerTiming: OnBootPhase_520_com.android.server.soundtrigger_middleware.SoundTriggerMiddlewareService$Lifecycle took to complete: 0ms
10-03 10:25:29.709   537   537 I SystemServerTiming: OnBootPhase_520_com.android.server.DockObserver
10-03 10:25:29.709   537   537 D SystemServerTiming: OnBootPhase_520_com.android.server.DockObserver took to complete: 0ms
10-03 10:25:29.709   537   537 I SystemServerTiming: OnBootPhase_520_com.android.server.midi.MidiService$Lifecycle
10-03 10:25:29.709   537   537 D SystemServerTiming: OnBootPhase_520_com.android.server.midi.MidiService$Lifecycle took to complete: 0ms
10-03 10:25:29.709   537   537 I SystemServerTiming: OnBootPhase_520_com.android.server.adb.AdbService$Lifecycle
10-03 10:25:29.709   537   537 D SystemServerTiming: OnBootPhase_520_com.android.server.adb.AdbService$Lifecycle took to complete: 0ms
10-03 10:25:29.709   537   537 I SystemServerTiming: OnBootPhase_520_com.android.server.usb.UsbService$Lifecycle
10-03 10:25:29.709   537   537 D SystemServerTiming: OnBootPhase_520_com.android.server.usb.UsbService$Lifecycle took to complete: 0ms
10-03 10:25:29.709   537   537 I SystemServerTiming: OnBootPhase_520_com.android.server.twilight.TwilightService
10-03 10:25:29.709   537   537 D SystemServerTiming: OnBootPhase_520_com.android.server.twilight.TwilightService took to complete: 0ms
10-03 10:25:29.709   537   537 I SystemServerTiming: OnBootPhase_520_com.android.server.display.color.ColorDisplayService
10-03 10:25:29.709   537   537 D SystemServerTiming: OnBootPhase_520_com.android.server.display.color.ColorDisplayService took to complete: 0ms
10-03 10:25:29.709   537   537 I SystemServerTiming: OnBootPhase_520_com.android.server.job.JobSchedulerService
10-03 10:25:29.709   537   537 D SystemServerTiming: OnBootPhase_520_com.android.server.job.JobSchedulerService took to complete: 0ms
10-03 10:25:29.709   537   537 I SystemServerTiming: OnBootPhase_520_com.android.server.soundtrigger.SoundTriggerService
10-03 10:25:29.709   537   537 D SoundTriggerService: onBootPhase: 520 : false
10-03 10:25:29.717   537   537 D SystemServerTiming: OnBootPhase_520_com.android.server.soundtrigger.SoundTriggerService took to complete: 8ms
10-03 10:25:29.717   537   537 I SystemServerTiming: OnBootPhase_520_com.android.server.trust.TrustManagerService
10-03 10:25:29.717   537   537 D SystemServerTiming: OnBootPhase_520_com.android.server.trust.TrustManagerService took to complete: 0ms
10-03 10:25:29.717   537   537 I SystemServerTiming: OnBootPhase_520_com.android.server.backup.BackupManagerService$Lifecycle
10-03 10:25:29.717   537   537 D SystemServerTiming: OnBootPhase_520_com.android.server.backup.BackupManagerService$Lifecycle took to complete: 0ms
10-03 10:25:29.717   537   537 I SystemServerTiming: OnBootPhase_520_com.android.server.appwidget.AppWidgetService
10-03 10:25:29.717   537   537 D SystemServerTiming: OnBootPhase_520_com.android.server.appwidget.AppWidgetService took to complete: 0ms
10-03 10:25:29.717   537   537 I SystemServerTiming: OnBootPhase_520_com.android.server.role.RoleManagerService
10-03 10:25:29.717   537   537 D SystemServerTiming: OnBootPhase_520_com.android.server.role.RoleManagerService took to complete: 0ms
10-03 10:25:29.717   537   537 I SystemServerTiming: OnBootPhase_520_com.android.server.voiceinteraction.VoiceInteractionManagerService
10-03 10:25:29.717   537   537 D SystemServerTiming: OnBootPhase_520_com.android.server.voiceinteraction.VoiceInteractionManagerService took to complete: 0ms
10-03 10:25:29.717   537   537 I SystemServerTiming: OnBootPhase_520_com.android.server.GestureLauncherService
10-03 10:25:29.717   537   537 D SystemServerTiming: OnBootPhase_520_com.android.server.GestureLauncherService took to complete: 0ms
10-03 10:25:29.717   537   537 I SystemServerTiming: OnBootPhase_520_com.android.server.SensorNotificationService
10-03 10:25:29.717   537   537 D SystemServerTiming: OnBootPhase_520_com.android.server.SensorNotificationService took to complete: 0ms
10-03 10:25:29.717   537   537 I SystemServerTiming: OnBootPhase_520_com.android.server.emergency.EmergencyAffordanceService
10-03 10:25:29.717   537   537 D SystemServerTiming: OnBootPhase_520_com.android.server.emergency.EmergencyAffordanceService took to complete: 0ms
10-03 10:25:29.717   537   537 I SystemServerTiming: OnBootPhase_520_com.android.server.dreams.DreamManagerService
10-03 10:25:29.717   537   537 D SystemServerTiming: OnBootPhase_520_com.android.server.dreams.DreamManagerService took to complete: 0ms
10-03 10:25:29.717   537   537 I SystemServerTiming: OnBootPhase_520_com.android.server.print.PrintManagerService
10-03 10:25:29.717   537   537 D SystemServerTiming: OnBootPhase_520_com.android.server.print.PrintManagerService took to complete: 0ms
10-03 10:25:29.717   537   537 I SystemServerTiming: OnBootPhase_520_com.android.server.blob.BlobStoreManagerService
10-03 10:25:29.717   537   537 D SystemServerTiming: OnBootPhase_520_com.android.server.blob.BlobStoreManagerService took to complete: 0ms
10-03 10:25:29.717   537   537 I SystemServerTiming: OnBootPhase_520_com.android.server.companion.CompanionDeviceManagerService
10-03 10:25:29.717   537   537 D SystemServerTiming: OnBootPhase_520_com.android.server.companion.CompanionDeviceManagerService took to complete: 0ms
10-03 10:25:29.717   537   537 I SystemServerTiming: OnBootPhase_520_com.android.server.restrictions.RestrictionsManagerService
10-03 10:25:29.717   537   537 D SystemServerTiming: OnBootPhase_520_com.android.server.restrictions.RestrictionsManagerService took to complete: 0ms
10-03 10:25:29.717   537   537 I SystemServerTiming: OnBootPhase_520_com.android.server.media.MediaSessionService
10-03 10:25:29.717   537   537 D SystemServerTiming: OnBootPhase_520_com.android.server.media.MediaSessionService took to complete: 0ms
10-03 10:25:29.717   537   537 I SystemServerTiming: OnBootPhase_520_com.android.server.media.MediaResourceMonitorService
10-03 10:25:29.717   537   537 D SystemServerTiming: OnBootPhase_520_com.android.server.media.MediaResourceMonitorService took to complete: 0ms
10-03 10:25:29.717   537   537 I SystemServerTiming: OnBootPhase_520_com.android.server.biometrics.fingerprint.FingerprintService
10-03 10:25:29.717   537   537 D SystemServerTiming: OnBootPhase_520_com.android.server.biometrics.fingerprint.FingerprintService took to complete: 0ms
10-03 10:25:29.717   537   537 I SystemServerTiming: OnBootPhase_520_com.android.server.biometrics.BiometricService
10-03 10:25:29.717   537   537 D SystemServerTiming: OnBootPhase_520_com.android.server.biometrics.BiometricService took to complete: 0ms
10-03 10:25:29.717   537   537 I SystemServerTiming: OnBootPhase_520_com.android.server.biometrics.AuthService
10-03 10:25:29.717   537   537 D SystemServerTiming: OnBootPhase_520_com.android.server.biometrics.AuthService took to complete: 0ms
10-03 10:25:29.717   537   537 I SystemServerTiming: OnBootPhase_520_com.android.server.pm.ShortcutService$Lifecycle
10-03 10:25:29.717   537   537 D SystemServerTiming: OnBootPhase_520_com.android.server.pm.ShortcutService$Lifecycle took to complete: 0ms
10-03 10:25:29.717   537   537 I SystemServerTiming: OnBootPhase_520_com.android.server.pm.LauncherAppsService
10-03 10:25:29.717   537   537 D SystemServerTiming: OnBootPhase_520_com.android.server.pm.LauncherAppsService took to complete: 0ms
10-03 10:25:29.717   537   537 I SystemServerTiming: OnBootPhase_520_com.android.server.pm.CrossProfileAppsService
10-03 10:25:29.717   537   537 D SystemServerTiming: OnBootPhase_520_com.android.server.pm.CrossProfileAppsService took to complete: 0ms
10-03 10:25:29.717   537   537 I SystemServerTiming: OnBootPhase_520_com.android.server.people.PeopleService
10-03 10:25:29.717   537   537 D SystemServerTiming: OnBootPhase_520_com.android.server.people.PeopleService took to complete: 0ms
10-03 10:25:29.717   537   537 I SystemServerTiming: OnBootPhase_520_com.android.server.media.projection.MediaProjectionManagerService
10-03 10:25:29.717   537   537 D SystemServerTiming: OnBootPhase_520_com.android.server.media.projection.MediaProjectionManagerService took to complete: 0ms
10-03 10:25:29.717   537   537 I SystemServerTiming: OnBootPhase_520_com.android.server.slice.SliceManagerService$Lifecycle
10-03 10:25:29.717   537   537 D SystemServerTiming: OnBootPhase_520_com.android.server.slice.SliceManagerService$Lifecycle took to complete: 0ms
10-03 10:25:29.717   537   537 I SystemServerTiming: OnBootPhase_520_com.android.server.camera.CameraServiceProxy
10-03 10:25:29.717   537   537 D SystemServerTiming: OnBootPhase_520_com.android.server.camera.CameraServiceProxy took to complete: 0ms
10-03 10:25:29.717   537   537 I SystemServerTiming: OnBootPhase_520_com.android.server.stats.StatsCompanion$Lifecycle
10-03 10:25:29.717   537   537 D SystemServerTiming: OnBootPhase_520_com.android.server.stats.StatsCompanion$Lifecycle took to complete: 0ms
10-03 10:25:29.717   537   537 I SystemServerTiming: OnBootPhase_520_com.android.server.stats.pull.StatsPullAtomService
10-03 10:25:29.717   537   537 D SystemServerTiming: OnBootPhase_520_com.android.server.stats.pull.StatsPullAtomService took to complete: 0ms
10-03 10:25:29.717   537   537 I SystemServerTiming: OnBootPhase_520_com.android.server.incident.IncidentCompanionService
10-03 10:25:29.717   537   537 D SystemServerTiming: OnBootPhase_520_com.android.server.incident.IncidentCompanionService took to complete: 0ms
10-03 10:25:29.717   537   537 I SystemServerTiming: OnBootPhase_520_com.android.server.MmsServiceBroker
10-03 10:25:29.717   537   537 D SystemServerTiming: OnBootPhase_520_com.android.server.MmsServiceBroker took to complete: 0ms
10-03 10:25:29.717   537   537 I SystemServerTiming: OnBootPhase_520_com.android.server.autofill.AutofillManagerService
10-03 10:25:29.717   537   537 D SystemServerTiming: OnBootPhase_520_com.android.server.autofill.AutofillManagerService took to complete: 0ms
10-03 10:25:29.717   537   537 I SystemServerTiming: OnBootPhase_520_com.android.server.clipboard.ClipboardService
10-03 10:25:29.717   537   537 D SystemServerTiming: OnBootPhase_520_com.android.server.clipboard.ClipboardService took to complete: 0ms
10-03 10:25:29.717   537   537 I SystemServerTiming: OnBootPhase_520_com.android.server.appbinding.AppBindingService$Lifecycle
10-03 10:25:29.717   537   537 D SystemServerTiming: OnBootPhase_520_com.android.server.appbinding.AppBindingService$Lifecycle took to complete: 0ms
10-03 10:25:29.717   537   537 I SystemServerTiming: OnBootPhase_520_com.android.server.policy.PermissionPolicyService
10-03 10:25:29.717   537   537 D SystemServerTiming: OnBootPhase_520_com.android.server.policy.PermissionPolicyService took to complete: 0ms
10-03 10:25:29.717   537   537 I SystemServerTiming: OnBootPhase_520_com.android.server.pm.StagingManager$Lifecycle
10-03 10:25:29.717   537   537 D SystemServerTiming: OnBootPhase_520_com.android.server.pm.StagingManager$Lifecycle took to complete: 0ms
10-03 10:25:29.717   537   537 D SystemServerTiming: OnBootPhase_520 took to complete: 9ms
10-03 10:25:29.717   537   537 D SystemServerTiming: StartBootPhaseDeviceSpecificServicesReady took to complete: 9ms
10-03 10:25:29.717   537   537 I SystemServerTiming: PhaseActivityManagerReady
10-03 10:25:29.717   537   537 I SystemServerTiming: controllersReady
10-03 10:25:29.721   537   609 I SystemServerTimingAsync: InitThreadPoolExec:Update app-ops uidState in case package com.evancharlton.mileage changed
10-03 10:25:29.721   537   564 I SystemServerTimingAsync: InitThreadPoolExec:Update app-ops uidState in case package com.starry.myne changed
10-03 10:25:29.721   537   564 D SystemServerInitThreadPool: Started executing Update app-ops uidState in case package com.starry.myne changed
10-03 10:25:29.721   537   590 I SystemServerTimingAsync: InitThreadPoolExec:Update app-ops uidState in case package player.phonograph.plus changed
10-03 10:25:29.721   537   590 D SystemServerInitThreadPool: Started executing Update app-ops uidState in case package player.phonograph.plus changed
10-03 10:25:29.721   537   600 I SystemServerTimingAsync: InitThreadPoolExec:Update app-ops uidState in case package com.amaze.filemanager changed
10-03 10:25:29.721   537   600 D SystemServerInitThreadPool: Started executing Update app-ops uidState in case package com.amaze.filemanager changed
10-03 10:25:29.721   537   609 D SystemServerInitThreadPool: Started executing Update app-ops uidState in case package com.evancharlton.mileage changed
10-03 10:25:29.721   537   564 D SystemServerInitThreadPool: Finished executing Update app-ops uidState in case package com.starry.myne changed
10-03 10:25:29.721   537   564 D SystemServerTimingAsync: InitThreadPoolExec:Update app-ops uidState in case package com.starry.myne changed took to complete: 1ms
10-03 10:25:29.721   537   564 I SystemServerTimingAsync: InitThreadPoolExec:Update app-ops uidState in case package com.google.android.providers.media.module changed
10-03 10:25:29.721   537   564 D SystemServerInitThreadPool: Started executing Update app-ops uidState in case package com.google.android.providers.media.module changed
10-03 10:25:29.721   537   537 D SystemServerTiming: controllersReady took to complete: 4ms
10-03 10:25:29.721   537   590 D SystemServerInitThreadPool: Finished executing Update app-ops uidState in case package player.phonograph.plus changed
10-03 10:25:29.721   537   590 D SystemServerTimingAsync: InitThreadPoolExec:Update app-ops uidState in case package player.phonograph.plus changed took to complete: 0ms
10-03 10:25:29.721   537   590 I SystemServerTimingAsync: InitThreadPoolExec:Update app-ops uidState in case package com.google.android.cellbroadcastreceiver changed
10-03 10:25:29.721   537   590 D SystemServerInitThreadPool: Started executing Update app-ops uidState in case package com.google.android.cellbroadcastreceiver changed
10-03 10:25:29.721   537   590 D SystemServerInitThreadPool: Finished executing Update app-ops uidState in case package com.google.android.cellbroadcastreceiver changed
10-03 10:25:29.721   537   590 D SystemServerTimingAsync: InitThreadPoolExec:Update app-ops uidState in case package com.google.android.cellbroadcastreceiver changed took to complete: 0ms
10-03 10:25:29.721   537   590 I SystemServerTimingAsync: InitThreadPoolExec:Update app-ops uidState in case package com.android.systemui changed
10-03 10:25:29.721   537   590 D SystemServerInitThreadPool: Started executing Update app-ops uidState in case package com.android.systemui changed
10-03 10:25:29.721   537   590 D SystemServerInitThreadPool: Finished executing Update app-ops uidState in case package com.android.systemui changed
10-03 10:25:29.721   537   590 D SystemServerTimingAsync: InitThreadPoolExec:Update app-ops uidState in case package com.android.systemui changed took to complete: 0ms
10-03 10:25:29.721   537   590 I SystemServerTimingAsync: InitThreadPoolExec:Update app-ops uidState in case package com.google.android.apps.wallpaper changed
10-03 10:25:29.721   537   590 D SystemServerInitThreadPool: Started executing Update app-ops uidState in case package com.google.android.apps.wallpaper changed
10-03 10:25:29.721   537   590 D SystemServerInitThreadPool: Finished executing Update app-ops uidState in case package com.google.android.apps.wallpaper changed
10-03 10:25:29.721   537   590 D SystemServerTimingAsync: InitThreadPoolExec:Update app-ops uidState in case package com.google.android.apps.wallpaper changed took to complete: 0ms
10-03 10:25:29.721   537   590 I SystemServerTimingAsync: InitThreadPoolExec:Update app-ops uidState in case package com.google.android.apps.nexuslauncher changed
10-03 10:25:29.721   537   590 D SystemServerInitThreadPool: Started executing Update app-ops uidState in case package com.google.android.apps.nexuslauncher changed
10-03 10:25:29.721   537   590 D SystemServerInitThreadPool: Finished executing Update app-ops uidState in case package com.google.android.apps.nexuslauncher changed
10-03 10:25:29.721   537   590 D SystemServerTimingAsync: InitThreadPoolExec:Update app-ops uidState in case package com.google.android.apps.nexuslauncher changed took to complete: 0ms
10-03 10:25:29.721   537   590 I SystemServerTimingAsync: InitThreadPoolExec:Update app-ops uidState in case package com.google.android.apps.photos changed
10-03 10:25:29.721   537   590 D SystemServerInitThreadPool: Started executing Update app-ops uidState in case package com.google.android.apps.photos changed
10-03 10:25:29.721   537   590 D SystemServerInitThreadPool: Finished executing Update app-ops uidState in case package com.google.android.apps.photos changed
10-03 10:25:29.721   537   590 D SystemServerTimingAsync: InitThreadPoolExec:Update app-ops uidState in case package com.google.android.apps.photos changed took to complete: 0ms
10-03 10:25:29.721   537   590 I SystemServerTimingAsync: InitThreadPoolExec:Update app-ops uidState in case package com.google.android.apps.messaging changed
10-03 10:25:29.721   537   590 D SystemServerInitThreadPool: Started executing Update app-ops uidState in case package com.google.android.apps.messaging changed
10-03 10:25:29.721   537   590 D SystemServerInitThreadPool: Finished executing Update app-ops uidState in case package com.google.android.apps.messaging changed
10-03 10:25:29.721   537   590 D SystemServerTimingAsync: InitThreadPoolExec:Update app-ops uidState in case package com.google.android.apps.messaging changed took to complete: 0ms
10-03 10:25:29.721   537   590 I SystemServerTimingAsync: InitThreadPoolExec:Update app-ops uidState in case package com.google.android.inputmethod.latin changed
10-03 10:25:29.721   537   590 D SystemServerInitThreadPool: Started executing Update app-ops uidState in case package com.google.android.inputmethod.latin changed
10-03 10:25:29.721   537   590 D SystemServerInitThreadPool: Finished executing Update app-ops uidState in case package com.google.android.inputmethod.latin changed
10-03 10:25:29.721   537   590 D SystemServerTimingAsync: InitThreadPoolExec:Update app-ops uidState in case package com.google.android.inputmethod.latin changed took to complete: 0ms
10-03 10:25:29.721   537   590 I SystemServerTimingAsync: InitThreadPoolExec:Update app-ops uidState in case package com.google.android.deskclock changed
10-03 10:25:29.721   537   590 D SystemServerInitThreadPool: Started executing Update app-ops uidState in case package com.google.android.deskclock changed
10-03 10:25:29.721   537   600 D SystemServerInitThreadPool: Finished executing Update app-ops uidState in case package com.amaze.filemanager changed
10-03 10:25:29.721   537   600 D SystemServerTimingAsync: InitThreadPoolExec:Update app-ops uidState in case package com.amaze.filemanager changed took to complete: 0ms
10-03 10:25:29.721   537   600 I SystemServerTimingAsync: InitThreadPoolExec:Update app-ops uidState in case package com.google.android.gm changed
10-03 10:25:29.721   537   600 D SystemServerInitThreadPool: Started executing Update app-ops uidState in case package com.google.android.gm changed
10-03 10:25:29.721   537   600 D SystemServerInitThreadPool: Finished executing Update app-ops uidState in case package com.google.android.gm changed
10-03 10:25:29.721   537   600 D SystemServerTimingAsync: InitThreadPoolExec:Update app-ops uidState in case package com.google.android.gm changed took to complete: 0ms
10-03 10:25:29.721   537   600 I SystemServerTimingAsync: InitThreadPoolExec:Update app-ops uidState in case package com.android.chrome changed
10-03 10:25:29.721   537   600 D SystemServerInitThreadPool: Started executing Update app-ops uidState in case package com.android.chrome changed
10-03 10:25:29.721   537   600 D SystemServerInitThreadPool: Finished executing Update app-ops uidState in case package com.android.chrome changed
10-03 10:25:29.721   537   600 D SystemServerTimingAsync: InitThreadPoolExec:Update app-ops uidState in case package com.android.chrome changed took to complete: 0ms
10-03 10:25:29.721   537   600 I SystemServerTimingAsync: InitThreadPoolExec:Update app-ops uidState in case package com.google.android.apps.maps changed
10-03 10:25:29.722   537   600 D SystemServerInitThreadPool: Started executing Update app-ops uidState in case package com.google.android.apps.maps changed
10-03 10:25:29.722   537   600 D SystemServerInitThreadPool: Finished executing Update app-ops uidState in case package com.google.android.apps.maps changed
10-03 10:25:29.722   537   600 D SystemServerTimingAsync: InitThreadPoolExec:Update app-ops uidState in case package com.google.android.apps.maps changed took to complete: 0ms
10-03 10:25:29.722   537   600 I SystemServerTimingAsync: InitThreadPoolExec:Update app-ops uidState in case package com.google.android.apps.docs changed
10-03 10:25:29.722   537   600 D SystemServerInitThreadPool: Started executing Update app-ops uidState in case package com.google.android.apps.docs changed
10-03 10:25:29.722   537   600 D SystemServerInitThreadPool: Finished executing Update app-ops uidState in case package com.google.android.apps.docs changed
10-03 10:25:29.722   537   600 D SystemServerTimingAsync: InitThreadPoolExec:Update app-ops uidState in case package com.google.android.apps.docs changed took to complete: 0ms
10-03 10:25:29.722   537   600 I SystemServerTimingAsync: InitThreadPoolExec:Update app-ops uidState in case package com.google.android.apps.youtube.music changed
10-03 10:25:29.722   537   600 D SystemServerInitThreadPool: Started executing Update app-ops uidState in case package com.google.android.apps.youtube.music changed
10-03 10:25:29.722   537   600 D SystemServerInitThreadPool: Finished executing Update app-ops uidState in case package com.google.android.apps.youtube.music changed
10-03 10:25:29.722   537   600 D SystemServerTimingAsync: InitThreadPoolExec:Update app-ops uidState in case package com.google.android.apps.youtube.music changed took to complete: 0ms
10-03 10:25:29.722   537   600 I SystemServerTimingAsync: InitThreadPoolExec:Update app-ops uidState in case package com.google.android.youtube changed
10-03 10:25:29.722   537   600 D SystemServerInitThreadPool: Started executing Update app-ops uidState in case package com.google.android.youtube changed
10-03 10:25:29.722   537   600 D SystemServerInitThreadPool: Finished executing Update app-ops uidState in case package com.google.android.youtube changed
10-03 10:25:29.722   537   600 D SystemServerTimingAsync: InitThreadPoolExec:Update app-ops uidState in case package com.google.android.youtube changed took to complete: 0ms
10-03 10:25:29.722   537   600 I SystemServerTimingAsync: InitThreadPoolExec:Update app-ops uidState in case package com.google.android.calendar changed
10-03 10:25:29.722   537   600 D SystemServerInitThreadPool: Started executing Update app-ops uidState in case package com.google.android.calendar changed
10-03 10:25:29.722   537   600 D SystemServerInitThreadPool: Finished executing Update app-ops uidState in case package com.google.android.calendar changed
10-03 10:25:29.722   537   600 D SystemServerTimingAsync: InitThreadPoolExec:Update app-ops uidState in case package com.google.android.calendar changed took to complete: 1ms
10-03 10:25:29.722   537   600 I SystemServerTimingAsync: InitThreadPoolExec:Update app-ops uidState in case package com.google.android.videos changed
10-03 10:25:29.722   537   600 D SystemServerInitThreadPool: Started executing Update app-ops uidState in case package com.google.android.videos changed
10-03 10:25:29.722   537   600 D SystemServerInitThreadPool: Finished executing Update app-ops uidState in case package com.google.android.videos changed
10-03 10:25:29.722   537   600 D SystemServerTimingAsync: InitThreadPoolExec:Update app-ops uidState in case package com.google.android.videos changed took to complete: 0ms
10-03 10:25:29.722   537   600 I SystemServerTimingAsync: InitThreadPoolExec:Update app-ops uidState in case package com.google.android.googlequicksearchbox changed
10-03 10:25:29.722   537   600 D SystemServerInitThreadPool: Started executing Update app-ops uidState in case package com.google.android.googlequicksearchbox changed
10-03 10:25:29.722   537   600 D SystemServerInitThreadPool: Finished executing Update app-ops uidState in case package com.google.android.googlequicksearchbox changed
10-03 10:25:29.722   537   600 D SystemServerTimingAsync: InitThreadPoolExec:Update app-ops uidState in case package com.google.android.googlequicksearchbox changed took to complete: 0ms
10-03 10:25:29.722   537   600 I SystemServerTimingAsync: InitThreadPoolExec:Update app-ops uidState in case package com.google.android.gms changed
10-03 10:25:29.722   537   600 D SystemServerInitThreadPool: Started executing Update app-ops uidState in case package com.google.android.gms changed
10-03 10:25:29.722   537   564 D SystemServerInitThreadPool: Finished executing Update app-ops uidState in case package com.google.android.providers.media.module changed
10-03 10:25:29.722   537   564 D SystemServerTimingAsync: InitThreadPoolExec:Update app-ops uidState in case package com.google.android.providers.media.module changed took to complete: 1ms
10-03 10:25:29.722   537   564 I SystemServerTimingAsync: InitThreadPoolExec:Update app-ops uidState in case package com.google.android.apps.wellbeing changed
10-03 10:25:29.722   537   564 D SystemServerInitThreadPool: Started executing Update app-ops uidState in case package com.google.android.apps.wellbeing changed
10-03 10:25:29.722   537   600 D SystemServerInitThreadPool: Finished executing Update app-ops uidState in case package com.google.android.gms changed
10-03 10:25:29.722   537   600 D SystemServerTimingAsync: InitThreadPoolExec:Update app-ops uidState in case package com.google.android.gms changed took to complete: 0ms
10-03 10:25:29.722   537   600 I SystemServerTimingAsync: InitThreadPoolExec:Update app-ops uidState in case package com.google.android.setupwizard changed
10-03 10:25:29.722   537   600 D SystemServerInitThreadPool: Started executing Update app-ops uidState in case package com.google.android.setupwizard changed
10-03 10:25:29.722   537   564 D SystemServerInitThreadPool: Finished executing Update app-ops uidState in case package com.google.android.apps.wellbeing changed
10-03 10:25:29.722   537   609 D SystemServerInitThreadPool: Finished executing Update app-ops uidState in case package com.evancharlton.mileage changed
10-03 10:25:29.722   537   609 D SystemServerTimingAsync: InitThreadPoolExec:Update app-ops uidState in case package com.evancharlton.mileage changed took to complete: 2ms
10-03 10:25:29.722   537   564 D SystemServerTimingAsync: InitThreadPoolExec:Update app-ops uidState in case package com.google.android.apps.wellbeing changed took to complete: 0ms
10-03 10:25:29.722   537   590 D SystemServerInitThreadPool: Finished executing Update app-ops uidState in case package com.google.android.deskclock changed
10-03 10:25:29.722   537   564 I SystemServerTimingAsync: InitThreadPoolExec:Update app-ops uidState in case package com.google.android.ims changed
10-03 10:25:29.722   537   609 I SystemServerTimingAsync: InitThreadPoolExec:Update app-ops uidState in case package com.android.dialer changed
10-03 10:25:29.722   537   609 D SystemServerInitThreadPool: Started executing Update app-ops uidState in case package com.android.dialer changed
10-03 10:25:29.722   537   564 D SystemServerInitThreadPool: Started executing Update app-ops uidState in case package com.google.android.ims changed
10-03 10:25:29.722   537   590 D SystemServerTimingAsync: InitThreadPoolExec:Update app-ops uidState in case package com.google.android.deskclock changed took to complete: 1ms
10-03 10:25:29.722   537   590 I SystemServerTimingAsync: InitThreadPoolExec:Update app-ops uidState in case package com.android.providers.calendar changed
10-03 10:25:29.722   537   590 D SystemServerInitThreadPool: Started executing Update app-ops uidState in case package com.android.providers.calendar changed
10-03 10:25:29.722   537   590 D SystemServerInitThreadPool: Finished executing Update app-ops uidState in case package com.android.providers.calendar changed
10-03 10:25:29.722   537   590 D SystemServerTimingAsync: InitThreadPoolExec:Update app-ops uidState in case package com.android.providers.calendar changed took to complete: 0ms
10-03 10:25:29.722   537   590 I SystemServerTimingAsync: InitThreadPoolExec:Update app-ops uidState in case package com.android.cellbroadcastreceiver changed
10-03 10:25:29.722   537   590 D SystemServerInitThreadPool: Started executing Update app-ops uidState in case package com.android.cellbroadcastreceiver changed
10-03 10:25:29.722   537   590 D SystemServerInitThreadPool: Finished executing Update app-ops uidState in case package com.android.cellbroadcastreceiver changed
10-03 10:25:29.722   537   590 D SystemServerTimingAsync: InitThreadPoolExec:Update app-ops uidState in case package com.android.cellbroadcastreceiver changed took to complete: 0ms
10-03 10:25:29.722   537   590 I SystemServerTimingAsync: InitThreadPoolExec:Update app-ops uidState in case package com.android.providers.downloads changed
10-03 10:25:29.722   537   590 D SystemServerInitThreadPool: Started executing Update app-ops uidState in case package com.android.providers.downloads changed
10-03 10:25:29.722   537   590 D SystemServerInitThreadPool: Finished executing Update app-ops uidState in case package com.android.providers.downloads changed
10-03 10:25:29.722   537   590 D SystemServerTimingAsync: InitThreadPoolExec:Update app-ops uidState in case package com.android.providers.downloads changed took to complete: 0ms
10-03 10:25:29.722   537   590 I SystemServerTimingAsync: InitThreadPoolExec:Update app-ops uidState in case package com.android.providers.blockednumber changed
10-03 10:25:29.722   537   590 D SystemServerInitThreadPool: Started executing Update app-ops uidState in case package com.android.providers.blockednumber changed
10-03 10:25:29.722   537   590 D SystemServerInitThreadPool: Finished executing Update app-ops uidState in case package com.android.providers.blockednumber changed
10-03 10:25:29.722   537   590 D SystemServerTimingAsync: InitThreadPoolExec:Update app-ops uidState in case package com.android.providers.blockednumber changed took to complete: 0ms
10-03 10:25:29.722   537   590 I SystemServerTimingAsync: InitThreadPoolExec:Update app-ops uidState in case package com.android.providers.userdictionary changed
10-03 10:25:29.722   537   590 D SystemServerInitThreadPool: Started executing Update app-ops uidState in case package com.android.providers.userdictionary changed
10-03 10:25:29.722   537   590 D SystemServerInitThreadPool: Finished executing Update app-ops uidState in case package com.android.providers.userdictionary changed
10-03 10:25:29.722   537   590 D SystemServerTimingAsync: InitThreadPoolExec:Update app-ops uidState in case package com.android.providers.userdictionary changed took to complete: 0ms
10-03 10:25:29.722   537   590 I SystemServerTimingAsync: InitThreadPoolExec:Update app-ops uidState in case package com.android.providers.contacts changed
10-03 10:25:29.722   537   590 D SystemServerInitThreadPool: Started executing Update app-ops uidState in case package com.android.providers.contacts changed
10-03 10:25:29.722   537   590 D SystemServerInitThreadPool: Finished executing Update app-ops uidState in case package com.android.providers.contacts changed
10-03 10:25:29.722   537   590 D SystemServerTimingAsync: InitThreadPoolExec:Update app-ops uidState in case package com.android.providers.contacts changed took to complete: 0ms
10-03 10:25:29.722   537   590 I SystemServerTimingAsync: InitThreadPoolExec:Update app-ops uidState in case package com.android.shell changed
10-03 10:25:29.722   537   590 D SystemServerInitThreadPool: Started executing Update app-ops uidState in case package com.android.shell changed
10-03 10:25:29.722   537   590 D SystemServerInitThreadPool: Finished executing Update app-ops uidState in case package com.android.shell changed
10-03 10:25:29.722   537   590 D SystemServerTimingAsync: InitThreadPoolExec:Update app-ops uidState in case package com.android.shell changed took to complete: 0ms
10-03 10:25:29.722   537   590 I SystemServerTimingAsync: InitThreadPoolExec:Update app-ops uidState in case package com.google.android.cellbroadcastservice changed
10-03 10:25:29.722   537   590 D SystemServerInitThreadPool: Started executing Update app-ops uidState in case package com.google.android.cellbroadcastservice changed
10-03 10:25:29.722   537   590 D SystemServerInitThreadPool: Finished executing Update app-ops uidState in case package com.google.android.cellbroadcastservice changed
10-03 10:25:29.722   537   590 D SystemServerTimingAsync: InitThreadPoolExec:Update app-ops uidState in case package com.google.android.cellbroadcastservice changed took to complete: 0ms
10-03 10:25:29.722   537   590 I SystemServerTimingAsync: InitThreadPoolExec:Update app-ops uidState in case package com.android.bluetooth changed
10-03 10:25:29.722   537   590 D SystemServerInitThreadPool: Started executing Update app-ops uidState in case package com.android.bluetooth changed
10-03 10:25:29.722   537   590 D SystemServerInitThreadPool: Finished executing Update app-ops uidState in case package com.android.bluetooth changed
10-03 10:25:29.722   537   590 D SystemServerTimingAsync: InitThreadPoolExec:Update app-ops uidState in case package com.android.bluetooth changed took to complete: 0ms
10-03 10:25:29.722   537   590 I SystemServerTimingAsync: InitThreadPoolExec:Update app-ops uidState in case package com.android.phone changed
10-03 10:25:29.722   537   590 D SystemServerInitThreadPool: Started executing Update app-ops uidState in case package com.android.phone changed
10-03 10:25:29.722   537   590 D SystemServerInitThreadPool: Finished executing Update app-ops uidState in case package com.android.phone changed
10-03 10:25:29.722   537   590 D SystemServerTimingAsync: InitThreadPoolExec:Update app-ops uidState in case package com.android.phone changed took to complete: 0ms
10-03 10:25:29.722   537   590 I SystemServerTimingAsync: InitThreadPoolExec:Update app-ops uidState in case package android changed
10-03 10:25:29.722   537   590 D SystemServerInitThreadPool: Started executing Update app-ops uidState in case package android changed
10-03 10:25:29.723   537   590 D SystemServerInitThreadPool: Finished executing Update app-ops uidState in case package android changed
10-03 10:25:29.723   537   590 D SystemServerTimingAsync: InitThreadPoolExec:Update app-ops uidState in case package android changed took to complete: 0ms
10-03 10:25:29.723   537   590 I SystemServerTimingAsync: InitThreadPoolExec:Update app-ops uidState in case package com.android.server.telecom changed
10-03 10:25:29.723   537   590 D SystemServerInitThreadPool: Started executing Update app-ops uidState in case package com.android.server.telecom changed
10-03 10:25:29.723   537   590 D SystemServerInitThreadPool: Finished executing Update app-ops uidState in case package com.android.server.telecom changed
10-03 10:25:29.723   537   590 D SystemServerTimingAsync: InitThreadPoolExec:Update app-ops uidState in case package com.android.server.telecom changed took to complete: 0ms
10-03 10:25:29.723   537   590 I SystemServerTimingAsync: InitThreadPoolExec:Update app-ops uidState in case package com.android.settings changed
10-03 10:25:29.723   537   590 D SystemServerInitThreadPool: Started executing Update app-ops uidState in case package com.android.settings changed
10-03 10:25:29.723   537   590 D SystemServerInitThreadPool: Finished executing Update app-ops uidState in case package com.android.settings changed
10-03 10:25:29.723   537   590 D SystemServerTimingAsync: InitThreadPoolExec:Update app-ops uidState in case package com.android.settings changed took to complete: 0ms
10-03 10:25:29.723   537   564 D SystemServerInitThreadPool: Finished executing Update app-ops uidState in case package com.google.android.ims changed
10-03 10:25:29.723   537   564 D SystemServerTimingAsync: InitThreadPoolExec:Update app-ops uidState in case package com.google.android.ims changed took to complete: 0ms
10-03 10:25:29.723   537   609 D SystemServerInitThreadPool: Finished executing Update app-ops uidState in case package com.android.dialer changed
10-03 10:25:29.723   537   609 D SystemServerTimingAsync: InitThreadPoolExec:Update app-ops uidState in case package com.android.dialer changed took to complete: 0ms
10-03 10:25:29.723   537   600 D SystemServerInitThreadPool: Finished executing Update app-ops uidState in case package com.google.android.setupwizard changed
10-03 10:25:29.723   537   600 D SystemServerTimingAsync: InitThreadPoolExec:Update app-ops uidState in case package com.google.android.setupwizard changed took to complete: 0ms
10-03 10:25:29.723   537   537 I SystemServerTiming: killProcesses
10-03 10:25:29.723   537   537 D SystemServerTiming: killProcesses took to complete: 0ms
10-03 10:25:29.723   537   537 I ActivityManager: System now ready
10-03 10:25:29.723   537   537 I SystemServerTiming: updateTopComponentForFactoryTest
10-03 10:25:29.723   537   537 D SystemServerTiming: updateTopComponentForFactoryTest took to complete: 0ms
10-03 10:25:29.723   537   537 I SystemServerTiming: registerActivityLaunchObserver
10-03 10:25:29.723   537   537 D SystemServerTiming: registerActivityLaunchObserver took to complete: 0ms
10-03 10:25:29.723   537   537 I SystemServerTiming: watchDeviceProvisioning
10-03 10:25:29.729   537   537 D SystemServerTiming: watchDeviceProvisioning took to complete: 6ms
10-03 10:25:29.729   537   537 I SystemServerTiming: retrieveSettings
10-03 10:25:29.731   537   537 D SystemServerTiming: retrieveSettings took to complete: 2ms
10-03 10:25:29.731   537   537 I SystemServerTiming: Ugm.onSystemReady
10-03 10:25:29.731   537   537 D SystemServerTiming: Ugm.onSystemReady took to complete: 0ms
10-03 10:25:29.731   537   537 I SystemServerTiming: updateForceBackgroundCheck
10-03 10:25:29.731   537   537 D SystemServerTiming: updateForceBackgroundCheck took to complete: 0ms
10-03 10:25:29.731   537   537 I SystemServer: Making services ready
10-03 10:25:29.731   537   537 I SystemServerTiming: StartActivityManagerReadyPhase
10-03 10:25:29.731   537   537 I SystemServiceManager: Starting phase 550
10-03 10:25:29.731   537   537 I SystemServerTiming: OnBootPhase_550
10-03 10:25:29.731   537   537 I SystemServerTiming: OnBootPhase_550_com.android.server.security.FileIntegrityService
10-03 10:25:29.731   537   537 D SystemServerTiming: OnBootPhase_550_com.android.server.security.FileIntegrityService took to complete: 0ms
10-03 10:25:29.731   537   537 I SystemServerTiming: OnBootPhase_550_com.android.server.pm.Installer
10-03 10:25:29.731   537   537 D SystemServerTiming: OnBootPhase_550_com.android.server.pm.Installer took to complete: 0ms
10-03 10:25:29.731   537   537 I SystemServerTiming: OnBootPhase_550_com.android.server.os.DeviceIdentifiersPolicyService
10-03 10:25:29.731   537   537 D SystemServerTiming: OnBootPhase_550_com.android.server.os.DeviceIdentifiersPolicyService took to complete: 0ms
10-03 10:25:29.731   537   537 I SystemServerTiming: OnBootPhase_550_com.android.server.uri.UriGrantsManagerService$Lifecycle
10-03 10:25:29.731   537   537 D SystemServerTiming: OnBootPhase_550_com.android.server.uri.UriGrantsManagerService$Lifecycle took to complete: 0ms
10-03 10:25:29.731   537   537 I SystemServerTiming: OnBootPhase_550_com.android.server.wm.ActivityTaskManagerService$Lifecycle
10-03 10:25:29.731   537   537 D SystemServerTiming: OnBootPhase_550_com.android.server.wm.ActivityTaskManagerService$Lifecycle took to complete: 0ms
10-03 10:25:29.731   537   537 I SystemServerTiming: OnBootPhase_550_com.android.server.am.ActivityManagerService$Lifecycle
10-03 10:25:29.731   537   537 D SystemServerTiming: OnBootPhase_550_com.android.server.am.ActivityManagerService$Lifecycle took to complete: 0ms
10-03 10:25:29.731   537   537 I SystemServerTiming: OnBootPhase_550_com.android.server.pm.DataLoaderManagerService
10-03 10:25:29.731   537   537 D SystemServerTiming: OnBootPhase_550_com.android.server.pm.DataLoaderManagerService took to complete: 0ms
10-03 10:25:29.731   537   537 I SystemServerTiming: OnBootPhase_550_com.android.server.power.PowerManagerService
10-03 10:25:29.731   537   537 D SystemServerTiming: OnBootPhase_550_com.android.server.power.PowerManagerService took to complete: 0ms
10-03 10:25:29.731   537   537 I SystemServerTiming: OnBootPhase_550_com.android.server.power.ThermalManagerService
10-03 10:25:29.733   537   537 I ThermalHalWrapper: Thermal HAL 2.0 service connected.
10-03 10:25:29.734   537   537 D SystemServerTiming: OnBootPhase_550_com.android.server.power.ThermalManagerService took to complete: 2ms
10-03 10:25:29.734   537   537 I SystemServerTiming: OnBootPhase_550_com.android.server.recoverysystem.RecoverySystemService$Lifecycle
10-03 10:25:29.734   537   537 D SystemServerTiming: OnBootPhase_550_com.android.server.recoverysystem.RecoverySystemService$Lifecycle took to complete: 0ms
10-03 10:25:29.734   537   537 I SystemServerTiming: OnBootPhase_550_com.android.server.lights.LightsService
10-03 10:25:29.734   537   537 D SystemServerTiming: OnBootPhase_550_com.android.server.lights.LightsService took to complete: 0ms
10-03 10:25:29.734   537   537 I SystemServerTiming: OnBootPhase_550_com.android.server.display.DisplayManagerService
10-03 10:25:29.734   537   537 D SystemServerTiming: OnBootPhase_550_com.android.server.display.DisplayManagerService took to complete: 0ms
10-03 10:25:29.734   537   537 I SystemServerTiming: OnBootPhase_550_com.android.server.pm.UserManagerService$LifeCycle
10-03 10:25:29.734   537   537 D SystemServerTiming: OnBootPhase_550_com.android.server.pm.UserManagerService$LifeCycle took to complete: 0ms
10-03 10:25:29.734   537   537 I SystemServerTiming: OnBootPhase_550_com.android.server.om.OverlayManagerService
10-03 10:25:29.734   537   537 D SystemServerTiming: OnBootPhase_550_com.android.server.om.OverlayManagerService took to complete: 0ms
10-03 10:25:29.734   537   537 I SystemServerTiming: OnBootPhase_550_com.android.server.SensorPrivacyService
10-03 10:25:29.734   537   537 D SystemServerTiming: OnBootPhase_550_com.android.server.SensorPrivacyService took to complete: 0ms
10-03 10:25:29.734   537   537 I SystemServerTiming: OnBootPhase_550_com.android.server.SystemConfigService
10-03 10:25:29.734   537   537 D SystemServerTiming: OnBootPhase_550_com.android.server.SystemConfigService took to complete: 0ms
10-03 10:25:29.734   537   537 I SystemServerTiming: OnBootPhase_550_com.android.server.BatteryService
10-03 10:25:29.735   537   537 D SystemServerTiming: OnBootPhase_550_com.android.server.BatteryService took to complete: 1ms
10-03 10:25:29.735   537   537 I SystemServerTiming: OnBootPhase_550_com.android.server.usage.UsageStatsService
10-03 10:25:29.735   537   537 D SystemServerTiming: OnBootPhase_550_com.android.server.usage.UsageStatsService took to complete: 0ms
10-03 10:25:29.735   537   537 I SystemServerTiming: OnBootPhase_550_com.android.server.webkit.WebViewUpdateService
10-03 10:25:29.735   537   537 D SystemServerTiming: OnBootPhase_550_com.android.server.webkit.WebViewUpdateService took to complete: 0ms
10-03 10:25:29.735   537   537 I SystemServerTiming: OnBootPhase_550_com.android.server.CachedDeviceStateService
10-03 10:25:29.735   537   537 D SystemServerTiming: OnBootPhase_550_com.android.server.CachedDeviceStateService took to complete: 0ms
10-03 10:25:29.735   537   537 I SystemServerTiming: OnBootPhase_550_com.android.server.BinderCallsStatsService$LifeCycle
10-03 10:25:29.735   537   537 D SystemServerTiming: OnBootPhase_550_com.android.server.BinderCallsStatsService$LifeCycle took to complete: 0ms
10-03 10:25:29.735   537   537 I SystemServerTiming: OnBootPhase_550_com.android.server.LooperStatsService$Lifecycle
10-03 10:25:29.735   537   537 D SystemServerTiming: OnBootPhase_550_com.android.server.LooperStatsService$Lifecycle took to complete: 0ms
10-03 10:25:29.735   537   537 I SystemServerTiming: OnBootPhase_550_com.android.server.rollback.RollbackManagerService
10-03 10:25:29.735   537   537 D SystemServerTiming: OnBootPhase_550_com.android.server.rollback.RollbackManagerService took to complete: 0ms
10-03 10:25:29.735   537   537 I SystemServerTiming: OnBootPhase_550_com.android.server.os.BugreportManagerService
10-03 10:25:29.735   537   537 D SystemServerTiming: OnBootPhase_550_com.android.server.os.BugreportManagerService took to complete: 0ms
10-03 10:25:29.735   537   537 I SystemServerTiming: OnBootPhase_550_com.android.server.gpu.GpuService
10-03 10:25:29.735   537   537 D SystemServerTiming: OnBootPhase_550_com.android.server.gpu.GpuService took to complete: 0ms
10-03 10:25:29.735   537   537 I SystemServerTiming: OnBootPhase_550_com.android.server.security.KeyChainSystemService
10-03 10:25:29.735   537   537 D SystemServerTiming: OnBootPhase_550_com.android.server.security.KeyChainSystemService took to complete: 0ms
10-03 10:25:29.735   537   537 I SystemServerTiming: OnBootPhase_550_com.android.server.telecom.TelecomLoaderService
10-03 10:25:29.736   537   537 W ActivityManager: Too early to start/bind service in system_server: Phase=550 ComponentInfo{com.android.server.telecom/com.android.server.telecom.components.TelecomService}
10-03 10:25:29.998     0     0 I init    : starting service 'wpa_supplicant'...
10-03 10:25:30.000     0     0 I init    : Created socket '/dev/socket/wpa_wlan0', mode 660, user 1010, group 1010
10-03 10:25:29.736   537   537 W ActivityManager: Too early to start/bind service in system_server: Phase=550 ComponentInfo{com.android.server.telecom/com.android.server.telecom.components.TelecomService}
10-03 10:25:29.736   537   537 D SystemServerTiming: OnBootPhase_550_com.android.server.telecom.TelecomLoaderService took to complete: 1ms
10-03 10:25:29.736   537   537 I SystemServerTiming: OnBootPhase_550_com.android.server.accounts.AccountManagerService$Lifecycle
10-03 10:25:29.736   537   537 D SystemServerTiming: OnBootPhase_550_com.android.server.accounts.AccountManagerService$Lifecycle took to complete: 0ms
10-03 10:25:29.736   537   537 I SystemServerTiming: OnBootPhase_550_com.android.server.content.ContentService$Lifecycle
10-03 10:25:30.006     0     0 I init    : Control message: Processed ctl.interface_start for 'android.hardware.wifi.supplicant@1.0::ISupplicant/default' from pid: 178 (/system/bin/hwservicemanager)
10-03 10:25:29.745   537   537 I SyncManager: No initial accounts
10-03 10:25:29.749   537   537 D SystemServerTiming: OnBootPhase_550_com.android.server.content.ContentService$Lifecycle took to complete: 13ms
10-03 10:25:29.765   537   537 I SystemServerTiming: OnBootPhase_550_com.android.server.DropBoxManagerService
10-03 10:25:29.766   537   537 D SystemServerTiming: OnBootPhase_550_com.android.server.DropBoxManagerService took to complete: 0ms
10-03 10:25:29.766   537   537 I SystemServerTiming: OnBootPhase_550_com.android.server.AlarmManagerService
10-03 10:25:29.766   537   537 D SystemServerTiming: OnBootPhase_550_com.android.server.AlarmManagerService took to complete: 0ms
10-03 10:25:29.766   537   537 I SystemServerTiming: OnBootPhase_550_com.android.server.BluetoothService
10-03 10:25:29.766   537   537 D BluetoothManagerService: Bluetooth boot completed
10-03 10:25:29.767   537   537 D BluetoothManagerService: Auto-enabling Bluetooth.
10-03 10:25:29.767   537   559 D BluetoothManagerService: MESSAGE_ENABLE(0): mBluetooth = null
