10-23 23:55:09.051   189   189 D vold    : Copying 8 blocks at offset 16744448
10-23 23:55:09.051   189   189 D vold    : Copying 8 blocks at offset 16777216
10-23 23:55:09.051   189   189 D vold    : Copying 8 blocks at offset 16809984
10-23 23:55:09.051   189   189 D vold    : Copying 8 blocks at offset 16842752
10-23 23:55:09.051   189   189 D vold    : Copying 8 blocks at offset 16875520
10-23 23:55:09.052   189   189 D vold    : Copying 8 blocks at offset 16908288
10-23 23:55:09.052   189   189 D vold    : Copying 8 blocks at offset 16941056
10-23 23:55:09.052   189   189 D vold    : Copying 8 blocks at offset 16973824
10-23 23:55:09.052   189   189 D vold    : Copying 8 blocks at offset 17006592
10-23 23:55:09.052   189   189 D vold    : Copying 8 blocks at offset 17039360
10-23 23:55:09.052   189   189 D vold    : Copying 8 blocks at offset 17072128
10-23 23:55:09.052   189   189 D vold    : Copying 8 blocks at offset 17104896
10-23 23:55:09.052   189   189 D vold    : Copying 8 blocks at offset 17137664
10-23 23:55:09.052   189   189 D vold    : Copying 8 blocks at offset 17170432
10-23 23:55:09.052   189   189 D vold    : Copying 8 blocks at offset 17203200
10-23 23:55:09.052   189   189 D vold    : Copying 8 blocks at offset 17235968
10-23 23:55:09.054   189   189 D vold    : Copying 8 blocks at offset 17268736
10-23 23:55:09.054   189   189 D vold    : Copying 8 blocks at offset 17301504
10-23 23:55:09.054   189   189 D vold    : Copying 8 blocks at offset 17334272
10-23 23:55:09.054   189   189 D vold    : Copying 8 blocks at offset 17367040
10-23 23:55:09.054   189   189 D vold    : Copying 8 blocks at offset 17399808
10-23 23:55:09.055   189   189 D vold    : Copying 8 blocks at offset 17432576
10-23 23:55:09.055   189   189 D vold    : Copying 8 blocks at offset 17465344
10-23 23:55:09.055   189   189 D vold    : Copying 8 blocks at offset 17498112
10-23 23:55:09.055   189   189 D vold    : Copying 8 blocks at offset 17530880
10-23 23:55:09.055   189   189 D vold    : Copying 8 blocks at offset 17563648
10-23 23:55:09.055   189   189 D vold    : Copying 8 blocks at offset 17596416
10-23 23:55:09.055   189   189 D vold    : Copying 8 blocks at offset 17629184
10-23 23:55:09.055   189   189 D vold    : Copying 8 blocks at offset 17661952
10-23 23:55:09.055   189   189 D vold    : Copying 8 blocks at offset 17694720
10-23 23:55:09.055   189   189 D vold    : Copying 8 blocks at offset 17727488
10-23 23:55:09.055   189   189 D vold    : Copying 8 blocks at offset 17760256
10-23 23:55:09.055   189   189 D vold    : Copying 8 blocks at offset 17793024
10-23 23:55:09.055   189   189 D vold    : Copying 8 blocks at offset 17825792
10-23 23:55:09.055   189   189 D vold    : Copying 8 blocks at offset 17858560
10-23 23:55:09.055   189   189 D vold    : Copying 8 blocks at offset 17891328
10-23 23:55:09.055   189   189 D vold    : Copying 8 blocks at offset 17924096
10-23 23:55:09.056   189   189 D vold    : Copying 8 blocks at offset 17956864
10-23 23:55:09.056   189   189 D vold    : Copying 8 blocks at offset 17989632
10-23 23:55:09.056   189   189 D vold    : Copying 8 blocks at offset 18022400
10-23 23:55:09.056   189   189 D vold    : Copying 8 blocks at offset 18055168
10-23 23:55:09.056   189   189 D vold    : Copying 8 blocks at offset 18087936
10-23 23:55:09.056   189   189 D vold    : Copying 8 blocks at offset 18120704
10-23 23:55:09.056   189   189 D vold    : Copying 8 blocks at offset 18153472
10-23 23:55:09.056   189   189 D vold    : Copying 8 blocks at offset 18186240
10-23 23:55:09.056   189   189 D vold    : Copying 8 blocks at offset 18219008
10-23 23:55:09.056   189   189 D vold    : Copying 8 blocks at offset 18251776
10-23 23:55:09.056   189   189 D vold    : Copying 8 blocks at offset 18284544
10-23 23:55:09.057   189   189 D vold    : Copying 8 blocks at offset 18317312
10-23 23:55:09.058   189   189 D vold    : Copying 8 blocks at offset 18350080
10-23 23:55:09.058   189   189 D vold    : Copying 8 blocks at offset 18382848
10-23 23:55:09.059   189   189 D vold    : Copying 8 blocks at offset 18415616
10-23 23:55:09.059   189   189 D vold    : Copying 8 blocks at offset 18448384
10-23 23:55:09.059   189   189 D vold    : Copying 8 blocks at offset 18481152
10-23 23:55:09.059   189   189 D vold    : Copying 8 blocks at offset 18513920
10-23 23:55:09.059   189   189 D vold    : Copying 8 blocks at offset 18546688
10-23 23:55:09.059   189   189 D vold    : Copying 8 blocks at offset 18579456
10-23 23:55:09.059   189   189 D vold    : Copying 8 blocks at offset 18612224
10-23 23:55:09.059   189   189 D vold    : Copying 8 blocks at offset 18644992
10-23 23:55:09.059   189   189 D vold    : Copying 8 blocks at offset 18677760
10-23 23:55:09.059   189   189 D vold    : Copying 8 blocks at offset 18710528
10-23 23:55:09.059   189   189 D vold    : Copying 8 blocks at offset 18743296
10-23 23:55:09.059   189   189 D vold    : Copying 8 blocks at offset 18776064
10-23 23:55:09.059   189   189 D vold    : Copying 8 blocks at offset 18808832
10-23 23:55:09.059   189   189 D vold    : Copying 8 blocks at offset 18841600
10-23 23:55:09.060   189   189 D vold    : Copying 8 blocks at offset 18874368
10-23 23:55:09.060   189   189 D vold    : Copying 8 blocks at offset 18907136
10-23 23:55:09.060   189   189 D vold    : Copying 8 blocks at offset 18939904
10-23 23:55:09.060   189   189 D vold    : Copying 8 blocks at offset 18972672
10-23 23:55:09.060   189   189 D vold    : Copying 8 blocks at offset 19005440
10-23 23:55:09.060   189   189 D vold    : Copying 8 blocks at offset 19038208
10-23 23:55:09.060   189   189 D vold    : Copying 8 blocks at offset 19070976
10-23 23:55:09.060   189   189 D vold    : Copying 8 blocks at offset 19103744
10-23 23:55:09.060   189   189 D vold    : Copying 8 blocks at offset 19136512
10-23 23:55:09.061   189   189 D vold    : Copying 8 blocks at offset 19169280
10-23 23:55:09.061   189   189 D vold    : Copying 8 blocks at offset 19202048
10-23 23:55:09.061   189   189 D vold    : Copying 8 blocks at offset 19234816
10-23 23:55:09.061   189   189 D vold    : Copying 8 blocks at offset 19267584
10-23 23:55:09.061   189   189 D vold    : Copying 8 blocks at offset 19300352
10-23 23:55:09.061   189   189 D vold    : Copying 8 blocks at offset 19333120
10-23 23:55:09.061     0     0 I e2fsck  : Pass 2: Checking directory structure
10-23 23:55:09.063   189   189 D vold    : Copying 8 blocks at offset 19365888
10-23 23:55:09.063   189   189 D vold    : Copying 8 blocks at offset 19398656
10-23 23:55:09.063   189   189 D vold    : Copying 8 blocks at offset 19431424
10-23 23:55:09.063   189   189 D vold    : Copying 8 blocks at offset 19464192
10-23 23:55:09.063   189   189 D vold    : Copying 8 blocks at offset 19496960
10-23 23:55:09.064     0     0 I e2fsck  : Pass 3: Checking directory connectivity
10-23 23:55:09.065   189   189 D vold    : Copying 8 blocks at offset 19529728
10-23 23:55:09.065   189   189 D vold    : Copying 8 blocks at offset 19562496
10-23 23:55:09.065   189   189 D vold    : Copying 8 blocks at offset 19595264
10-23 23:55:09.065   189   189 D vold    : Copying 8 blocks at offset 19628032
10-23 23:55:09.065   189   189 D vold    : Copying 8 blocks at offset 19660800
10-23 23:55:09.065   189   189 D vold    : Copying 8 blocks at offset 19693568
10-23 23:55:09.065   189   189 D vold    : Copying 8 blocks at offset 19726336
10-23 23:55:09.065   189   189 D vold    : Copying 8 blocks at offset 19759104
10-23 23:55:09.066   189   189 D vold    : Copying 8 blocks at offset 19791872
10-23 23:55:09.066   189   189 D vold    : Copying 8 blocks at offset 19824640
10-23 23:55:09.066   189   189 D vold    : Copying 8 blocks at offset 19857408
10-23 23:55:09.066   189   189 D vold    : Copying 8 blocks at offset 19890176
10-23 23:55:09.066   189   189 D vold    : Copying 8 blocks at offset 19922944
10-23 23:55:09.066   189   189 D vold    : Copying 8 blocks at offset 19955712
10-23 23:55:09.066   189   189 D vold    : Copying 8 blocks at offset 19988480
10-23 23:55:09.066   189   189 D vold    : Copying 8 blocks at offset 20021248
10-23 23:55:09.066   189   189 D vold    : Copying 8 blocks at offset 20054016
10-23 23:55:09.066   189   189 D vold    : Copying 8 blocks at offset 20086784
10-23 23:55:09.066   189   189 D vold    : Copying 8 blocks at offset 20119552
10-23 23:55:09.066   189   189 D vold    : Copying 8 blocks at offset 20152320
10-23 23:55:09.067   189   189 D vold    : Copying 8 blocks at offset 20185088
10-23 23:55:09.067   189   189 D vold    : Copying 8 blocks at offset 20217856
10-23 23:55:09.067     0     0 I e2fsck  : Pass 4: Checking reference counts
10-23 23:55:09.067   189   189 D vold    : Copying 8 blocks at offset 20250624
10-23 23:55:09.067   189   189 D vold    : Copying 8 blocks at offset 20283392
10-23 23:55:09.067   189   189 D vold    : Copying 8 blocks at offset 20316160
10-23 23:55:09.067   189   189 D vold    : Copying 8 blocks at offset 20348928
10-23 23:55:09.067   189   189 D vold    : Copying 8 blocks at offset 20381696
10-23 23:55:09.068   189   189 D vold    : Copying 8 blocks at offset 20414464
10-23 23:55:09.068   189   189 D vold    : Copying 8 blocks at offset 20447232
10-23 23:55:09.068   189   189 D vold    : Copying 8 blocks at offset 20480000
10-23 23:55:09.068   189   189 D vold    : Copying 8 blocks at offset 20512768
10-23 23:55:09.068   189   189 D vold    : Copying 8 blocks at offset 20545536
10-23 23:55:09.068   189   189 D vold    : Copying 8 blocks at offset 20578304
10-23 23:55:09.068   189   189 D vold    : Copying 8 blocks at offset 20611072
10-23 23:55:09.069   189   189 D vold    : Copying 8 blocks at offset 20643840
10-23 23:55:09.069   189   189 D vold    : Copying 8 blocks at offset 20676608
10-23 23:55:09.069   189   189 D vold    : Copying 8 blocks at offset 20709376
10-23 23:55:09.069   189   189 D vold    : Copying 8 blocks at offset 20742144
10-23 23:55:09.069   189   189 D vold    : Copying 8 blocks at offset 20774912
10-23 23:55:09.069   189   189 D vold    : Copying 8 blocks at offset 20807680
10-23 23:55:09.069   189   189 D vold    : Copying 8 blocks at offset 20840448
10-23 23:55:09.069   189   189 D vold    : Copying 8 blocks at offset 20873216
10-23 23:55:09.069   189   189 D vold    : Copying 8 blocks at offset 20905984
10-23 23:55:09.069   189   189 D vold    : Copying 8 blocks at offset 20938752
10-23 23:55:09.069   189   189 D vold    : Copying 8 blocks at offset 20971520
10-23 23:55:09.069   189   189 D vold    : Copying 8 blocks at offset 21004288
10-23 23:55:09.069   189   189 D vold    : Copying 8 blocks at offset 21037056
10-23 23:55:09.069   189   189 D vold    : Copying 8 blocks at offset 21069824
10-23 23:55:09.069   189   189 D vold    : Copying 8 blocks at offset 21102592
10-23 23:55:09.069   189   189 D vold    : Copying 8 blocks at offset 21135360
10-23 23:55:09.069   189   189 D vold    : Copying 8 blocks at offset 21168128
10-23 23:55:09.069   189   189 D vold    : Copying 8 blocks at offset 21200896
10-23 23:55:09.069   189   189 D vold    : Copying 8 blocks at offset 21233664
10-23 23:55:09.070   189   189 D vold    : Copying 8 blocks at offset 21266432
10-23 23:55:09.070   189   189 D vold    : Copying 8 blocks at offset 21299200
10-23 23:55:09.070   189   189 D vold    : Copying 8 blocks at offset 21331968
10-23 23:55:09.070   189   189 D vold    : Copying 8 blocks at offset 21364736
10-23 23:55:09.070   189   189 D vold    : Copying 8 blocks at offset 21397504
10-23 23:55:09.070   189   189 D vold    : Copying 8 blocks at offset 21430272
10-23 23:55:09.071   189   189 D vold    : Copying 8 blocks at offset 21463040
10-23 23:55:09.071   189   189 D vold    : Copying 8 blocks at offset 21495808
10-23 23:55:09.071   189   189 D vold    : Copying 8 blocks at offset 21528576
10-23 23:55:09.071   189   189 D vold    : Copying 8 blocks at offset 21561344
10-23 23:55:09.071   189   189 D vold    : Copying 8 blocks at offset 21594112
10-23 23:55:09.071   189   189 D vold    : Copying 8 blocks at offset 21626880
10-23 23:55:09.071   189   189 D vold    : Copying 8 blocks at offset 21659648
10-23 23:55:09.072   189   189 D vold    : Copying 8 blocks at offset 21692416
10-23 23:55:09.072   189   189 D vold    : Copying 8 blocks at offset 21725184
10-23 23:55:09.072   189   189 D vold    : Copying 8 blocks at offset 21757952
10-23 23:55:09.072   189   189 D vold    : Copying 8 blocks at offset 21790720
10-23 23:55:09.072   189   189 D vold    : Copying 8 blocks at offset 21823488
10-23 23:55:09.072   189   189 D vold    : Copying 8 blocks at offset 21856256
10-23 23:55:09.072   189   189 D vold    : Copying 8 blocks at offset 21889024
10-23 23:55:09.072   189   189 D vold    : Copying 8 blocks at offset 21921792
10-23 23:55:09.072   189   189 D vold    : Copying 8 blocks at offset 21954560
10-23 23:55:09.072   189   189 D vold    : Copying 8 blocks at offset 21987328
10-23 23:55:09.072   189   189 D vold    : Copying 8 blocks at offset 22020096
10-23 23:55:09.072   189   189 D vold    : Copying 8 blocks at offset 22052864
10-23 23:55:09.072   189   189 D vold    : Copying 8 blocks at offset 22085632
10-23 23:55:09.072   189   189 D vold    : Copying 8 blocks at offset 22118400
10-23 23:55:09.072   189   189 D vold    : Copying 8 blocks at offset 22151168
10-23 23:55:09.073   189   189 D vold    : Copying 8 blocks at offset 22183936
10-23 23:55:09.073   189   189 D vold    : Copying 8 blocks at offset 22216704
10-23 23:55:09.073   189   189 D vold    : Copying 8 blocks at offset 22249472
10-23 23:55:09.073   189   189 D vold    : Copying 8 blocks at offset 22282240
10-23 23:55:09.073   189   189 D vold    : Copying 8 blocks at offset 22315008
10-23 23:55:09.073   189   189 D vold    : Copying 8 blocks at offset 22347776
10-23 23:55:09.073   189   189 D vold    : Copying 8 blocks at offset 22380544
10-23 23:55:09.073   189   189 D vold    : Copying 8 blocks at offset 22413312
10-23 23:55:09.073   189   189 D vold    : Copying 8 blocks at offset 22446080
10-23 23:55:09.073   189   189 D vold    : Copying 8 blocks at offset 22478848
10-23 23:55:09.074   189   189 D vold    : Copying 8 blocks at offset 22511616
10-23 23:55:09.074   189   189 D vold    : Copying 8 blocks at offset 22544384
10-23 23:55:09.074   189   189 D vold    : Copying 8 blocks at offset 22577152
10-23 23:55:09.074   189   189 D vold    : Copying 8 blocks at offset 22609920
10-23 23:55:09.074   189   189 D vold    : Copying 8 blocks at offset 22642688
10-23 23:55:09.075   189   189 D vold    : Copying 8 blocks at offset 22675456
10-23 23:55:09.075   189   189 D vold    : Copying 8 blocks at offset 22708224
10-23 23:55:09.075     0     0 I e2fsck  : Pass 5: Checking group summary information
10-23 23:55:09.075   189   189 D vold    : Copying 8 blocks at offset 22740992
10-23 23:55:09.075   189   189 D vold    : Copying 8 blocks at offset 22773760
10-23 23:55:09.075   189   189 D vold    : Copying 8 blocks at offset 22806528
10-23 23:55:09.075   189   189 D vold    : Copying 8 blocks at offset 22839296
10-23 23:55:09.075   189   189 D vold    : Copying 8 blocks at offset 22872064
10-23 23:55:09.075   189   189 D vold    : Copying 8 blocks at offset 22904832
10-23 23:55:09.075   189   189 D vold    : Copying 8 blocks at offset 22937600
10-23 23:55:09.075   189   189 D vold    : Copying 8 blocks at offset 22970368
10-23 23:55:09.075   189   189 D vold    : Copying 8 blocks at offset 23003136
10-23 23:55:09.075   189   189 D vold    : Copying 8 blocks at offset 23035904
10-23 23:55:09.076   189   189 D vold    : Copying 8 blocks at offset 23068672
10-23 23:55:09.077   189   189 D vold    : Copying 8 blocks at offset 23101440
10-23 23:55:09.077   189   189 D vold    : Copying 8 blocks at offset 23134208
10-23 23:55:09.077   189   189 D vold    : Copying 8 blocks at offset 23166976
10-23 23:55:09.077   189   189 D vold    : Copying 8 blocks at offset 23199744
10-23 23:55:09.077   189   189 D vold    : Copying 8 blocks at offset 23232512
10-23 23:55:09.077   189   189 D vold    : Copying 8 blocks at offset 23265280
10-23 23:55:09.078   189   189 D vold    : Copying 8 blocks at offset 23298048
10-23 23:55:09.078   189   189 D vold    : Copying 8 blocks at offset 23330816
10-23 23:55:09.078   189   189 D vold    : Copying 8 blocks at offset 23363584
10-23 23:55:09.078   189   189 D vold    : Copying 8 blocks at offset 23396352
10-23 23:55:09.078   189   189 D vold    : Copying 8 blocks at offset 23429120
10-23 23:55:09.078   189   189 D vold    : Copying 8 blocks at offset 23461888
10-23 23:55:09.078   189   189 D vold    : Copying 8 blocks at offset 23494656
10-23 23:55:09.078   189   189 D vold    : Copying 8 blocks at offset 23527424
10-23 23:55:09.080   189   189 D vold    : Copying 8 blocks at offset 23560192
10-23 23:55:09.080   189   189 D vold    : Copying 8 blocks at offset 23592960
10-23 23:55:09.080   189   189 D vold    : Copying 8 blocks at offset 23625728
10-23 23:55:09.080   189   189 D vold    : Copying 8 blocks at offset 23658496
10-23 23:55:09.080   189   189 D vold    : Copying 8 blocks at offset 23691264
10-23 23:55:09.080   189   189 D vold    : Copying 8 blocks at offset 23724032
10-23 23:55:09.080   189   189 D vold    : Copying 8 blocks at offset 23756800
10-23 23:55:09.080   189   189 D vold    : Copying 8 blocks at offset 23789568
10-23 23:55:09.080   189   189 D vold    : Copying 8 blocks at offset 23822336
10-23 23:55:09.080   189   189 D vold    : Copying 8 blocks at offset 23855104
10-23 23:55:09.081   189   189 D vold    : Copying 8 blocks at offset 23887872
10-23 23:55:09.081   189   189 D vold    : Copying 8 blocks at offset 23920640
10-23 23:55:09.081   189   189 D vold    : Copying 8 blocks at offset 23953408
10-23 23:55:09.081   189   189 D vold    : Copying 8 blocks at offset 23986176
10-23 23:55:09.081   189   189 D vold    : Copying 8 blocks at offset 24018944
10-23 23:55:09.081   189   189 D vold    : Copying 8 blocks at offset 24051712
10-23 23:55:09.081   189   189 D vold    : Copying 8 blocks at offset 24084480
10-23 23:55:09.081   189   189 D vold    : Copying 8 blocks at offset 24117248
10-23 23:55:09.081   189   189 D vold    : Copying 8 blocks at offset 24150016
10-23 23:55:09.081   189   189 D vold    : Copying 8 blocks at offset 24182784
10-23 23:55:09.081   189   189 D vold    : Copying 8 blocks at offset 24215552
10-23 23:55:09.081   189   189 D vold    : Copying 8 blocks at offset 24248320
10-23 23:55:09.081   189   189 D vold    : Copying 8 blocks at offset 24281088
10-23 23:55:09.081   189   189 D vold    : Copying 8 blocks at offset 24313856
10-23 23:55:09.081   189   189 D vold    : Copying 8 blocks at offset 24346624
10-23 23:55:09.082   189   189 D vold    : Copying 8 blocks at offset 24379392
10-23 23:55:09.082   189   189 D vold    : Copying 8 blocks at offset 24412160
10-23 23:55:09.082   189   189 D vold    : Copying 8 blocks at offset 24444928
10-23 23:55:09.082   189   189 D vold    : Copying 8 blocks at offset 24477696
10-23 23:55:09.082   189   189 D vold    : Copying 8 blocks at offset 24510464
10-23 23:55:09.082   189   189 D vold    : Copying 8 blocks at offset 24543232
10-23 23:55:09.082   189   189 D vold    : Copying 8 blocks at offset 24576000
10-23 23:55:09.084   189   189 D vold    : Copying 8 blocks at offset 24608768
10-23 23:55:09.084   189   189 D vold    : Copying 8 blocks at offset 24641536
10-23 23:55:09.084   189   189 D vold    : Copying 8 blocks at offset 24674304
10-23 23:55:09.084   189   189 D vold    : Copying 8 blocks at offset 24707072
10-23 23:55:09.084   189   189 D vold    : Copying 8 blocks at offset 24739840
10-23 23:55:09.085   189   189 D vold    : Copying 8 blocks at offset 24772608
10-23 23:55:09.086   189   189 D vold    : Copying 8 blocks at offset 24805376
10-23 23:55:09.086   189   189 D vold    : Copying 8 blocks at offset 24838144
10-23 23:55:09.086   189   189 D vold    : Copying 8 blocks at offset 24870912
10-23 23:55:09.086     0     0 I e2fsck  : /dev/block/vdc: 26/393216 files (0.0% non-contiguous), 52353/1572864 blocks
10-23 23:55:09.086   189   189 D vold    : Copying 8 blocks at offset 24903680
10-23 23:55:09.086   189   189 D vold    : Copying 8 blocks at offset 24936448
10-23 23:55:09.087   189   189 D vold    : Copying 8 blocks at offset 24969216
10-23 23:55:09.087   189   189 D vold    : Copying 8 blocks at offset 25001984
10-23 23:55:09.087   189   189 D vold    : Copying 8 blocks at offset 25034752
10-23 23:55:09.087   189   189 D vold    : Copying 8 blocks at offset 25067520
10-23 23:55:09.088   189   189 D vold    : Copying 8 blocks at offset 25100288
10-23 23:55:09.088   189   189 D vold    : Copying 8 blocks at offset 25133056
10-23 23:55:09.088   189   189 D vold    : Copying 8 blocks at offset 25165824
10-23 23:55:09.088   189   189 D vold    : Copying 8 blocks at offset 25198592
10-23 23:55:09.088   189   189 D vold    : Copying 8 blocks at offset 25231360
10-23 23:55:09.088   189   189 D vold    : Copying 8 blocks at offset 25264128
10-23 23:55:09.088   189   189 D vold    : Copying 8 blocks at offset 25296896
10-23 23:55:09.088   189   189 D vold    : Copying 8 blocks at offset 25329664
10-23 23:55:09.089   189   189 D vold    : Copying 8 blocks at offset 25362432
10-23 23:55:09.089   189   189 D vold    : Copying 8 blocks at offset 25395200
10-23 23:55:09.089   189   189 D vold    : Copying 8 blocks at offset 25427968
10-23 23:55:09.089   189   189 D vold    : Copying 8 blocks at offset 25460736
10-23 23:55:09.089   189   189 D vold    : Copying 8 blocks at offset 25493504
10-23 23:55:09.089   189   189 D vold    : Copying 8 blocks at offset 25526272
10-23 23:55:09.089   189   189 D vold    : Copying 8 blocks at offset 25559040
10-23 23:55:09.089   189   189 D vold    : Copying 8 blocks at offset 25591808
10-23 23:55:09.089   189   189 D vold    : Copying 8 blocks at offset 25624576
10-23 23:55:09.092   189   189 D vold    : Copying 8 blocks at offset 25657344
10-23 23:55:09.093   189   189 D vold    : Copying 8 blocks at offset 25690112
10-23 23:55:09.093   189   189 D vold    : Copying 8 blocks at offset 25722880
10-23 23:55:09.093   189   189 D vold    : Copying 8 blocks at offset 25755648
10-23 23:55:09.093   189   189 D vold    : Copying 8 blocks at offset 25788416
10-23 23:55:09.093   189   189 D vold    : Copying 8 blocks at offset 25821184
10-23 23:55:09.093   189   189 D vold    : Copying 8 blocks at offset 25853952
10-23 23:55:09.093   189   189 D vold    : Copying 8 blocks at offset 25886720
10-23 23:55:09.094   189   189 D vold    : Copying 8 blocks at offset 25919488
10-23 23:55:09.094   189   189 D vold    : Copying 8 blocks at offset 25952256
10-23 23:55:09.094   189   189 D vold    : Copying 8 blocks at offset 25985024
10-23 23:55:09.094   189   189 D vold    : Copying 8 blocks at offset 26017792
10-23 23:55:09.094   189   189 D vold    : Copying 8 blocks at offset 26050560
10-23 23:55:09.094   189   189 D vold    : Copying 8 blocks at offset 26083328
10-23 23:55:09.094   189   189 D vold    : Copying 8 blocks at offset 26116096
10-23 23:55:09.094   189   189 D vold    : Copying 8 blocks at offset 26148864
10-23 23:55:09.094   189   189 D vold    : Copying 8 blocks at offset 26181632
10-23 23:55:09.094   189   189 D vold    : Copying 8 blocks at offset 26214400
10-23 23:55:09.094   189   189 D vold    : Copying 8 blocks at offset 26247168
10-23 23:55:09.094   189   189 D vold    : Copying 8 blocks at offset 26279936
10-23 23:55:09.094   189   189 D vold    : Copying 8 blocks at offset 26312704
10-23 23:55:09.095   189   189 D vold    : Copying 8 blocks at offset 26345472
10-23 23:55:09.095   189   189 D vold    : Copying 8 blocks at offset 26378240
10-23 23:55:09.095   189   189 D vold    : Copying 8 blocks at offset 26411008
10-23 23:55:09.095   189   189 D vold    : Copying 8 blocks at offset 26443776
10-23 23:55:09.095   189   189 D vold    : Copying 8 blocks at offset 26476544
10-23 23:55:09.095   189   189 D vold    : Copying 8 blocks at offset 26509312
10-23 23:55:09.095   189   189 D vold    : Copying 8 blocks at offset 26542080
10-23 23:55:09.095   189   189 D vold    : Copying 8 blocks at offset 26574848
10-23 23:55:09.095   189   189 D vold    : Copying 8 blocks at offset 26607616
10-23 23:55:09.095   189   189 D vold    : Copying 8 blocks at offset 26640384
10-23 23:55:09.095   189   189 D vold    : Copying 8 blocks at offset 26673152
10-23 23:55:09.095     0     0 I init    : [libfs_mgr]superblock s_max_mnt_count:65535,/dev/block/vdc
10-23 23:55:09.097   189   189 D vold    : Copying 8 blocks at offset 26705920
10-23 23:55:09.097   189   189 D vold    : Copying 8 blocks at offset 26738688
10-23 23:55:09.097   189   189 D vold    : Copying 8 blocks at offset 26771456
10-23 23:55:09.097   189   189 D vold    : Copying 8 blocks at offset 26804224
10-23 23:55:09.097   189   189 D vold    : Copying 8 blocks at offset 26836992
10-23 23:55:09.098   189   189 D vold    : Copying 8 blocks at offset 26869760
10-23 23:55:09.098   189   189 D vold    : Copying 8 blocks at offset 26902528
10-23 23:55:09.098   189   189 D vold    : Copying 8 blocks at offset 26935296
10-23 23:55:09.098   189   189 D vold    : Copying 8 blocks at offset 26968064
10-23 23:55:09.098   189   189 D vold    : Copying 8 blocks at offset 27000832
10-23 23:55:09.098   189   189 D vold    : Copying 8 blocks at offset 27033600
10-23 23:55:09.098   189   189 D vold    : Copying 8 blocks at offset 27066368
10-23 23:55:09.098   189   189 D vold    : Copying 8 blocks at offset 27099136
10-23 23:55:09.098     0     0 W init    : [libfs_mgr]Reserved blocks 32768 is too large; capping to 31457
10-23 23:55:09.098   189   189 D vold    : Copying 8 blocks at offset 27131904
10-23 23:55:09.098   189   189 D vold    : Copying 8 blocks at offset 27164672
10-23 23:55:09.098   189   189 D vold    : Copying 8 blocks at offset 27197440
10-23 23:55:09.099   189   189 D vold    : Copying 8 blocks at offset 27230208
10-23 23:55:09.099   189   189 D vold    : Copying 8 blocks at offset 27262976
10-23 23:55:09.099   189   189 D vold    : Copying 8 blocks at offset 27295744
10-23 23:55:09.099   189   189 D vold    : Copying 8 blocks at offset 27328512
10-23 23:55:09.099   189   189 D vold    : Copying 8 blocks at offset 27361280
10-23 23:55:09.099   189   189 D vold    : Copying 8 blocks at offset 27394048
10-23 23:55:09.099   189   189 D vold    : Copying 8 blocks at offset 27426816
10-23 23:55:09.099   189   189 D vold    : Copying 8 blocks at offset 27459584
10-23 23:55:09.099   189   189 D vold    : Copying 8 blocks at offset 27492352
10-23 23:55:09.099   189   189 D vold    : Copying 8 blocks at offset 27525120
10-23 23:55:09.099   189   189 D vold    : Copying 8 blocks at offset 27557888
10-23 23:55:09.100   189   189 D vold    : Copying 8 blocks at offset 27590656
10-23 23:55:09.100   189   189 D vold    : Copying 8 blocks at offset 27623424
10-23 23:55:09.101     0     0 I init    : [libfs_mgr]Setting reserved block count on /dev/block/vdc to 31457
10-23 23:55:09.106   189   189 D vold    : Copying 8 blocks at offset 27656192
10-23 23:55:09.106   189   189 D vold    : Copying 8 blocks at offset 27688960
10-23 23:55:09.107   189   189 D vold    : Copying 8 blocks at offset 27721728
10-23 23:55:09.107   189   189 D vold    : Copying 8 blocks at offset 27754496
10-23 23:55:09.108   189   189 D vold    : Copying 8 blocks at offset 27787264
10-23 23:55:09.108   189   189 D vold    : Copying 8 blocks at offset 27820032
10-23 23:55:09.108   189   189 D vold    : Copying 8 blocks at offset 27852800
10-23 23:55:09.108   189   189 D vold    : Copying 8 blocks at offset 27885568
10-23 23:55:09.108   189   189 D vold    : Copying 8 blocks at offset 27918336
10-23 23:55:09.108   189   189 D vold    : Copying 8 blocks at offset 27951104
10-23 23:55:09.108   189   189 D vold    : Copying 8 blocks at offset 27983872
10-23 23:55:09.108   189   189 D vold    : Copying 8 blocks at offset 28016640
10-23 23:55:09.108   189   189 D vold    : Copying 8 blocks at offset 28049408
10-23 23:55:09.108   189   189 D vold    : Copying 8 blocks at offset 28082176
10-23 23:55:09.108   189   189 D vold    : Copying 8 blocks at offset 28114944
10-23 23:55:09.108   189   189 D vold    : Copying 8 blocks at offset 28147712
10-23 23:55:09.108   189   189 D vold    : Copying 8 blocks at offset 28180480
10-23 23:55:09.108   189   189 D vold    : Copying 8 blocks at offset 28213248
10-23 23:55:09.108   189   189 D vold    : Copying 8 blocks at offset 28246016
10-23 23:55:09.108   189   189 D vold    : Copying 8 blocks at offset 28278784
10-23 23:55:09.109   189   189 D vold    : Copying 8 blocks at offset 28311552
10-23 23:55:09.109   189   189 D vold    : Copying 8 blocks at offset 28344320
10-23 23:55:09.109   189   189 D vold    : Copying 8 blocks at offset 28377088
10-23 23:55:09.109   189   189 D vold    : Copying 8 blocks at offset 28409856
10-23 23:55:09.109   189   189 D vold    : Copying 8 blocks at offset 28442624
10-23 23:55:09.109   189   189 D vold    : Copying 8 blocks at offset 28475392
10-23 23:55:09.109   189   189 D vold    : Copying 8 blocks at offset 28508160
10-23 23:55:09.109   189   189 D vold    : Copying 8 blocks at offset 28540928
10-23 23:55:09.109   189   189 D vold    : Copying 8 blocks at offset 28573696
10-23 23:55:09.109   189   189 D vold    : Copying 8 blocks at offset 28606464
10-23 23:55:09.109   189   189 D vold    : Copying 8 blocks at offset 28639232
10-23 23:55:09.109   189   189 D vold    : Copying 8 blocks at offset 28672000
10-23 23:55:09.109   189   189 D vold    : Copying 8 blocks at offset 28704768
10-23 23:55:09.109   189   189 D vold    : Copying 8 blocks at offset 28737536
10-23 23:55:09.109   189   189 D vold    : Copying 8 blocks at offset 28770304
10-23 23:55:09.110   189   189 D vold    : Copying 8 blocks at offset 28803072
10-23 23:55:09.111   189   189 D vold    : Copying 8 blocks at offset 28835840
10-23 23:55:09.111   189   189 D vold    : Copying 8 blocks at offset 28868608
10-23 23:55:09.111   189   189 D vold    : Copying 8 blocks at offset 28901376
10-23 23:55:09.111   189   189 D vold    : Copying 8 blocks at offset 28934144
10-23 23:55:09.111   189   189 D vold    : Copying 8 blocks at offset 28966912
10-23 23:55:09.111   189   189 D vold    : Copying 8 blocks at offset 28999680
10-23 23:55:09.111   189   189 D vold    : Copying 8 blocks at offset 29032448
10-23 23:55:09.111   189   189 D vold    : Copying 8 blocks at offset 29065216
10-23 23:55:09.111   189   189 D vold    : Copying 8 blocks at offset 29097984
10-23 23:55:09.111   189   189 D vold    : Copying 8 blocks at offset 29130752
10-23 23:55:09.111   189   189 D vold    : Copying 8 blocks at offset 29163520
10-23 23:55:09.111   189   189 D vold    : Copying 8 blocks at offset 29196288
10-23 23:55:09.111   189   189 D vold    : Copying 8 blocks at offset 29229056
10-23 23:55:09.111   189   189 D vold    : Copying 8 blocks at offset 29261824
10-23 23:55:09.111   189   189 D vold    : Copying 8 blocks at offset 29294592
10-23 23:55:09.112   189   189 D vold    : Copying 8 blocks at offset 29327360
10-23 23:55:09.112   189   189 D vold    : Copying 8 blocks at offset 29360128
10-23 23:55:09.112   189   189 D vold    : Copying 8 blocks at offset 29392896
10-23 23:55:09.112   189   189 D vold    : Copying 8 blocks at offset 29425664
10-23 23:55:09.112   189   189 D vold    : Copying 8 blocks at offset 29458432
10-23 23:55:09.112   189   189 D vold    : Copying 8 blocks at offset 29491200
10-23 23:55:09.112   189   189 D vold    : Copying 8 blocks at offset 29523968
10-23 23:55:09.112   189   189 D vold    : Copying 8 blocks at offset 29556736
10-23 23:55:09.112   189   189 D vold    : Copying 8 blocks at offset 29589504
10-23 23:55:09.112   189   189 D vold    : Copying 8 blocks at offset 29622272
10-23 23:55:09.112   189   189 D vold    : Copying 8 blocks at offset 29655040
10-23 23:55:09.112   189   189 D vold    : Copying 8 blocks at offset 29687808
10-23 23:55:09.112   189   189 D vold    : Copying 8 blocks at offset 29720576
10-23 23:55:09.112   189   189 D vold    : Copying 8 blocks at offset 29753344
10-23 23:55:09.112   189   189 D vold    : Copying 8 blocks at offset 29786112
10-23 23:55:09.112   189   189 D vold    : Copying 8 blocks at offset 29818880
10-23 23:55:09.113   189   189 D vold    : Copying 8 blocks at offset 29851648
10-23 23:55:09.114   189   189 D vold    : Copying 8 blocks at offset 29884416
10-23 23:55:09.114   189   189 D vold    : Copying 8 blocks at offset 29917184
10-23 23:55:09.114   189   189 D vold    : Copying 8 blocks at offset 29949952
10-23 23:55:09.114   189   189 D vold    : Copying 8 blocks at offset 29982720
10-23 23:55:09.114   189   189 D vold    : Copying 8 blocks at offset 30015488
10-23 23:55:09.114   189   189 D vold    : Copying 8 blocks at offset 30048256
10-23 23:55:09.114   189   189 D vold    : Copying 8 blocks at offset 30081024
10-23 23:55:09.114   189   189 D vold    : Copying 8 blocks at offset 30113792
10-23 23:55:09.114   189   189 D vold    : Copying 8 blocks at offset 30146560
10-23 23:55:09.114   189   189 D vold    : Copying 8 blocks at offset 30179328
10-23 23:55:09.114   189   189 D vold    : Copying 8 blocks at offset 30212096
10-23 23:55:09.114   189   189 D vold    : Copying 8 blocks at offset 30244864
10-23 23:55:09.114   189   189 D vold    : Copying 8 blocks at offset 30277632
10-23 23:55:09.115   189   189 D vold    : Copying 8 blocks at offset 30310400
10-23 23:55:09.115   189   189 D vold    : Copying 8 blocks at offset 30343168
10-23 23:55:09.115   189   189 D vold    : Copying 8 blocks at offset 30375936
10-23 23:55:09.115   189   189 D vold    : Copying 8 blocks at offset 30408704
10-23 23:55:09.115   189   189 D vold    : Copying 8 blocks at offset 30441472
10-23 23:55:09.115   189   189 D vold    : Copying 8 blocks at offset 30474240
10-23 23:55:09.115   189   189 D vold    : Copying 8 blocks at offset 30507008
10-23 23:55:09.115   189   189 D vold    : Copying 8 blocks at offset 30539776
10-23 23:55:09.115   189   189 D vold    : Copying 8 blocks at offset 30572544
10-23 23:55:09.115   189   189 D vold    : Copying 8 blocks at offset 30605312
10-23 23:55:09.115   189   189 D vold    : Copying 8 blocks at offset 30638080
10-23 23:55:09.115   189   189 D vold    : Copying 8 blocks at offset 30670848
10-23 23:55:09.115   189   189 D vold    : Copying 8 blocks at offset 30703616
10-23 23:55:09.115   189   189 D vold    : Copying 8 blocks at offset 30736384
10-23 23:55:09.115   189   189 D vold    : Copying 8 blocks at offset 30769152
10-23 23:55:09.125     0     0 I tune2fs : tune2fs 1.45.4 (23-Sep-2019)
10-23 23:55:09.130   189   189 D vold    : Copying 8 blocks at offset 30801920
10-23 23:55:09.130   189   189 D vold    : Copying 8 blocks at offset 30834688
10-23 23:55:09.130   189   189 D vold    : Copying 8 blocks at offset 30867456
10-23 23:55:09.130   189   189 D vold    : Copying 8 blocks at offset 30900224
10-23 23:55:09.130   189   189 D vold    : Copying 8 blocks at offset 30932992
10-23 23:55:09.131   189   189 D vold    : Copying 8 blocks at offset 30965760
10-23 23:55:09.131   189   189 D vold    : Copying 8 blocks at offset 30998528
10-23 23:55:09.131   189   189 D vold    : Copying 8 blocks at offset 31031296
10-23 23:55:09.132   189   189 D vold    : Copying 8 blocks at offset 31064064
10-23 23:55:09.132   189   189 D vold    : Copying 8 blocks at offset 31096832
10-23 23:55:09.132   189   189 D vold    : Copying 8 blocks at offset 31129600
10-23 23:55:09.132   189   189 D vold    : Copying 8 blocks at offset 31162368
10-23 23:55:09.132   189   189 D vold    : Copying 8 blocks at offset 31195136
10-23 23:55:09.132   189   189 D vold    : Copying 8 blocks at offset 31227904
10-23 23:55:09.132   189   189 D vold    : Copying 8 blocks at offset 31260672
10-23 23:55:09.132   189   189 D vold    : Copying 8 blocks at offset 31293440
10-23 23:55:09.132   189   189 D vold    : Copying 8 blocks at offset 31326208
10-23 23:55:09.132   189   189 D vold    : Copying 8 blocks at offset 31358976
10-23 23:55:09.132   189   189 D vold    : Copying 8 blocks at offset 31391744
10-23 23:55:09.132   189   189 D vold    : Copying 8 blocks at offset 31424512
10-23 23:55:09.133   189   189 D vold    : Copying 8 blocks at offset 31457280
10-23 23:55:09.133   189   189 D vold    : Copying 8 blocks at offset 31490048
10-23 23:55:09.133   189   189 D vold    : Copying 8 blocks at offset 31522816
10-23 23:55:09.133   189   189 D vold    : Copying 8 blocks at offset 31555584
10-23 23:55:09.133   189   189 D vold    : Copying 8 blocks at offset 31588352
10-23 23:55:09.133   189   189 D vold    : Copying 8 blocks at offset 31621120
10-23 23:55:09.133   189   189 D vold    : Copying 8 blocks at offset 31653888
10-23 23:55:09.133   189   189 D vold    : Copying 8 blocks at offset 31686656
10-23 23:55:09.133   189   189 D vold    : Copying 8 blocks at offset 31719424
10-23 23:55:09.133   189   189 D vold    : Copying 8 blocks at offset 31752192
10-23 23:55:09.134   189   189 D vold    : Copying 8 blocks at offset 31784960
10-23 23:55:09.134   189   189 D vold    : Copying 8 blocks at offset 31817728
10-23 23:55:09.134   189   189 D vold    : Copying 8 blocks at offset 31850496
10-23 23:55:09.134   189   189 D vold    : Copying 8 blocks at offset 31883264
10-23 23:55:09.134   189   189 D vold    : Copying 8 blocks at offset 31916032
10-23 23:55:09.134   189   189 D vold    : Copying 8 blocks at offset 31948800
10-23 23:55:09.134   189   189 D vold    : Copying 8 blocks at offset 31981568
10-23 23:55:09.136   189   189 D vold    : Copying 8 blocks at offset 32014336
10-23 23:55:09.136   189   189 D vold    : Copying 8 blocks at offset 32047104
10-23 23:55:09.136   189   189 D vold    : Copying 8 blocks at offset 32079872
10-23 23:55:09.137   189   189 D vold    : Copying 8 blocks at offset 32112640
10-23 23:55:09.137   189   189 D vold    : Copying 8 blocks at offset 32145408
10-23 23:55:09.137   189   189 D vold    : Copying 8 blocks at offset 32178176
10-23 23:55:09.137   189   189 D vold    : Copying 8 blocks at offset 32210944
10-23 23:55:09.141     0     0 I tune2fs : Setting reserved blocks gid to 1065
10-23 23:55:09.143     0     0 I tune2fs : Setting reserved blocks count to 31457
10-23 23:55:09.149   189   189 D vold    : Copying 8 blocks at offset 32243712
10-23 23:55:09.149   189   189 D vold    : Copying 8 blocks at offset 32276480
10-23 23:55:09.149   189   189 D vold    : Copying 8 blocks at offset 32309248
10-23 23:55:09.149   189   189 D vold    : Copying 8 blocks at offset 32342016
10-23 23:55:09.149   189   189 D vold    : Copying 8 blocks at offset 32374784
10-23 23:55:09.149   189   189 D vold    : Copying 8 blocks at offset 32407552
10-23 23:55:09.149   189   189 D vold    : Copying 8 blocks at offset 32440320
10-23 23:55:09.149   189   189 D vold    : Copying 8 blocks at offset 32473088
10-23 23:55:09.152   189   189 D vold    : Copying 8 blocks at offset 32505856
10-23 23:55:09.155   189   189 D vold    : Copying 8 blocks at offset 32538624
10-23 23:55:09.155   189   189 D vold    : Copying 8 blocks at offset 32571392
10-23 23:55:09.155   189   189 D vold    : Copying 8 blocks at offset 32604160
10-23 23:55:09.155     0     0 I init    : [libfs_mgr]Enabling ext4 flags encrypt on /dev/block/vdc
10-23 23:55:09.155   189   189 D vold    : Copying 8 blocks at offset 32636928
10-23 23:55:09.155   189   189 D vold    : Copying 8 blocks at offset 32669696
10-23 23:55:09.155   189   189 D vold    : Copying 8 blocks at offset 32702464
10-23 23:55:09.155   189   189 D vold    : Copying 8 blocks at offset 32735232
10-23 23:55:09.159   189   189 D vold    : Copying 8 blocks at offset 32768000
10-23 23:55:09.159   189   189 D vold    : Copying 8 blocks at offset 32800768
10-23 23:55:09.159   189   189 D vold    : Copying 8 blocks at offset 32833536
10-23 23:55:09.160   189   189 D vold    : Copying 8 blocks at offset 32866304
10-23 23:55:09.160   189   189 D vold    : Copying 8 blocks at offset 32899072
10-23 23:55:09.160   189   189 D vold    : Copying 8 blocks at offset 32931840
10-23 23:55:09.160   189   189 D vold    : Copying 8 blocks at offset 32964608
10-23 23:55:09.160   189   189 D vold    : Copying 8 blocks at offset 32997376
10-23 23:55:09.161   189   189 D vold    : Copying 8 blocks at offset 33030144
10-23 23:55:09.163   189   189 D vold    : Copying 8 blocks at offset 33062912
10-23 23:55:09.163   189   189 D vold    : Copying 8 blocks at offset 33095680
10-23 23:55:09.163   189   189 D vold    : Copying 8 blocks at offset 33128448
10-23 23:55:09.163   189   189 D vold    : Copying 8 blocks at offset 33161216
10-23 23:55:09.163   189   189 D vold    : Copying 8 blocks at offset 33193984
10-23 23:55:09.164   189   189 D vold    : Copying 8 blocks at offset 33226752
10-23 23:55:09.164   189   189 D vold    : Copying 8 blocks at offset 33259520
10-23 23:55:09.164   189   189 D vold    : Copying 8 blocks at offset 33292288
10-23 23:55:09.167     0     0 I tune2fs : tune2fs 1.45.4 (23-Sep-2019)
10-23 23:55:09.170   189   189 D vold    : Copying 8 blocks at offset 33325056
10-23 23:55:09.170   189   189 D vold    : Copying 8 blocks at offset 33357824
10-23 23:55:09.170   189   189 D vold    : Copying 8 blocks at offset 33390592
10-23 23:55:09.170   189   189 D vold    : Copying 8 blocks at offset 33423360
10-23 23:55:09.170   189   189 D vold    : Copying 8 blocks at offset 33456128
10-23 23:55:09.170   189   189 D vold    : Copying 8 blocks at offset 33488896
10-23 23:55:09.170   189   189 D vold    : Copying 8 blocks at offset 33521664
10-23 23:55:09.171     0     0 I init    : [libfs_mgr]Enabling ext4 verity on /dev/block/vdc
10-23 23:55:09.171   189   189 D vold    : Copying 8 blocks at offset 33554432
10-23 23:55:09.172   189   189 D vold    : Copying 8 blocks at offset 33587200
10-23 23:55:09.172   189   189 D vold    : Copying 8 blocks at offset 33619968
10-23 23:55:09.172   189   189 D vold    : Copying 8 blocks at offset 33652736
10-23 23:55:09.172   189   189 D vold    : Copying 8 blocks at offset 33685504
10-23 23:55:09.172   189   189 D vold    : Copying 8 blocks at offset 33718272
10-23 23:55:09.172   189   189 D vold    : Copying 8 blocks at offset 33751040
10-23 23:55:09.172   189   189 D vold    : Copying 8 blocks at offset 33783808
10-23 23:55:09.174   189   189 D vold    : Copying 8 blocks at offset 33816576
10-23 23:55:09.174   189   189 D vold    : Copying 8 blocks at offset 33849344
10-23 23:55:09.174   189   189 D vold    : Copying 8 blocks at offset 33882112
10-23 23:55:09.174   189   189 D vold    : Copying 8 blocks at offset 33914880
10-23 23:55:09.174   189   189 D vold    : Copying 8 blocks at offset 33947648
10-23 23:55:09.174   189   189 D vold    : Copying 8 blocks at offset 33980416
10-23 23:55:09.174   189   189 D vold    : Copying 8 blocks at offset 34013184
10-23 23:55:09.174   189   189 D vold    : Copying 8 blocks at offset 34045952
10-23 23:55:09.184     0     0 I tune2fs : tune2fs 1.45.4 (23-Sep-2019)
10-23 23:55:09.185   189   189 D vold    : Copying 8 blocks at offset 34078720
10-23 23:55:09.186   189   189 D vold    : Copying 8 blocks at offset 34111488
10-23 23:55:09.186   189   189 D vold    : Copying 8 blocks at offset 34144256
10-23 23:55:09.186   189   189 D vold    : Copying 8 blocks at offset 34177024
10-23 23:55:09.186   189   189 D vold    : Copying 8 blocks at offset 34209792
10-23 23:55:09.186   189   189 D vold    : Copying 8 blocks at offset 34242560
10-23 23:55:09.186   189   189 D vold    : Copying 8 blocks at offset 34275328
10-23 23:55:09.186   189   189 D vold    : Copying 8 blocks at offset 34308096
10-23 23:55:09.186   189   189 D vold    : Copying 8 blocks at offset 34340864
10-23 23:55:09.186   189   189 D vold    : Copying 8 blocks at offset 34373632
10-23 23:55:09.186   189   189 D vold    : Copying 8 blocks at offset 34406400
10-23 23:55:09.186   189   189 D vold    : Copying 8 blocks at offset 34439168
10-23 23:55:09.187   189   189 D vold    : Copying 8 blocks at offset 34471936
10-23 23:55:09.187   189   189 D vold    : Copying 8 blocks at offset 34504704
10-23 23:55:09.187   189   189 D vold    : Copying 8 blocks at offset 34537472
10-23 23:55:09.187   189   189 D vold    : Copying 8 blocks at offset 34570240
10-23 23:55:09.187   189   189 D vold    : Copying 8 blocks at offset 34603008
10-23 23:55:09.187   189   189 D vold    : Copying 8 blocks at offset 34635776
10-23 23:55:09.187   189   189 D vold    : Copying 8 blocks at offset 34668544
10-23 23:55:09.187   189   189 D vold    : Copying 8 blocks at offset 34701312
10-23 23:55:09.187   189   189 D vold    : Copying 8 blocks at offset 34734080
10-23 23:55:09.187   189   189 D vold    : Copying 8 blocks at offset 34766848
10-23 23:55:09.187   189   189 D vold    : Copying 8 blocks at offset 34799616
10-23 23:55:09.187   189   189 D vold    : Copying 8 blocks at offset 34832384
10-23 23:55:09.188     0     0 I init    : [libfs_mgr]Enabling ext4 casefold on /dev/block/vdc
10-23 23:55:09.188   189   189 D vold    : Copying 8 blocks at offset 34865152
10-23 23:55:09.188   189   189 D vold    : Copying 8 blocks at offset 34897920
10-23 23:55:09.188   189   189 D vold    : Copying 8 blocks at offset 34930688
10-23 23:55:09.188   189   189 D vold    : Copying 8 blocks at offset 34963456
10-23 23:55:09.188   189   189 D vold    : Copying 8 blocks at offset 34996224
10-23 23:55:09.188   189   189 D vold    : Copying 8 blocks at offset 35028992
10-23 23:55:09.188   189   189 D vold    : Copying 8 blocks at offset 35061760
10-23 23:55:09.188   189   189 D vold    : Copying 8 blocks at offset 35094528
10-23 23:55:09.188   189   189 D vold    : Copying 8 blocks at offset 35127296
10-23 23:55:09.190   189   189 D vold    : Copying 8 blocks at offset 35160064
10-23 23:55:09.190   189   189 D vold    : Copying 8 blocks at offset 35192832
10-23 23:55:09.190   189   189 D vold    : Copying 8 blocks at offset 35225600
10-23 23:55:09.191   189   189 D vold    : Copying 8 blocks at offset 35258368
10-23 23:55:09.191   189   189 D vold    : Copying 8 blocks at offset 35291136
10-23 23:55:09.191   189   189 D vold    : Copying 8 blocks at offset 35323904
10-23 23:55:09.191   189   189 D vold    : Copying 8 blocks at offset 35356672
10-23 23:55:09.191   189   189 D vold    : Copying 8 blocks at offset 35389440
10-23 23:55:09.191   189   189 D vold    : Copying 8 blocks at offset 35422208
10-23 23:55:09.191   189   189 D vold    : Copying 8 blocks at offset 35454976
10-23 23:55:09.191   189   189 D vold    : Copying 8 blocks at offset 35487744
10-23 23:55:09.192   189   189 D vold    : Copying 8 blocks at offset 35520512
10-23 23:55:09.192   189   189 D vold    : Copying 8 blocks at offset 35553280
10-23 23:55:09.192   189   189 D vold    : Copying 8 blocks at offset 35586048
10-23 23:55:09.192   189   189 D vold    : Copying 8 blocks at offset 35618816
10-23 23:55:09.192   189   189 D vold    : Copying 8 blocks at offset 35651584
10-23 23:55:09.192   189   189 D vold    : Copying 8 blocks at offset 35684352
10-23 23:55:09.192   189   189 D vold    : Copying 8 blocks at offset 35717120
10-23 23:55:09.192   189   189 D vold    : Copying 8 blocks at offset 35749888
10-23 23:55:09.195   189   189 D vold    : Copying 8 blocks at offset 35782656
10-23 23:55:09.195   189   189 D vold    : Copying 8 blocks at offset 35815424
10-23 23:55:09.195   189   189 D vold    : Copying 8 blocks at offset 35848192
10-23 23:55:09.195   189   189 D vold    : Copying 8 blocks at offset 35880960
10-23 23:55:09.196   189   189 D vold    : Copying 8 blocks at offset 35913728
10-23 23:55:09.196   189   189 D vold    : Copying 8 blocks at offset 35946496
10-23 23:55:09.196   189   189 D vold    : Copying 8 blocks at offset 35979264
10-23 23:55:09.196   189   189 D vold    : Copying 8 blocks at offset 36012032
10-23 23:55:09.199   189   189 D vold    : Copying 8 blocks at offset 36044800
10-23 23:55:09.199   189   189 D vold    : Copying 8 blocks at offset 36077568
10-23 23:55:09.199   189   189 D vold    : Copying 8 blocks at offset 36110336
10-23 23:55:09.199   189   189 D vold    : Copying 8 blocks at offset 36143104
10-23 23:55:09.201     0     0 I tune2fs : tune2fs 1.45.4 (23-Sep-2019)
10-23 23:55:09.201   189   189 D vold    : Copying 8 blocks at offset 36175872
10-23 23:55:09.202   189   189 D vold    : Copying 8 blocks at offset 36208640
10-23 23:55:09.202   189   189 D vold    : Copying 8 blocks at offset 36241408
10-23 23:55:09.202   189   189 D vold    : Copying 8 blocks at offset 36274176
10-23 23:55:09.203   189   189 D vold    : Copying 8 blocks at offset 36306944
10-23 23:55:09.203   189   189 D vold    : Copying 8 blocks at offset 36339712
10-23 23:55:09.203   189   189 D vold    : Copying 8 blocks at offset 36372480
10-23 23:55:09.203   189   189 D vold    : Copying 8 blocks at offset 36405248
10-23 23:55:09.203   189   189 D vold    : Copying 8 blocks at offset 36438016
10-23 23:55:09.203   189   189 D vold    : Copying 8 blocks at offset 36470784
10-23 23:55:09.203   189   189 D vold    : Copying 8 blocks at offset 36503552
10-23 23:55:09.203   189   189 D vold    : Copying 8 blocks at offset 36536320
10-23 23:55:09.204   189   189 D vold    : Copying 8 blocks at offset 36569088
10-23 23:55:09.204   189   189 D vold    : Copying 8 blocks at offset 36601856
10-23 23:55:09.204   189   189 D vold    : Copying 8 blocks at offset 36634624
10-23 23:55:09.204   189   189 D vold    : Copying 8 blocks at offset 36667392
10-23 23:55:09.204   189   189 D vold    : Copying 8 blocks at offset 36700160
10-23 23:55:09.204   189   189 D vold    : Copying 8 blocks at offset 36732928
10-23 23:55:09.205   189   189 D vold    : Copying 8 blocks at offset 36765696
10-23 23:55:09.205   189   189 D vold    : Copying 8 blocks at offset 36798464
