10-23 23:55:08.629     0     0 I init    : Command 'write /dev/blkio/background/blkio.group_idle 0' action=init (/system/etc/init/hw/init.rc:167) took 0ms and failed: Unable to write to file '/dev/blkio/background/blkio.group_idle': open() failed: Permission denied
10-23 23:55:08.638     0     0 I init    : Command 'write /dev/cpuctl/cpu.rt_period_us 1000000' action=init (/system/etc/init/hw/init.rc:271) took 0ms and failed: Unable to write to file '/dev/cpuctl/cpu.rt_period_us': open() failed: Permission denied
10-23 23:55:08.643     0     0 I init    : Command 'write /dev/cpuctl/cpu.rt_runtime_us 950000' action=init (/system/etc/init/hw/init.rc:272) took 0ms and failed: Unable to write to file '/dev/cpuctl/cpu.rt_runtime_us': open() failed: Permission denied
10-23 23:55:08.678     0     0 I init    : Command 'write /dev/cpu_variant:${ro.bionic.arch} ${ro.bionic.cpu_variant}' action=init (/system/etc/init/hw/init.rc:382) took 0ms and failed: property 'ro.bionic.cpu_variant' doesn't exist while expanding '${ro.bionic.cpu_variant}'
10-23 23:55:08.682     0     0 I init    : Command 'write /dev/cpu_variant:${ro.bionic.2nd_arch} ${ro.bionic.2nd_cpu_variant}' action=init (/system/etc/init/hw/init.rc:384) took 0ms and failed: property 'ro.bionic.2nd_arch' doesn't exist while expanding '/dev/cpu_variant:${ro.bionic.2nd_arch}'
10-23 23:55:08.685     0     0 I init    : Command 'chmod 0444 /dev/cpu_variant:${ro.bionic.2nd_arch}' action=init (/system/etc/init/hw/init.rc:385) took 0ms and failed: property 'ro.bionic.2nd_arch' doesn't exist while expanding '/dev/cpu_variant:${ro.bionic.2nd_arch}'
10-23 23:55:08.689     0     0 I init    : starting service 'logd'...
10-23 23:55:08.689     0     0 I init    : Created socket '/dev/socket/logd', mode 666, user 1036, group 1036
10-23 23:55:08.690     0     0 I init    : Created socket '/dev/socket/logdr', mode 666, user 1036, group 1036
10-23 23:55:08.692     0     0 I init    : Created socket '/dev/socket/logdw', mode 222, user 1036, group 1036
10-23 23:55:08.694     0     0 I init    : Opened file '/proc/kmsg', flags 0
10-23 23:55:08.694     0     0 I init    : Opened file '/dev/kmsg', flags 1
10-23 23:55:08.697     0     0 I init    : starting service 'lmkd'...
10-23 23:55:08.698     0     0 I init    : Created socket '/dev/socket/lmkd', mode 660, user 1000, group 1000
10-23 23:55:08.700     0     0 I init    : starting service 'servicemanager'...
10-23 23:55:08.703     0     0 I init    : starting service 'hwservicemanager'...
10-23 23:55:08.704     0     0 I init    : Command 'start vndservicemanager' action=init (/system/etc/init/hw/init.rc:409) took 0ms and failed: service vndservicemanager not found
10-23 23:55:08.707     0     0 I init    : processing action (ro.debuggable=1 && init) from (/system/etc/init/hw/init.rc:1065)
10-23 23:55:08.709     0     0 I init    : starting service 'console'...
10-23 23:55:08.709     0     0 I logd.auditd: start
10-23 23:55:08.711     0     0 I init    : processing action (init) from (/system/etc/init/hw/init.usb.rc:24)
10-23 23:55:08.713     0     0 I init    : processing action (init) from (/vendor/etc/init/hw/init.ranchu.rc:17)
10-23 23:55:08.720     0     0 I init    : starting service 'qemu-props'...
10-23 23:55:08.722     0     0 I init    : processing action (init) from (/system/etc/init/audioserver.rc:48)
10-23 23:55:08.724     0     0 I init    : processing action (MixHwrngIntoLinuxRng) from (<Builtin Action>:0)
10-23 23:55:08.738     0     0 I init    : Mixed 512 bytes from /dev/hw_random into /dev/urandom
10-23 23:55:08.740     0     0 I init    : processing action (late-init) from (/system/etc/init/hw/init.rc:427)
10-23 23:55:08.741     0     0 I init    : processing action (late-init) from (/system/etc/init/atrace.rc:3)
10-23 23:55:08.744     0     0 I init    : processing action (late-init) from (/vendor/etc/init/android.hardware.atrace@1.0-service.rc:1)
10-23 23:55:08.746     0     0 I init    : processing action (queue_property_triggers) from (<Builtin Action>:0)
10-23 23:55:08.748     0     0 I init    : processing action (early-fs) from (/system/etc/init/hw/init.rc:463)
10-23 23:55:08.750     0     0 I init    : starting service 'vold'...
10-23 23:55:08.788     0     0 I init    : processing action (early-fs) from (/vendor/etc/init/hw/init.ranchu.rc:1)
10-23 23:55:08.791     0     0 I init    : processing action (fs) from (/vendor/etc/init/hw/init.ranchu.rc:4)
10-23 23:55:08.793     0     0 I init    : starting service 'wait_for_keymaster'...
10-23 23:55:08.796     0     0 I init    : SVC_EXEC service 'wait_for_keymaster' pid 190 (uid 0 gid 0+1 context default) started; waiting...
10-23 23:55:08.815     0     0 I wait_for_keymaster: Waiting for Keymaster device
10-23 23:55:08.838     0     0 I HidlServiceManagement: getService: Trying again for android.hardware.keymaster@4.0::IKeymasterDevice/default...
10-23 23:55:08.839     0     0 I init    : starting service 'vendor.keymaster-4-1'...
10-23 23:55:08.843     0     0 I init    : Control message: Processed ctl.interface_start for 'android.hardware.keymaster@4.0::IKeymasterDevice/default' from pid: 179 (/system/bin/hwservicemanager)
10-23 23:55:08.848     0     0 I init    : Control message: Processed ctl.interface_start for 'android.hardware.keymaster@4.0::IKeymasterDevice/default' from pid: 179 (/system/bin/hwservicemanager)
10-23 23:55:08.896     0     0 I wait_for_keymaster: List of Keymaster HALs found:
10-23 23:55:08.898     0     0 I wait_for_keymaster: Keymaster HAL #1: SoftwareKeymasterDevice from Google SecurityLevel: SOFTWARE HAL: android.hardware.keymaster@4.1::IKeymasterDevice/default
10-23 23:55:08.901     0     0 D wait_for_keymaster: Computing HMAC with params { (seed: , nonce: 4e7e244385d0db2e618cc2bbfc7c83265a777d5c483433e3415fc23265f7ac36) }
10-23 23:55:08.901     0     0 D wait_for_keymaster: Computing HMAC for SoftwareKeymasterDevice from Google SecurityLevel: SOFTWARE HAL: android.hardware.keymaster@4.1::IKeymasterDevice/default
10-23 23:55:08.901     0     0 I wait_for_keymaster: Using SoftwareKeymasterDevice from Google for encryption.  Security level: SOFTWARE, HAL: android.hardware.keymaster@4.1::IKeymasterDevice/default
10-23 23:55:08.905     0     0 I wait_for_keymaster: Keymaster device ready
10-23 23:55:08.908     0     0 I init    : Service 'wait_for_keymaster' (pid 190) exited with status 0 waiting took 0.112000 seconds
10-23 23:55:08.910     0     0 I init    : Sending signal 9 to service 'wait_for_keymaster' (pid 190) process group...
10-23 23:55:08.911     0     0 I libprocessgroup: Successfully killed process cgroup uid 0 pid 190 in 0ms
10-23 23:55:08.914     0     0 I init    : [libfs_mgr]superblock s_max_mnt_count:65535,/dev/block/vdc
10-23 23:55:08.916     0     0 I init    : [libfs_mgr]Enabling quotas on /dev/block/vdc
10-23 23:55:08.929     0     0 I tune2fs : tune2fs 1.45.4 (23-Sep-2019)
10-23 23:55:08.968   189   189 D vold    : fscrypt_mount_metadata_encrypted: /data 1
10-23 23:55:08.968   189   189 D vold    : metadata_key_dir/key: /metadata/vold/metadata_encryption/key
10-23 23:55:08.971   189   189 I vold    : List of Keymaster HALs found:
10-23 23:55:08.971   189   189 I vold    : Keymaster HAL #1: SoftwareKeymasterDevice from Google SecurityLevel: SOFTWARE HAL: android.hardware.keymaster@4.1::IKeymasterDevice/default
10-23 23:55:08.971   189   189 D vold    : Computing HMAC with params { (seed: , nonce: 4e7e244385d0db2e618cc2bbfc7c83265a777d5c483433e3415fc23265f7ac36) }
10-23 23:55:08.971   189   189 D vold    : Computing HMAC for SoftwareKeymasterDevice from Google SecurityLevel: SOFTWARE HAL: android.hardware.keymaster@4.1::IKeymasterDevice/default
10-23 23:55:08.971   189   189 I vold    : Using SoftwareKeymasterDevice from Google for encryption.  Security level: SOFTWARE, HAL: android.hardware.keymaster@4.1::IKeymasterDevice/default
10-23 23:55:08.972   189   189 I vold    : Creating new key in /metadata/vold/metadata_encryption/key
10-23 23:55:08.977   189   189 I vold    : List of Keymaster HALs found:
10-23 23:55:08.977   189   189 I vold    : Keymaster HAL #1: SoftwareKeymasterDevice from Google SecurityLevel: SOFTWARE HAL: android.hardware.keymaster@4.1::IKeymasterDevice/default
10-23 23:55:08.977   189   189 I vold    : Using SoftwareKeymasterDevice from Google for encryption.  Security level: SOFTWARE, HAL: android.hardware.keymaster@4.1::IKeymasterDevice/default
10-23 23:55:08.977   189   189 D vold    : Creating key that doesn't need auth token
10-23 23:55:08.978   189   189 E vold    : generate_key failed, code -67
10-23 23:55:08.982   189   189 D vold    : Created key: /metadata/vold/metadata_encryption/key
10-23 23:55:08.984   189   189 I vold    : Beginning inplace encryption, nr_sec: 12582912
10-23 23:55:08.984   189   189 D vold    : cryptfs_enable_inplace(/dev/block/dm-5, /dev/block/vdc, 12582912, 0xffe85338, 12582912, 0, 0)
10-23 23:55:08.984   189   189 D vold    : Opening/dev/block/vdc
10-23 23:55:08.984   189   189 D vold    : Opening/dev/block/dm-5
10-23 23:55:08.985   189   189 I vold    : Encrypting ext4 filesystem in place...
10-23 23:55:08.985   189   189 I vold    : Encrypting group 0
10-23 23:55:08.985   189   189 D vold    : Copying 8 blocks at offset 0
10-23 23:55:08.985   189   189 I vold    : Encrypting from sector 0
10-23 23:55:08.985   189   189 D vold    : Copying 8 blocks at offset 32768
10-23 23:55:08.985   189   189 D vold    : Copying 8 blocks at offset 65536
10-23 23:55:08.986   189   189 D vold    : Copying 8 blocks at offset 98304
10-23 23:55:08.986   189   189 D vold    : Copying 8 blocks at offset 131072
10-23 23:55:08.987     0     0 W EXT4-fs (vdc): Ignoring removed nomblk_io_submit option
10-23 23:55:08.996     0     0 I EXT4-fs (vdc): mounted filesystem with ordered data mode. Opts: errors=remount-ro,nomblk_io_submit
10-23 23:55:08.997   189   189 D vold    : Copying 8 blocks at offset 163840
10-23 23:55:08.997   189   189 D vold    : Copying 8 blocks at offset 196608
10-23 23:55:08.997   189   189 D vold    : Copying 8 blocks at offset 229376
10-23 23:55:08.997   189   189 D vold    : Copying 8 blocks at offset 262144
10-23 23:55:08.997   189   189 D vold    : Copying 8 blocks at offset 294912
10-23 23:55:08.997   189   189 D vold    : Copying 8 blocks at offset 327680
10-23 23:55:08.997   189   189 D vold    : Copying 8 blocks at offset 360448
10-23 23:55:08.997   189   189 D vold    : Copying 8 blocks at offset 393216
10-23 23:55:08.998   189   189 D vold    : Copying 8 blocks at offset 425984
10-23 23:55:08.998   189   189 D vold    : Copying 8 blocks at offset 458752
10-23 23:55:08.998   189   189 D vold    : Copying 8 blocks at offset 491520
10-23 23:55:08.998   189   189 D vold    : Copying 8 blocks at offset 524288
10-23 23:55:08.998   189   189 D vold    : Copying 8 blocks at offset 557056
10-23 23:55:08.998   189   189 D vold    : Copying 8 blocks at offset 589824
10-23 23:55:08.998   189   189 D vold    : Copying 8 blocks at offset 622592
10-23 23:55:08.998   189   189 D vold    : Copying 8 blocks at offset 655360
10-23 23:55:08.998   189   189 D vold    : Copying 8 blocks at offset 688128
10-23 23:55:08.998   189   189 D vold    : Copying 8 blocks at offset 720896
10-23 23:55:08.998   189   189 D vold    : Copying 8 blocks at offset 753664
10-23 23:55:08.998     0     0 I init    : [libfs_mgr]check_fs(): mount(/dev/block/vdc,/data,ext4)=0: Success
10-23 23:55:08.998   189   189 D vold    : Copying 8 blocks at offset 786432
10-23 23:55:08.998   189   189 D vold    : Copying 8 blocks at offset 819200
10-23 23:55:08.998   189   189 D vold    : Copying 8 blocks at offset 851968
10-23 23:55:08.998   189   189 D vold    : Copying 8 blocks at offset 884736
10-23 23:55:08.998   189   189 D vold    : Copying 8 blocks at offset 917504
10-23 23:55:08.998   189   189 D vold    : Copying 8 blocks at offset 950272
10-23 23:55:08.998   189   189 D vold    : Copying 8 blocks at offset 983040
10-23 23:55:08.998   189   189 D vold    : Copying 8 blocks at offset 1015808
10-23 23:55:08.999   189   189 D vold    : Copying 8 blocks at offset 1048576
10-23 23:55:08.999   189   189 D vold    : Copying 8 blocks at offset 1081344
10-23 23:55:08.999   189   189 D vold    : Copying 8 blocks at offset 1114112
10-23 23:55:08.999   189   189 D vold    : Copying 8 blocks at offset 1146880
10-23 23:55:08.999   189   189 D vold    : Copying 8 blocks at offset 1179648
10-23 23:55:08.999   189   189 D vold    : Copying 8 blocks at offset 1212416
10-23 23:55:08.999   189   189 D vold    : Copying 8 blocks at offset 1245184
10-23 23:55:08.999   189   189 D vold    : Copying 8 blocks at offset 1277952
10-23 23:55:08.999   189   189 D vold    : Copying 8 blocks at offset 1310720
10-23 23:55:08.999   189   189 D vold    : Copying 8 blocks at offset 1343488
10-23 23:55:08.999   189   189 D vold    : Copying 8 blocks at offset 1376256
10-23 23:55:08.999   189   189 D vold    : Copying 8 blocks at offset 1409024
10-23 23:55:08.999   189   189 D vold    : Copying 8 blocks at offset 1441792
10-23 23:55:08.999   189   189 D vold    : Copying 8 blocks at offset 1474560
10-23 23:55:08.999   189   189 D vold    : Copying 8 blocks at offset 1507328
10-23 23:55:08.999   189   189 D vold    : Copying 8 blocks at offset 1540096
10-23 23:55:08.999   189   189 D vold    : Copying 8 blocks at offset 1572864
10-23 23:55:08.999   189   189 D vold    : Copying 8 blocks at offset 1605632
10-23 23:55:08.999   189   189 D vold    : Copying 8 blocks at offset 1638400
10-23 23:55:08.999   189   189 D vold    : Copying 8 blocks at offset 1671168
10-23 23:55:08.999   189   189 D vold    : Copying 8 blocks at offset 1703936
10-23 23:55:08.999   189   189 D vold    : Copying 8 blocks at offset 1736704
10-23 23:55:09.000   189   189 D vold    : Copying 8 blocks at offset 1769472
10-23 23:55:09.000   189   189 D vold    : Copying 8 blocks at offset 1802240
10-23 23:55:09.000   189   189 D vold    : Copying 8 blocks at offset 1835008
10-23 23:55:09.000   189   189 D vold    : Copying 8 blocks at offset 1867776
10-23 23:55:09.000   189   189 D vold    : Copying 8 blocks at offset 1900544
10-23 23:55:09.000   189   189 D vold    : Copying 8 blocks at offset 1933312
10-23 23:55:09.000   189   189 D vold    : Copying 8 blocks at offset 1966080
10-23 23:55:09.000   189   189 D vold    : Copying 8 blocks at offset 1998848
10-23 23:55:09.000   189   189 D vold    : Copying 8 blocks at offset 2031616
10-23 23:55:09.000   189   189 D vold    : Copying 8 blocks at offset 2064384
10-23 23:55:09.000   189   189 D vold    : Copying 8 blocks at offset 2097152
10-23 23:55:09.000   189   189 D vold    : Copying 8 blocks at offset 2129920
10-23 23:55:09.000   189   189 D vold    : Copying 8 blocks at offset 2162688
10-23 23:55:09.000   189   189 D vold    : Copying 8 blocks at offset 2195456
10-23 23:55:09.000   189   189 D vold    : Copying 8 blocks at offset 2228224
10-23 23:55:09.000   189   189 D vold    : Copying 8 blocks at offset 2260992
10-23 23:55:09.000   189   189 D vold    : Copying 8 blocks at offset 2293760
10-23 23:55:09.000   189   189 D vold    : Copying 8 blocks at offset 2326528
10-23 23:55:09.001   189   189 D vold    : Copying 8 blocks at offset 2359296
10-23 23:55:09.001   189   189 D vold    : Copying 8 blocks at offset 2392064
10-23 23:55:09.001   189   189 D vold    : Copying 8 blocks at offset 2424832
10-23 23:55:09.001   189   189 D vold    : Copying 8 blocks at offset 2457600
10-23 23:55:09.001   189   189 D vold    : Copying 8 blocks at offset 2490368
10-23 23:55:09.002   189   189 D vold    : Copying 8 blocks at offset 2523136
10-23 23:55:09.002   189   189 D vold    : Copying 8 blocks at offset 2555904
10-23 23:55:09.002   189   189 D vold    : Copying 8 blocks at offset 2588672
10-23 23:55:09.002   189   189 D vold    : Copying 8 blocks at offset 2621440
10-23 23:55:09.002   189   189 D vold    : Copying 8 blocks at offset 2654208
10-23 23:55:09.002   189   189 D vold    : Copying 8 blocks at offset 2686976
10-23 23:55:09.003   189   189 D vold    : Copying 8 blocks at offset 2719744
10-23 23:55:09.003   189   189 D vold    : Copying 8 blocks at offset 2752512
10-23 23:55:09.003   189   189 D vold    : Copying 8 blocks at offset 2785280
10-23 23:55:09.003   189   189 D vold    : Copying 8 blocks at offset 2818048
10-23 23:55:09.003   189   189 D vold    : Copying 8 blocks at offset 2850816
10-23 23:55:09.003   189   189 D vold    : Copying 8 blocks at offset 2883584
10-23 23:55:09.003   189   189 D vold    : Copying 8 blocks at offset 2916352
10-23 23:55:09.003   189   189 D vold    : Copying 8 blocks at offset 2949120
10-23 23:55:09.003   189   189 D vold    : Copying 8 blocks at offset 2981888
10-23 23:55:09.003   189   189 D vold    : Copying 8 blocks at offset 3014656
10-23 23:55:09.003   189   189 D vold    : Copying 8 blocks at offset 3047424
10-23 23:55:09.003   189   189 D vold    : Copying 8 blocks at offset 3080192
10-23 23:55:09.003   189   189 D vold    : Copying 8 blocks at offset 3112960
10-23 23:55:09.003   189   189 D vold    : Copying 8 blocks at offset 3145728
10-23 23:55:09.004   189   189 D vold    : Copying 8 blocks at offset 3178496
10-23 23:55:09.004   189   189 D vold    : Copying 8 blocks at offset 3211264
10-23 23:55:09.004   189   189 D vold    : Copying 8 blocks at offset 3244032
10-23 23:55:09.004   189   189 D vold    : Copying 8 blocks at offset 3276800
10-23 23:55:09.004   189   189 D vold    : Copying 8 blocks at offset 3309568
10-23 23:55:09.004   189   189 D vold    : Copying 8 blocks at offset 3342336
10-23 23:55:09.004   189   189 D vold    : Copying 8 blocks at offset 3375104
10-23 23:55:09.004   189   189 D vold    : Copying 8 blocks at offset 3407872
10-23 23:55:09.004   189   189 D vold    : Copying 8 blocks at offset 3440640
10-23 23:55:09.004   189   189 D vold    : Copying 8 blocks at offset 3473408
10-23 23:55:09.004   189   189 D vold    : Copying 8 blocks at offset 3506176
10-23 23:55:09.004   189   189 D vold    : Copying 8 blocks at offset 3538944
10-23 23:55:09.006   189   189 D vold    : Copying 8 blocks at offset 3571712
10-23 23:55:09.006   189   189 D vold    : Copying 8 blocks at offset 3604480
10-23 23:55:09.006   189   189 D vold    : Copying 8 blocks at offset 3637248
10-23 23:55:09.006   189   189 D vold    : Copying 8 blocks at offset 3670016
10-23 23:55:09.006   189   189 D vold    : Copying 8 blocks at offset 3702784
10-23 23:55:09.006   189   189 D vold    : Copying 8 blocks at offset 3735552
10-23 23:55:09.006   189   189 D vold    : Copying 8 blocks at offset 3768320
10-23 23:55:09.006   189   189 D vold    : Copying 8 blocks at offset 3801088
10-23 23:55:09.006   189   189 D vold    : Copying 8 blocks at offset 3833856
10-23 23:55:09.006   189   189 D vold    : Copying 8 blocks at offset 3866624
10-23 23:55:09.006   189   189 D vold    : Copying 8 blocks at offset 3899392
10-23 23:55:09.006   189   189 D vold    : Copying 8 blocks at offset 3932160
10-23 23:55:09.007   189   189 D vold    : Copying 8 blocks at offset 3964928
10-23 23:55:09.007   189   189 D vold    : Copying 8 blocks at offset 3997696
10-23 23:55:09.007   189   189 D vold    : Copying 8 blocks at offset 4030464
10-23 23:55:09.007   189   189 D vold    : Copying 8 blocks at offset 4063232
10-23 23:55:09.007   189   189 D vold    : Copying 8 blocks at offset 4096000
10-23 23:55:09.007   189   189 D vold    : Copying 8 blocks at offset 4128768
10-23 23:55:09.007   189   189 D vold    : Copying 8 blocks at offset 4161536
10-23 23:55:09.007   189   189 D vold    : Copying 8 blocks at offset 4194304
10-23 23:55:09.007   189   189 D vold    : Copying 8 blocks at offset 4227072
10-23 23:55:09.007   189   189 D vold    : Copying 8 blocks at offset 4259840
10-23 23:55:09.007   189   189 D vold    : Copying 8 blocks at offset 4292608
10-23 23:55:09.007   189   189 D vold    : Copying 8 blocks at offset 4325376
10-23 23:55:09.007   189   189 D vold    : Copying 8 blocks at offset 4358144
10-23 23:55:09.007   189   189 D vold    : Copying 8 blocks at offset 4390912
10-23 23:55:09.007   189   189 D vold    : Copying 8 blocks at offset 4423680
10-23 23:55:09.007   189   189 D vold    : Copying 8 blocks at offset 4456448
10-23 23:55:09.007   189   189 D vold    : Copying 8 blocks at offset 4489216
10-23 23:55:09.007   189   189 D vold    : Copying 8 blocks at offset 4521984
10-23 23:55:09.007   189   189 D vold    : Copying 8 blocks at offset 4554752
10-23 23:55:09.007   189   189 D vold    : Copying 8 blocks at offset 4587520
10-23 23:55:09.008   189   189 D vold    : Copying 8 blocks at offset 4620288
10-23 23:55:09.008   189   189 D vold    : Copying 8 blocks at offset 4653056
10-23 23:55:09.008   189   189 D vold    : Copying 8 blocks at offset 4685824
10-23 23:55:09.008   189   189 D vold    : Copying 8 blocks at offset 4718592
10-23 23:55:09.008   189   189 D vold    : Copying 8 blocks at offset 4751360
10-23 23:55:09.008   189   189 D vold    : Copying 8 blocks at offset 4784128
10-23 23:55:09.008   189   189 D vold    : Copying 8 blocks at offset 4816896
10-23 23:55:09.009   189   189 D vold    : Copying 8 blocks at offset 4849664
10-23 23:55:09.009   189   189 D vold    : Copying 8 blocks at offset 4882432
10-23 23:55:09.009   189   189 D vold    : Copying 8 blocks at offset 4915200
10-23 23:55:09.009   189   189 D vold    : Copying 8 blocks at offset 4947968
10-23 23:55:09.009   189   189 D vold    : Copying 8 blocks at offset 4980736
10-23 23:55:09.009   189   189 D vold    : Copying 8 blocks at offset 5013504
10-23 23:55:09.009   189   189 D vold    : Copying 8 blocks at offset 5046272
10-23 23:55:09.009   189   189 D vold    : Copying 8 blocks at offset 5079040
10-23 23:55:09.009   189   189 D vold    : Copying 8 blocks at offset 5111808
10-23 23:55:09.009   189   189 D vold    : Copying 8 blocks at offset 5144576
10-23 23:55:09.009   189   189 D vold    : Copying 8 blocks at offset 5177344
10-23 23:55:09.009   189   189 D vold    : Copying 8 blocks at offset 5210112
10-23 23:55:09.009   189   189 D vold    : Copying 8 blocks at offset 5242880
10-23 23:55:09.009   189   189 D vold    : Copying 8 blocks at offset 5275648
10-23 23:55:09.009   189   189 D vold    : Copying 8 blocks at offset 5308416
10-23 23:55:09.009   189   189 D vold    : Copying 8 blocks at offset 5341184
10-23 23:55:09.009   189   189 D vold    : Copying 8 blocks at offset 5373952
10-23 23:55:09.009   189   189 D vold    : Copying 8 blocks at offset 5406720
10-23 23:55:09.010   189   189 D vold    : Copying 8 blocks at offset 5439488
10-23 23:55:09.010   189   189 D vold    : Copying 8 blocks at offset 5472256
10-23 23:55:09.010   189   189 D vold    : Copying 8 blocks at offset 5505024
10-23 23:55:09.010   189   189 D vold    : Copying 8 blocks at offset 5537792
10-23 23:55:09.010   189   189 D vold    : Copying 8 blocks at offset 5570560
10-23 23:55:09.010   189   189 D vold    : Copying 8 blocks at offset 5603328
10-23 23:55:09.010   189   189 D vold    : Copying 8 blocks at offset 5636096
10-23 23:55:09.011   189   189 D vold    : Copying 8 blocks at offset 5668864
10-23 23:55:09.012   189   189 D vold    : Copying 8 blocks at offset 5701632
10-23 23:55:09.012   189   189 D vold    : Copying 8 blocks at offset 5734400
10-23 23:55:09.012   189   189 D vold    : Copying 8 blocks at offset 5767168
10-23 23:55:09.012   189   189 D vold    : Copying 8 blocks at offset 5799936
10-23 23:55:09.012   189   189 D vold    : Copying 8 blocks at offset 5832704
10-23 23:55:09.012   189   189 D vold    : Copying 8 blocks at offset 5865472
10-23 23:55:09.012   189   189 D vold    : Copying 8 blocks at offset 5898240
10-23 23:55:09.012   189   189 D vold    : Copying 8 blocks at offset 5931008
10-23 23:55:09.012   189   189 D vold    : Copying 8 blocks at offset 5963776
10-23 23:55:09.012   189   189 D vold    : Copying 8 blocks at offset 5996544
10-23 23:55:09.012   189   189 D vold    : Copying 8 blocks at offset 6029312
10-23 23:55:09.012   189   189 D vold    : Copying 8 blocks at offset 6062080
10-23 23:55:09.012   189   189 D vold    : Copying 8 blocks at offset 6094848
10-23 23:55:09.012   189   189 D vold    : Copying 8 blocks at offset 6127616
10-23 23:55:09.012   189   189 D vold    : Copying 8 blocks at offset 6160384
10-23 23:55:09.012   189   189 D vold    : Copying 8 blocks at offset 6193152
10-23 23:55:09.012   189   189 D vold    : Copying 8 blocks at offset 6225920
10-23 23:55:09.012   189   189 D vold    : Copying 8 blocks at offset 6258688
10-23 23:55:09.012   189   189 D vold    : Copying 8 blocks at offset 6291456
10-23 23:55:09.012   189   189 D vold    : Copying 8 blocks at offset 6324224
10-23 23:55:09.013   189   189 D vold    : Copying 8 blocks at offset 6356992
10-23 23:55:09.013   189   189 D vold    : Copying 8 blocks at offset 6389760
10-23 23:55:09.013   189   189 D vold    : Copying 8 blocks at offset 6422528
10-23 23:55:09.013   189   189 D vold    : Copying 8 blocks at offset 6455296
10-23 23:55:09.013   189   189 D vold    : Copying 8 blocks at offset 6488064
10-23 23:55:09.013   189   189 D vold    : Copying 8 blocks at offset 6520832
10-23 23:55:09.013   189   189 D vold    : Copying 8 blocks at offset 6553600
10-23 23:55:09.013   189   189 D vold    : Copying 8 blocks at offset 6586368
10-23 23:55:09.013   189   189 D vold    : Copying 8 blocks at offset 6619136
10-23 23:55:09.013   189   189 D vold    : Copying 8 blocks at offset 6651904
10-23 23:55:09.013   189   189 D vold    : Copying 8 blocks at offset 6684672
10-23 23:55:09.014   189   189 D vold    : Copying 8 blocks at offset 6717440
10-23 23:55:09.014   189   189 D vold    : Copying 8 blocks at offset 6750208
10-23 23:55:09.014   189   189 D vold    : Copying 8 blocks at offset 6782976
10-23 23:55:09.015   189   189 D vold    : Copying 8 blocks at offset 6815744
10-23 23:55:09.015   189   189 D vold    : Copying 8 blocks at offset 6848512
10-23 23:55:09.015   189   189 D vold    : Copying 8 blocks at offset 6881280
10-23 23:55:09.015   189   189 D vold    : Copying 8 blocks at offset 6914048
10-23 23:55:09.015   189   189 D vold    : Copying 8 blocks at offset 6946816
10-23 23:55:09.015   189   189 D vold    : Copying 8 blocks at offset 6979584
10-23 23:55:09.015   189   189 D vold    : Copying 8 blocks at offset 7012352
10-23 23:55:09.015   189   189 D vold    : Copying 8 blocks at offset 7045120
10-23 23:55:09.015   189   189 D vold    : Copying 8 blocks at offset 7077888
10-23 23:55:09.015   189   189 D vold    : Copying 8 blocks at offset 7110656
10-23 23:55:09.015   189   189 D vold    : Copying 8 blocks at offset 7143424
10-23 23:55:09.015   189   189 D vold    : Copying 8 blocks at offset 7176192
10-23 23:55:09.015   189   189 D vold    : Copying 8 blocks at offset 7208960
10-23 23:55:09.016   189   189 D vold    : Copying 8 blocks at offset 7241728
10-23 23:55:09.016   189   189 D vold    : Copying 8 blocks at offset 7274496
10-23 23:55:09.016   189   189 D vold    : Copying 8 blocks at offset 7307264
10-23 23:55:09.016   189   189 D vold    : Copying 8 blocks at offset 7340032
10-23 23:55:09.016   189   189 D vold    : Copying 8 blocks at offset 7372800
10-23 23:55:09.016   189   189 D vold    : Copying 8 blocks at offset 7405568
10-23 23:55:09.016   189   189 D vold    : Copying 8 blocks at offset 7438336
10-23 23:55:09.016   189   189 D vold    : Copying 8 blocks at offset 7471104
10-23 23:55:09.016   189   189 D vold    : Copying 8 blocks at offset 7503872
10-23 23:55:09.016   189   189 D vold    : Copying 8 blocks at offset 7536640
10-23 23:55:09.016   189   189 D vold    : Copying 8 blocks at offset 7569408
10-23 23:55:09.017   189   189 D vold    : Copying 8 blocks at offset 7602176
10-23 23:55:09.017   189   189 D vold    : Copying 8 blocks at offset 7634944
10-23 23:55:09.017   189   189 D vold    : Copying 8 blocks at offset 7667712
10-23 23:55:09.017   189   189 D vold    : Copying 8 blocks at offset 7700480
10-23 23:55:09.017   189   189 D vold    : Copying 8 blocks at offset 7733248
10-23 23:55:09.018   189   189 D vold    : Copying 8 blocks at offset 7766016
10-23 23:55:09.018   189   189 D vold    : Copying 8 blocks at offset 7798784
10-23 23:55:09.018   189   189 D vold    : Copying 8 blocks at offset 7831552
10-23 23:55:09.018   189   189 D vold    : Copying 8 blocks at offset 7864320
10-23 23:55:09.019   189   189 D vold    : Copying 8 blocks at offset 7897088
10-23 23:55:09.019   189   189 D vold    : Copying 8 blocks at offset 7929856
10-23 23:55:09.019   189   189 D vold    : Copying 8 blocks at offset 7962624
10-23 23:55:09.019   189   189 D vold    : Copying 8 blocks at offset 7995392
10-23 23:55:09.019   189   189 D vold    : Copying 8 blocks at offset 8028160
10-23 23:55:09.019   189   189 D vold    : Copying 8 blocks at offset 8060928
10-23 23:55:09.019   189   189 D vold    : Copying 8 blocks at offset 8093696
10-23 23:55:09.019   189   189 D vold    : Copying 8 blocks at offset 8126464
10-23 23:55:09.019   189   189 D vold    : Copying 8 blocks at offset 8159232
10-23 23:55:09.019   189   189 D vold    : Copying 8 blocks at offset 8192000
10-23 23:55:09.019   189   189 D vold    : Copying 8 blocks at offset 8224768
10-23 23:55:09.019   189   189 D vold    : Copying 8 blocks at offset 8257536
10-23 23:55:09.019   189   189 D vold    : Copying 8 blocks at offset 8290304
10-23 23:55:09.019   189   189 D vold    : Copying 8 blocks at offset 8323072
10-23 23:55:09.019   189   189 D vold    : Copying 8 blocks at offset 8355840
10-23 23:55:09.019   189   189 D vold    : Copying 8 blocks at offset 8388608
10-23 23:55:09.019   189   189 D vold    : Copying 8 blocks at offset 8421376
10-23 23:55:09.019   189   189 D vold    : Copying 8 blocks at offset 8454144
10-23 23:55:09.019   189   189 D vold    : Copying 8 blocks at offset 8486912
10-23 23:55:09.019   189   189 D vold    : Copying 8 blocks at offset 8519680
10-23 23:55:09.019   189   189 D vold    : Copying 8 blocks at offset 8552448
10-23 23:55:09.019   189   189 D vold    : Copying 8 blocks at offset 8585216
10-23 23:55:09.019   189   189 D vold    : Copying 8 blocks at offset 8617984
10-23 23:55:09.019   189   189 D vold    : Copying 8 blocks at offset 8650752
10-23 23:55:09.020   189   189 D vold    : Copying 8 blocks at offset 8683520
10-23 23:55:09.020   189   189 D vold    : Copying 8 blocks at offset 8716288
10-23 23:55:09.020   189   189 D vold    : Copying 8 blocks at offset 8749056
10-23 23:55:09.020   189   189 D vold    : Copying 8 blocks at offset 8781824
10-23 23:55:09.021     0     0 I init    : [libfs_mgr]check_fs(): unmount(/data) succeeded
10-23 23:55:09.021   189   189 D vold    : Copying 8 blocks at offset 8814592
10-23 23:55:09.021   189   189 D vold    : Copying 8 blocks at offset 8847360
10-23 23:55:09.021   189   189 D vold    : Copying 8 blocks at offset 8880128
10-23 23:55:09.021   189   189 D vold    : Copying 8 blocks at offset 8912896
10-23 23:55:09.021   189   189 D vold    : Copying 8 blocks at offset 8945664
10-23 23:55:09.021   189   189 D vold    : Copying 8 blocks at offset 8978432
10-23 23:55:09.021   189   189 D vold    : Copying 8 blocks at offset 9011200
10-23 23:55:09.021   189   189 D vold    : Copying 8 blocks at offset 9043968
10-23 23:55:09.021   189   189 D vold    : Copying 8 blocks at offset 9076736
10-23 23:55:09.021   189   189 D vold    : Copying 8 blocks at offset 9109504
10-23 23:55:09.021   189   189 D vold    : Copying 8 blocks at offset 9142272
10-23 23:55:09.021   189   189 D vold    : Copying 8 blocks at offset 9175040
10-23 23:55:09.022   189   189 D vold    : Copying 8 blocks at offset 9207808
10-23 23:55:09.022   189   189 D vold    : Copying 8 blocks at offset 9240576
10-23 23:55:09.022   189   189 D vold    : Copying 8 blocks at offset 9273344
10-23 23:55:09.022   189   189 D vold    : Copying 8 blocks at offset 9306112
10-23 23:55:09.022   189   189 D vold    : Copying 8 blocks at offset 9338880
10-23 23:55:09.022   189   189 D vold    : Copying 8 blocks at offset 9371648
10-23 23:55:09.022   189   189 D vold    : Copying 8 blocks at offset 9404416
10-23 23:55:09.022   189   189 D vold    : Copying 8 blocks at offset 9437184
10-23 23:55:09.022   189   189 D vold    : Copying 8 blocks at offset 9469952
10-23 23:55:09.022   189   189 D vold    : Copying 8 blocks at offset 9502720
10-23 23:55:09.022   189   189 D vold    : Copying 8 blocks at offset 9535488
10-23 23:55:09.022     0     0 I init    : [libfs_mgr]Running /system/bin/e2fsck on /dev/block/vdc
10-23 23:55:09.022   189   189 D vold    : Copying 8 blocks at offset 9568256
10-23 23:55:09.022   189   189 D vold    : Copying 8 blocks at offset 9601024
10-23 23:55:09.022   189   189 D vold    : Copying 8 blocks at offset 9633792
10-23 23:55:09.022   189   189 D vold    : Copying 8 blocks at offset 9666560
10-23 23:55:09.023   189   189 D vold    : Copying 8 blocks at offset 9699328
10-23 23:55:09.023   189   189 D vold    : Copying 8 blocks at offset 9732096
10-23 23:55:09.023   189   189 D vold    : Copying 8 blocks at offset 9764864
10-23 23:55:09.023   189   189 D vold    : Copying 8 blocks at offset 9797632
10-23 23:55:09.023   189   189 D vold    : Copying 8 blocks at offset 9830400
10-23 23:55:09.025   189   189 D vold    : Copying 8 blocks at offset 9863168
10-23 23:55:09.025   189   189 D vold    : Copying 8 blocks at offset 9895936
10-23 23:55:09.025   189   189 D vold    : Copying 8 blocks at offset 9928704
10-23 23:55:09.025   189   189 D vold    : Copying 8 blocks at offset 9961472
10-23 23:55:09.025   189   189 D vold    : Copying 8 blocks at offset 9994240
10-23 23:55:09.025   189   189 D vold    : Copying 8 blocks at offset 10027008
10-23 23:55:09.025   189   189 D vold    : Copying 8 blocks at offset 10059776
10-23 23:55:09.025   189   189 D vold    : Copying 8 blocks at offset 10092544
10-23 23:55:09.025   189   189 D vold    : Copying 8 blocks at offset 10125312
10-23 23:55:09.025   189   189 D vold    : Copying 8 blocks at offset 10158080
10-23 23:55:09.025   189   189 D vold    : Copying 8 blocks at offset 10190848
10-23 23:55:09.026   189   189 D vold    : Copying 8 blocks at offset 10223616
10-23 23:55:09.026   189   189 D vold    : Copying 8 blocks at offset 10256384
10-23 23:55:09.026   189   189 D vold    : Copying 8 blocks at offset 10289152
10-23 23:55:09.026   189   189 D vold    : Copying 8 blocks at offset 10321920
10-23 23:55:09.026   189   189 D vold    : Copying 8 blocks at offset 10354688
10-23 23:55:09.026   189   189 D vold    : Copying 8 blocks at offset 10387456
10-23 23:55:09.026   189   189 D vold    : Copying 8 blocks at offset 10420224
10-23 23:55:09.026   189   189 D vold    : Copying 8 blocks at offset 10452992
10-23 23:55:09.026   189   189 D vold    : Copying 8 blocks at offset 10485760
10-23 23:55:09.026   189   189 D vold    : Copying 8 blocks at offset 10518528
10-23 23:55:09.026   189   189 D vold    : Copying 8 blocks at offset 10551296
10-23 23:55:09.026   189   189 D vold    : Copying 8 blocks at offset 10584064
10-23 23:55:09.026   189   189 D vold    : Copying 8 blocks at offset 10616832
10-23 23:55:09.026   189   189 D vold    : Copying 8 blocks at offset 10649600
10-23 23:55:09.026   189   189 D vold    : Copying 8 blocks at offset 10682368
10-23 23:55:09.026   189   189 D vold    : Copying 8 blocks at offset 10715136
10-23 23:55:09.027   189   189 D vold    : Copying 8 blocks at offset 10747904
10-23 23:55:09.027   189   189 D vold    : Copying 8 blocks at offset 10780672
10-23 23:55:09.027   189   189 D vold    : Copying 8 blocks at offset 10813440
10-23 23:55:09.027   189   189 D vold    : Copying 8 blocks at offset 10846208
10-23 23:55:09.027   189   189 D vold    : Copying 8 blocks at offset 10878976
10-23 23:55:09.028   189   189 D vold    : Copying 8 blocks at offset 10911744
10-23 23:55:09.028   189   189 D vold    : Copying 8 blocks at offset 10944512
10-23 23:55:09.028   189   189 D vold    : Copying 8 blocks at offset 10977280
10-23 23:55:09.028   189   189 D vold    : Copying 8 blocks at offset 11010048
10-23 23:55:09.028   189   189 D vold    : Copying 8 blocks at offset 11042816
10-23 23:55:09.028   189   189 D vold    : Copying 8 blocks at offset 11075584
10-23 23:55:09.029   189   189 D vold    : Copying 8 blocks at offset 11108352
10-23 23:55:09.029   189   189 D vold    : Copying 8 blocks at offset 11141120
10-23 23:55:09.029   189   189 D vold    : Copying 8 blocks at offset 11173888
10-23 23:55:09.029   189   189 D vold    : Copying 8 blocks at offset 11206656
10-23 23:55:09.029   189   189 D vold    : Copying 8 blocks at offset 11239424
10-23 23:55:09.029   189   189 D vold    : Copying 8 blocks at offset 11272192
10-23 23:55:09.029   189   189 D vold    : Copying 8 blocks at offset 11304960
10-23 23:55:09.029   189   189 D vold    : Copying 8 blocks at offset 11337728
10-23 23:55:09.029   189   189 D vold    : Copying 8 blocks at offset 11370496
10-23 23:55:09.029   189   189 D vold    : Copying 8 blocks at offset 11403264
10-23 23:55:09.029   189   189 D vold    : Copying 8 blocks at offset 11436032
10-23 23:55:09.029   189   189 D vold    : Copying 8 blocks at offset 11468800
10-23 23:55:09.029   189   189 D vold    : Copying 8 blocks at offset 11501568
10-23 23:55:09.029   189   189 D vold    : Copying 8 blocks at offset 11534336
10-23 23:55:09.029   189   189 D vold    : Copying 8 blocks at offset 11567104
10-23 23:55:09.030   189   189 D vold    : Copying 8 blocks at offset 11599872
10-23 23:55:09.030   189   189 D vold    : Copying 8 blocks at offset 11632640
10-23 23:55:09.030   189   189 D vold    : Copying 8 blocks at offset 11665408
10-23 23:55:09.030   189   189 D vold    : Copying 8 blocks at offset 11698176
10-23 23:55:09.030   189   189 D vold    : Copying 8 blocks at offset 11730944
10-23 23:55:09.031   189   189 D vold    : Copying 8 blocks at offset 11763712
10-23 23:55:09.031   189   189 D vold    : Copying 8 blocks at offset 11796480
10-23 23:55:09.031   189   189 D vold    : Copying 8 blocks at offset 11829248
10-23 23:55:09.031   189   189 D vold    : Copying 8 blocks at offset 11862016
10-23 23:55:09.031   189   189 D vold    : Copying 8 blocks at offset 11894784
10-23 23:55:09.031   189   189 D vold    : Copying 8 blocks at offset 11927552
10-23 23:55:09.033   189   189 D vold    : Copying 8 blocks at offset 11960320
10-23 23:55:09.033   189   189 D vold    : Copying 8 blocks at offset 11993088
10-23 23:55:09.033   189   189 D vold    : Copying 8 blocks at offset 12025856
10-23 23:55:09.033   189   189 D vold    : Copying 8 blocks at offset 12058624
10-23 23:55:09.033   189   189 D vold    : Copying 8 blocks at offset 12091392
10-23 23:55:09.033   189   189 D vold    : Copying 8 blocks at offset 12124160
10-23 23:55:09.033   189   189 D vold    : Copying 8 blocks at offset 12156928
10-23 23:55:09.033   189   189 D vold    : Copying 8 blocks at offset 12189696
10-23 23:55:09.033   189   189 D vold    : Copying 8 blocks at offset 12222464
10-23 23:55:09.033   189   189 D vold    : Copying 8 blocks at offset 12255232
10-23 23:55:09.033   189   189 D vold    : Copying 8 blocks at offset 12288000
10-23 23:55:09.033   189   189 D vold    : Copying 8 blocks at offset 12320768
10-23 23:55:09.034   189   189 D vold    : Copying 8 blocks at offset 12353536
10-23 23:55:09.034   189   189 D vold    : Copying 8 blocks at offset 12386304
10-23 23:55:09.034   189   189 D vold    : Copying 8 blocks at offset 12419072
10-23 23:55:09.034   189   189 D vold    : Copying 8 blocks at offset 12451840
10-23 23:55:09.034   189   189 D vold    : Copying 8 blocks at offset 12484608
10-23 23:55:09.034   189   189 D vold    : Copying 8 blocks at offset 12517376
10-23 23:55:09.034   189   189 D vold    : Copying 8 blocks at offset 12550144
10-23 23:55:09.034   189   189 D vold    : Copying 8 blocks at offset 12582912
10-23 23:55:09.034   189   189 D vold    : Copying 8 blocks at offset 12615680
10-23 23:55:09.034   189   189 D vold    : Copying 8 blocks at offset 12648448
10-23 23:55:09.034   189   189 D vold    : Copying 8 blocks at offset 12681216
10-23 23:55:09.034   189   189 D vold    : Copying 8 blocks at offset 12713984
10-23 23:55:09.034   189   189 D vold    : Copying 8 blocks at offset 12746752
10-23 23:55:09.034   189   189 D vold    : Copying 8 blocks at offset 12779520
10-23 23:55:09.035   189   189 D vold    : Copying 8 blocks at offset 12812288
10-23 23:55:09.035     0     0 I e2fsck  : e2fsck 1.45.4 (23-Sep-2019)
10-23 23:55:09.035   189   189 D vold    : Copying 8 blocks at offset 12845056
10-23 23:55:09.035   189   189 D vold    : Copying 8 blocks at offset 12877824
10-23 23:55:09.035   189   189 D vold    : Copying 8 blocks at offset 12910592
10-23 23:55:09.035   189   189 D vold    : Copying 8 blocks at offset 12943360
10-23 23:55:09.035   189   189 D vold    : Copying 8 blocks at offset 12976128
10-23 23:55:09.037   189   189 D vold    : Copying 8 blocks at offset 13008896
10-23 23:55:09.037   189   189 D vold    : Copying 8 blocks at offset 13041664
10-23 23:55:09.037   189   189 D vold    : Copying 8 blocks at offset 13074432
10-23 23:55:09.037   189   189 D vold    : Copying 8 blocks at offset 13107200
10-23 23:55:09.037   189   189 D vold    : Copying 8 blocks at offset 13139968
10-23 23:55:09.037   189   189 D vold    : Copying 8 blocks at offset 13172736
10-23 23:55:09.037   189   189 D vold    : Copying 8 blocks at offset 13205504
10-23 23:55:09.038   189   189 D vold    : Copying 8 blocks at offset 13238272
10-23 23:55:09.038   189   189 D vold    : Copying 8 blocks at offset 13271040
10-23 23:55:09.038   189   189 D vold    : Copying 8 blocks at offset 13303808
10-23 23:55:09.038   189   189 D vold    : Copying 8 blocks at offset 13336576
10-23 23:55:09.038   189   189 D vold    : Copying 8 blocks at offset 13369344
10-23 23:55:09.038   189   189 D vold    : Copying 8 blocks at offset 13402112
10-23 23:55:09.038   189   189 D vold    : Copying 8 blocks at offset 13434880
10-23 23:55:09.038   189   189 D vold    : Copying 8 blocks at offset 13467648
10-23 23:55:09.038   189   189 D vold    : Copying 8 blocks at offset 13500416
10-23 23:55:09.038   189   189 D vold    : Copying 8 blocks at offset 13533184
10-23 23:55:09.038   189   189 D vold    : Copying 8 blocks at offset 13565952
10-23 23:55:09.039   189   189 D vold    : Copying 8 blocks at offset 13598720
10-23 23:55:09.039   189   189 D vold    : Copying 8 blocks at offset 13631488
10-23 23:55:09.039   189   189 D vold    : Copying 8 blocks at offset 13664256
10-23 23:55:09.039   189   189 D vold    : Copying 8 blocks at offset 13697024
10-23 23:55:09.039   189   189 D vold    : Copying 8 blocks at offset 13729792
10-23 23:55:09.039   189   189 D vold    : Copying 8 blocks at offset 13762560
10-23 23:55:09.039   189   189 D vold    : Copying 8 blocks at offset 13795328
10-23 23:55:09.039   189   189 D vold    : Copying 8 blocks at offset 13828096
10-23 23:55:09.039   189   189 D vold    : Copying 8 blocks at offset 13860864
10-23 23:55:09.039   189   189 D vold    : Copying 8 blocks at offset 13893632
10-23 23:55:09.039   189   189 D vold    : Copying 8 blocks at offset 13926400
10-23 23:55:09.039   189   189 D vold    : Copying 8 blocks at offset 13959168
10-23 23:55:09.039   189   189 D vold    : Copying 8 blocks at offset 13991936
10-23 23:55:09.039     0     0 I e2fsck  : Pass 1: Checking inodes, blocks, and sizes
10-23 23:55:09.039   189   189 D vold    : Copying 8 blocks at offset 14024704
10-23 23:55:09.039   189   189 D vold    : Copying 8 blocks at offset 14057472
10-23 23:55:09.039   189   189 D vold    : Copying 8 blocks at offset 14090240
10-23 23:55:09.040   189   189 D vold    : Copying 8 blocks at offset 14123008
10-23 23:55:09.040   189   189 D vold    : Copying 8 blocks at offset 14155776
10-23 23:55:09.040   189   189 D vold    : Copying 8 blocks at offset 14188544
10-23 23:55:09.040   189   189 D vold    : Copying 8 blocks at offset 14221312
10-23 23:55:09.041   189   189 D vold    : Copying 8 blocks at offset 14254080
10-23 23:55:09.041   189   189 D vold    : Copying 8 blocks at offset 14286848
10-23 23:55:09.041   189   189 D vold    : Copying 8 blocks at offset 14319616
10-23 23:55:09.041   189   189 D vold    : Copying 8 blocks at offset 14352384
10-23 23:55:09.041   189   189 D vold    : Copying 8 blocks at offset 14385152
10-23 23:55:09.041   189   189 D vold    : Copying 8 blocks at offset 14417920
10-23 23:55:09.041   189   189 D vold    : Copying 8 blocks at offset 14450688
10-23 23:55:09.041   189   189 D vold    : Copying 8 blocks at offset 14483456
10-23 23:55:09.041   189   189 D vold    : Copying 8 blocks at offset 14516224
10-23 23:55:09.041   189   189 D vold    : Copying 8 blocks at offset 14548992
10-23 23:55:09.042   189   189 D vold    : Copying 8 blocks at offset 14581760
10-23 23:55:09.042   189   189 D vold    : Copying 8 blocks at offset 14614528
10-23 23:55:09.042   189   189 D vold    : Copying 8 blocks at offset 14647296
10-23 23:55:09.042   189   189 D vold    : Copying 8 blocks at offset 14680064
10-23 23:55:09.042   189   189 D vold    : Copying 8 blocks at offset 14712832
10-23 23:55:09.042   189   189 D vold    : Copying 8 blocks at offset 14745600
10-23 23:55:09.042   189   189 D vold    : Copying 8 blocks at offset 14778368
10-23 23:55:09.042   189   189 D vold    : Copying 8 blocks at offset 14811136
10-23 23:55:09.042   189   189 D vold    : Copying 8 blocks at offset 14843904
10-23 23:55:09.042   189   189 D vold    : Copying 8 blocks at offset 14876672
10-23 23:55:09.042   189   189 D vold    : Copying 8 blocks at offset 14909440
10-23 23:55:09.042   189   189 D vold    : Copying 8 blocks at offset 14942208
10-23 23:55:09.042   189   189 D vold    : Copying 8 blocks at offset 14974976
10-23 23:55:09.042   189   189 D vold    : Copying 8 blocks at offset 15007744
10-23 23:55:09.042   189   189 D vold    : Copying 8 blocks at offset 15040512
10-23 23:55:09.043   189   189 D vold    : Copying 8 blocks at offset 15073280
10-23 23:55:09.043   189   189 D vold    : Copying 8 blocks at offset 15106048
10-23 23:55:09.043   189   189 D vold    : Copying 8 blocks at offset 15138816
10-23 23:55:09.044   189   189 D vold    : Copying 8 blocks at offset 15171584
10-23 23:55:09.044   189   189 D vold    : Copying 8 blocks at offset 15204352
10-23 23:55:09.044   189   189 D vold    : Copying 8 blocks at offset 15237120
10-23 23:55:09.044   189   189 D vold    : Copying 8 blocks at offset 15269888
10-23 23:55:09.044   189   189 D vold    : Copying 8 blocks at offset 15302656
10-23 23:55:09.045   189   189 D vold    : Copying 8 blocks at offset 15335424
10-23 23:55:09.045   189   189 D vold    : Copying 8 blocks at offset 15368192
10-23 23:55:09.046   189   189 D vold    : Copying 8 blocks at offset 15400960
10-23 23:55:09.046   189   189 D vold    : Copying 8 blocks at offset 15433728
10-23 23:55:09.046   189   189 D vold    : Copying 8 blocks at offset 15466496
10-23 23:55:09.046   189   189 D vold    : Copying 8 blocks at offset 15499264
10-23 23:55:09.046   189   189 D vold    : Copying 8 blocks at offset 15532032
10-23 23:55:09.046   189   189 D vold    : Copying 8 blocks at offset 15564800
10-23 23:55:09.046   189   189 D vold    : Copying 8 blocks at offset 15597568
10-23 23:55:09.046   189   189 D vold    : Copying 8 blocks at offset 15630336
10-23 23:55:09.046   189   189 D vold    : Copying 8 blocks at offset 15663104
10-23 23:55:09.046   189   189 D vold    : Copying 8 blocks at offset 15695872
10-23 23:55:09.046   189   189 D vold    : Copying 8 blocks at offset 15728640
10-23 23:55:09.046   189   189 D vold    : Copying 8 blocks at offset 15761408
10-23 23:55:09.046   189   189 D vold    : Copying 8 blocks at offset 15794176
10-23 23:55:09.046   189   189 D vold    : Copying 8 blocks at offset 15826944
10-23 23:55:09.047   189   189 D vold    : Copying 8 blocks at offset 15859712
10-23 23:55:09.047   189   189 D vold    : Copying 8 blocks at offset 15892480
10-23 23:55:09.047   189   189 D vold    : Copying 8 blocks at offset 15925248
10-23 23:55:09.047   189   189 D vold    : Copying 8 blocks at offset 15958016
10-23 23:55:09.047   189   189 D vold    : Copying 8 blocks at offset 15990784
10-23 23:55:09.047   189   189 D vold    : Copying 8 blocks at offset 16023552
10-23 23:55:09.047   189   189 D vold    : Copying 8 blocks at offset 16056320
10-23 23:55:09.047   189   189 D vold    : Copying 8 blocks at offset 16089088
10-23 23:55:09.047   189   189 D vold    : Copying 8 blocks at offset 16121856
10-23 23:55:09.047   189   189 D vold    : Copying 8 blocks at offset 16154624
10-23 23:55:09.048   189   189 D vold    : Copying 8 blocks at offset 16187392
10-23 23:55:09.049   189   189 D vold    : Copying 8 blocks at offset 16220160
10-23 23:55:09.049   189   189 D vold    : Copying 8 blocks at offset 16252928
10-23 23:55:09.050   189   189 D vold    : Copying 8 blocks at offset 16285696
10-23 23:55:09.050   189   189 D vold    : Copying 8 blocks at offset 16318464
10-23 23:55:09.050   189   189 D vold    : Copying 8 blocks at offset 16351232
10-23 23:55:09.050   189   189 D vold    : Copying 8 blocks at offset 16384000
10-23 23:55:09.050   189   189 D vold    : Copying 8 blocks at offset 16416768
10-23 23:55:09.050   189   189 D vold    : Copying 8 blocks at offset 16449536
10-23 23:55:09.050   189   189 D vold    : Copying 8 blocks at offset 16482304
10-23 23:55:09.051   189   189 D vold    : Copying 8 blocks at offset 16515072
10-23 23:55:09.051   189   189 D vold    : Copying 8 blocks at offset 16547840
10-23 23:55:09.051   189   189 D vold    : Copying 8 blocks at offset 16580608
10-23 23:55:09.051   189   189 D vold    : Copying 8 blocks at offset 16613376
10-23 23:55:09.051   189   189 D vold    : Copying 8 blocks at offset 16646144
10-23 23:55:09.051   189   189 D vold    : Copying 8 blocks at offset 16678912
10-23 23:55:09.051   189   189 D vold    : Copying 8 blocks at offset 16711680
